Component: ARM Compiler 5.06 update 6 (build 750) Tool: armlink [4d35ed]

==============================================================================

Section Cross References

    startup_stm32f103xe.o(RESET) refers to startup_stm32f103xe.o(STACK) for __initial_sp
    startup_stm32f103xe.o(RESET) refers to startup_stm32f103xe.o(.text) for Reset_Handler
    startup_stm32f103xe.o(RESET) refers to stm32f1xx_it.o(i.NMI_Handler) for NMI_Handler
    startup_stm32f103xe.o(RESET) refers to stm32f1xx_it.o(i.HardFault_Handler) for HardFault_Handler
    startup_stm32f103xe.o(RESET) refers to stm32f1xx_it.o(i.MemManage_Handler) for MemManage_Handler
    startup_stm32f103xe.o(RESET) refers to stm32f1xx_it.o(i.BusFault_Handler) for BusFault_Handler
    startup_stm32f103xe.o(RESET) refers to stm32f1xx_it.o(i.UsageFault_Handler) for UsageFault_Handler
    startup_stm32f103xe.o(RESET) refers to stm32f1xx_it.o(i.SVC_Handler) for SVC_Handler
    startup_stm32f103xe.o(RESET) refers to stm32f1xx_it.o(i.DebugMon_Handler) for DebugMon_Handler
    startup_stm32f103xe.o(RESET) refers to stm32f1xx_it.o(i.PendSV_Handler) for PendSV_Handler
    startup_stm32f103xe.o(RESET) refers to stm32f1xx_it.o(i.SysTick_Handler) for SysTick_Handler
    startup_stm32f103xe.o(.text) refers to system_stm32f1xx.o(i.SystemInit) for SystemInit
    startup_stm32f103xe.o(.text) refers to entry.o(.ARM.Collect$$$$00000000) for __main
    main.o(i.SystemClock_Config) refers to stm32f1xx_hal_rcc.o(i.HAL_RCC_OscConfig) for HAL_RCC_OscConfig
    main.o(i.SystemClock_Config) refers to stm32f1xx_hal_rcc.o(i.HAL_RCC_ClockConfig) for HAL_RCC_ClockConfig
    main.o(i.SystemClock_Config) refers to main.o(i._Error_Handler) for _Error_Handler
    main.o(i.SystemClock_Config) refers to stm32f1xx_hal_rcc.o(i.HAL_RCC_GetHCLKFreq) for HAL_RCC_GetHCLKFreq
    main.o(i.SystemClock_Config) refers to stm32f1xx_hal_cortex.o(i.HAL_SYSTICK_Config) for HAL_SYSTICK_Config
    main.o(i.SystemClock_Config) refers to stm32f1xx_hal_cortex.o(i.HAL_SYSTICK_CLKSourceConfig) for HAL_SYSTICK_CLKSourceConfig
    main.o(i.SystemClock_Config) refers to stm32f1xx_hal_cortex.o(i.HAL_NVIC_SetPriority) for HAL_NVIC_SetPriority
    main.o(i._Error_Handler) refers to printf5.o(i.__0printf$5) for __2printf
    main.o(i.main) refers to stm32f1xx_hal.o(i.HAL_Init) for HAL_Init
    main.o(i.main) refers to main.o(i.SystemClock_Config) for SystemClock_Config
    main.o(i.main) refers to gpio.o(i.MX_GPIO_Init) for MX_GPIO_Init
    main.o(i.main) refers to usart.o(i.MX_USART1_UART_Init) for MX_USART1_UART_Init
    main.o(i.main) refers to fsmc.o(i.MX_FSMC_Init) for MX_FSMC_Init
    main.o(i.main) refers to sdio.o(i.MX_SDIO_SD_Init) for MX_SDIO_SD_Init
    main.o(i.main) refers to printf5.o(i.__0printf$5) for __2printf
    main.o(i.main) refers to memseta.o(.text) for __aeabi_memclr4
    main.o(i.main) refers to stm32f1xx_hal_sd.o(i.HAL_SD_GetCardState) for HAL_SD_GetCardState
    main.o(i.main) refers to cuigui_lcddriver.o(i.CUIGUI_Init) for CUIGUI_Init
    main.o(i.main) refers to list4_malloc.o(i.List4_Malloc_Init) for List4_Malloc_Init
    main.o(i.main) refers to gui.o(i.CUIGUI_SetFont) for CUIGUI_SetFont
    main.o(i.main) refers to cuigui_button.o(i.NewButton) for NewButton
    main.o(i.main) refers to cuigui_slider.o(i.NewSlider) for NewSlider
    main.o(i.main) refers to stm32f1xx_hal_sd.o(i.HAL_SD_GetCardCID) for HAL_SD_GetCardCID
    main.o(i.main) refers to sdio.o(.bss) for hsd
    main.o(i.main) refers to list4_malloc.o(.bss) for list4mallocArray
    main.o(i.main) refers to list4_malloc.o(.bss) for list4mess
    main.o(i.main) refers to songti24.o(.constdata) for GUI_Fontsongti24
    gpio.o(i.MX_GPIO_Init) refers to stm32f1xx_hal_gpio.o(i.HAL_GPIO_WritePin) for HAL_GPIO_WritePin
    gpio.o(i.MX_GPIO_Init) refers to stm32f1xx_hal_gpio.o(i.HAL_GPIO_Init) for HAL_GPIO_Init
    fsmc.o(i.HAL_FSMC_MspInit) refers to stm32f1xx_hal_gpio.o(i.HAL_GPIO_Init) for HAL_GPIO_Init
    fsmc.o(i.HAL_FSMC_MspInit) refers to fsmc.o(.data) for .data
    fsmc.o(i.HAL_SRAM_MspDeInit) refers to stm32f1xx_hal_gpio.o(i.HAL_GPIO_DeInit) for HAL_GPIO_DeInit
    fsmc.o(i.HAL_SRAM_MspDeInit) refers to fsmc.o(.data) for .data
    fsmc.o(i.HAL_SRAM_MspInit) refers to fsmc.o(i.HAL_FSMC_MspInit) for HAL_FSMC_MspInit
    fsmc.o(i.MX_FSMC_Init) refers to stm32f1xx_hal_sram.o(i.HAL_SRAM_Init) for HAL_SRAM_Init
    fsmc.o(i.MX_FSMC_Init) refers to main.o(i._Error_Handler) for _Error_Handler
    fsmc.o(i.MX_FSMC_Init) refers to fsmc.o(.bss) for .bss
    sdio.o(i.HAL_SD_MspDeInit) refers to stm32f1xx_hal_gpio.o(i.HAL_GPIO_DeInit) for HAL_GPIO_DeInit
    sdio.o(i.HAL_SD_MspInit) refers to stm32f1xx_hal_gpio.o(i.HAL_GPIO_Init) for HAL_GPIO_Init
    sdio.o(i.MX_SDIO_SD_Init) refers to stm32f1xx_hal_sd.o(i.HAL_SD_Init) for HAL_SD_Init
    sdio.o(i.MX_SDIO_SD_Init) refers to main.o(i._Error_Handler) for _Error_Handler
[...]
    Removing microsoftyaheiascii24.o(.constdata), (48 bytes).
    Removing microsoftyaheiascii24.o(.constdata), (48 bytes).
    Removing microsoftyaheiascii24.o(.constdata), (48 bytes).
    Removing microsoftyaheiascii24.o(.constdata), (48 bytes).
    Removing microsoftyaheiascii24.o(.constdata), (48 bytes).
    Removing microsoftyaheiascii24.o(.constdata), (48 bytes).
    Removing microsoftyaheiascii24.o(.constdata), (48 bytes).
    Removing microsoftyaheiascii24.o(.constdata), (48 bytes).
    Removing microsoftyaheiascii24.o(.constdata), (48 bytes).
    Removing microsoftyaheiascii24.o(.constdata), (48 bytes).
    Removing microsoftyaheiascii24.o(.constdata), (48 bytes).
    Removing microsoftyaheiascii24.o(.constdata), (48 bytes).
    Removing microsoftyaheiascii24.o(.constdata), (48 bytes).
    Removing microsoftyaheiascii24.o(.constdata), (48 bytes).
    Removing microsoftyaheiascii24.o(.constdata), (48 bytes).
    Removing microsoftyaheiascii24.o(.constdata), (48 bytes).
    Removing microsoftyaheiascii24.o(.constdata), (48 bytes).
    Removing microsoftyaheiascii24.o(.constdata), (48 bytes).
    Removing microsoftyaheiascii24.o(.constdata), (48 bytes).
    Removing microsoftyaheiascii24.o(.constdata), (48 bytes).
    Removing microsoftyaheiascii24.o(.constdata), (48 bytes).
    Removing microsoftyaheiascii24.o(.constdata), (48 bytes).
    Removing microsoftyaheiascii24.o(.constdata), (48 bytes).
    Removing microsoftyaheiascii24.o(.constdata), (48 bytes).
    Removing microsoftyaheiascii24.o(.constdata), (48 bytes).
    Removing microsoftyaheiascii24.o(.constdata), (48 bytes).
    Removing microsoftyaheiascii24.o(.constdata), (48 bytes).
    Removing microsoftyaheiascii24.o(.constdata), (48 bytes).
    Removing microsoftyaheiascii24.o(.constdata), (48 bytes).
    Removing microsoftyaheiascii24.o(.constdata), (48 bytes).
    Removing microsoftyaheiascii24.o(.constdata), (48 bytes).
    Removing microsoftyaheiascii24.o(.constdata), (48 bytes).
    Removing microsoftyaheiascii24.o(.constdata), (48 bytes).
    Removing microsoftyaheiascii24.o(.constdata), (48 bytes).
    Removing microsoftyaheiascii24.o(.constdata), (48 bytes).
    Removing microsoftyaheiascii24.o(.constdata), (48 bytes).
    Removing microsoftyaheiascii24.o(.constdata), (48 bytes).
    Removing microsoftyaheiascii24.o(.constdata), (48 bytes).
    Removing microsoftyaheiascii24.o(.constdata), (48 bytes).
    Removing microsoftyaheiascii24.o(.constdata), (48 bytes).
    Removing microsoftyaheiascii24.o(.constdata), (48 bytes).
    Removing microsoftyaheiascii24.o(.constdata), (48 bytes).
    Removing microsoftyaheiascii24.o(.constdata), (1856 bytes).
    Removing microsoftyaheiascii24.o(.constdata), (12 bytes).
    Removing microsoftyaheiascii24.o(.constdata), (12 bytes).
    Removing microsoftyaheiascii24.o(.constdata), (16 bytes).
    Removing cc936.o(.rev16_text), (4 bytes).
    Removing cc936.o(.revsh_text), (4 bytes).
    Removing cc936.o(.rrx_text), (6 bytes).
    Removing cc936.o(i.ff_convert), (68 bytes).
    Removing cc936.o(.constdata), (87172 bytes).
    Removing songti24.o(.rev16_text), (4 bytes).
    Removing songti24.o(.revsh_text), (4 bytes).
    Removing songti24.o(.rrx_text), (6 bytes).
    Removing cuigui_lcddriver.o(.rev16_text), (4 bytes).
    Removing cuigui_lcddriver.o(.revsh_text), (4 bytes).
    Removing cuigui_lcddriver.o(.rrx_text), (6 bytes).
    Removing cuigui_lcddriver.o(i.CUIGUI_DrawLine), (156 bytes).
    Removing cuigui_lcddriver.o(i.CUIGUI_Draw_Circle), (196 bytes).
    Removing cuigui_lcddriver.o(i.CUIGUI_FastDrawPoint), (12 bytes).
    Removing cuigui_lcddriver.o(i.CUIGUI_FastStart), (4 bytes).
    Removing cuigui_lcddriver.o(i.CUIGUI_FastXOR), (16 bytes).
    Removing cuigui_lcddriver.o(i.CUIGUI_ReadPoint), (4 bytes).
    Removing cuigui_lcddriver.o(i.CUIGUI_SetPosition), (4 bytes).
    Removing cuigui_lcddriver.o(i.CUIGUI_XORPoint), (28 bytes).
    Removing cuigui_lcddriver.o(i.DrawFullCircle), (146 bytes).
    Removing cuigui_color.o(.rev16_text), (4 bytes).
    Removing cuigui_color.o(.revsh_text), (4 bytes).
    Removing cuigui_color.o(.rrx_text), (6 bytes).
    Removing cuigui_color.o(i.CUIGUI_GETRGB), (20 bytes).
    Removing cuigui_color.o(i.CUIGUI_GetColor), (16 bytes).
    Removing gui.o(.rev16_text), (4 bytes).
    Removing gui.o(.revsh_text), (4 bytes).
    Removing gui.o(.rrx_text), (6 bytes).
    Removing gui.o(i.CUIGUI_DrawDoubleColorNum), (44 bytes).
    Removing gui.o(i.CUIGUI_DrawDoubleNum), (40 bytes).
    Removing gui.o(i.CUIGUI_DrawNum), (40 bytes).
    Removing gui.o(i.CUIGUI_NumSelect), (196 bytes).
    Removing gui.o(i.CUIGUI_NumSelect2), (136 bytes).
    Removing gui.o(i.DoubletoString), (86 bytes).
    Removing gui.o(i.DoubletoStringSaveZheng), (260 bytes).
    Removing gui.o(i.GetHeightFont), (4 bytes).
    Removing gui.o(i.GetNumOfStr), (28 bytes).
    Removing gui.o(i.GetStrLengthAndSaveSide), (54 bytes).
    Removing gui.o(i.StrtoDouble), (248 bytes).
    Removing gui.o(i.u32_tostr), (94 bytes).
    Removing relative_layout.o(.rev16_text), (4 bytes).
    Removing relative_layout.o(.revsh_text), (4 bytes).
    Removing relative_layout.o(.rrx_text), (6 bytes).
    Removing relative_layout.o(i.RelativeLayout), (88 bytes).
    Removing cuigui_button.o(.rev16_text), (4 bytes).
    Removing cuigui_button.o(.revsh_text), (4 bytes).
    Removing cuigui_button.o(.rrx_text), (6 bytes).
    Removing cuigui_button.o(i.BtDefaultSkin), (4 bytes).
    Removing cuigui_button.o(i.BtDefaultText), (4 bytes).
    Removing cuigui_button.o(i.ButtonSetColor), (6 bytes).
    Removing cuigui_button.o(i.ButtonSetFont), (6 bytes).
    Removing cuigui_slider.o(.rev16_text), (4 bytes).
    Removing cuigui_slider.o(.revsh_text), (4 bytes).
    Removing cuigui_slider.o(.rrx_text), (6 bytes).
    Removing fadd.o(.text), (176 bytes).
    Removing fmul.o(.text), (100 bytes).
    Removing fflti.o(.text), (18 bytes).
    Removing ffltui.o(.text), (10 bytes).
    Removing ffixui.o(.text), (40 bytes).
    Removing f2d.o(.text), (38 bytes).
    Removing cdcmple.o(.text), (48 bytes).
    Removing cdrcmple.o(.text), (48 bytes).
    Removing d2f.o(.text), (56 bytes).
    Removing fepilogue.o(.text), (110 bytes).
    Removing dadd.o(.text), (334 bytes).
    Removing ddiv.o(.text), (222 bytes).
    Removing dfixul.o(.text), (48 bytes).

644 unused section(s) (total 120932 bytes) removed from the image.

==============================================================================

Image Symbol Table

    Local Symbols

    Symbol Name                              Value     Ov Type        Size  Object(Section)

    ..//Src/system_stm32f1xx.c               0x00000000   Number         0  system_stm32f1xx.o ABSOLUTE
    ../Drivers/STM32F1xx_HAL_Driver/Src/stm32f1xx_hal.c 0x00000000   Number         0  stm32f1xx_hal.o ABSOLUTE
    ../Drivers/STM32F1xx_HAL_Driver/Src/stm32f1xx_hal_cortex.c 0x00000000   Number         0  stm32f1xx_hal_cortex.o ABSOLUTE
    ../Drivers/STM32F1xx_HAL_Driver/Src/stm32f1xx_hal_dma.c 0x00000000   Number         0  stm32f1xx_hal_dma.o ABSOLUTE
    ../Drivers/STM32F1xx_HAL_Driver/Src/stm32f1xx_hal_flash.c 0x00000000   Number         0  stm32f1xx_hal_flash.o ABSOLUTE
    ../Drivers/STM32F1xx_HAL_Driver/Src/stm32f1xx_hal_flash_ex.c 0x00000000   Number         0  stm32f1xx_hal_flash_ex.o ABSOLUTE
    ../Drivers/STM32F1xx_HAL_Driver/Src/stm32f1xx_hal_gpio.c 0x00000000   Number         0  stm32f1xx_hal_gpio.o ABSOLUTE
    ../Drivers/STM32F1xx_HAL_Driver/Src/stm32f1xx_hal_gpio_ex.c 0x00000000   Number         0  stm32f1xx_hal_gpio_ex.o ABSOLUTE
    ../Drivers/STM32F1xx_HAL_Driver/Src/stm32f1xx_hal_pwr.c 0x00000000   Number         0  stm32f1xx_hal_pwr.o ABSOLUTE
    ../Drivers/STM32F1xx_HAL_Driver/Src/stm32f1xx_hal_rcc.c 0x00000000   Number         0  stm32f1xx_hal_rcc.o ABSOLUTE
    ../Drivers/STM32F1xx_HAL_Driver/Src/stm32f1xx_hal_rcc_ex.c 0x00000000   Number         0  stm32f1xx_hal_rcc_ex.o ABSOLUTE
    ../Drivers/STM32F1xx_HAL_Driver/Src/stm32f1xx_hal_sd.c 0x00000000   Number         0  stm32f1xx_hal_sd.o ABSOLUTE
    ../Drivers/STM32F1xx_HAL_Driver/Src/stm32f1xx_hal_sram.c 0x00000000   Number         0  stm32f1xx_hal_sram.o ABSOLUTE
    ../Drivers/STM32F1xx_HAL_Driver/Src/stm32f1xx_hal_tim.c 0x00000000   Number         0  stm32f1xx_hal_tim.o ABSOLUTE
    ../Drivers/STM32F1xx_HAL_Driver/Src/stm32f1xx_hal_tim_ex.c 0x00000000   Number         0  stm32f1xx_hal_tim_ex.o ABSOLUTE
    ../Drivers/STM32F1xx_HAL_Driver/Src/stm32f1xx_hal_uart.c 0x00000000   Number         0  stm32f1xx_hal_uart.o ABSOLUTE
    ../Drivers/STM32F1xx_HAL_Driver/Src/stm32f1xx_ll_fsmc.c 0x00000000   Number         0  stm32f1xx_ll_fsmc.o ABSOLUTE
    ../Drivers/STM32F1xx_HAL_Driver/Src/stm32f1xx_ll_sdmmc.c 0x00000000   Number         0  stm32f1xx_ll_sdmmc.o ABSOLUTE
    ../Src/fsmc.c                            0x00000000   Number         0  fsmc.o ABSOLUTE
    ../Src/gpio.c                            0x00000000   Number         0  gpio.o ABSOLUTE
    ../Src/main.c                            0x00000000   Number         0  main.o ABSOLUTE
    ../Src/sdio.c                            0x00000000   Number         0  sdio.o ABSOLUTE
    ../Src/stm32f1xx_hal_msp.c               0x00000000   Number         0  stm32f1xx_hal_msp.o ABSOLUTE
    ../Src/stm32f1xx_it.c                    0x00000000   Number         0  stm32f1xx_it.o ABSOLUTE
    ../Src/usart.c                           0x00000000   Number         0  usart.o ABSOLUTE
    ../clib/microlib/division.c              0x00000000   Number         0  uldiv.o ABSOLUTE
    ../clib/microlib/division.c              0x00000000   Number         0  uidiv.o ABSOLUTE
    ../clib/microlib/init/entry.s            0x00000000   Number         0  entry8b.o ABSOLUTE
    ../clib/microlib/init/entry.s            0x00000000   Number         0  entry.o ABSOLUTE
    ../clib/microlib/init/entry.s            0x00000000   Number         0  entry10a.o ABSOLUTE
    ../clib/microlib/init/entry.s            0x00000000   Number         0  entry11a.o ABSOLUTE
    ../clib/microlib/init/entry.s            0x00000000   Number         0  entry9b.o ABSOLUTE
    ../clib/microlib/init/entry.s            0x00000000   Number         0  entry10b.o ABSOLUTE
    ../clib/microlib/init/entry.s            0x00000000   Number         0  entry8a.o ABSOLUTE
    ../clib/microlib/init/entry.s            0x00000000   Number         0  entry5.o ABSOLUTE
    ../clib/microlib/init/entry.s            0x00000000   Number         0  entry11b.o ABSOLUTE
    ../clib/microlib/init/entry.s            0x00000000   Number         0  entry7b.o ABSOLUTE
    ../clib/microlib/init/entry.s            0x00000000   Number         0  entry7a.o ABSOLUTE
    ../clib/microlib/init/entry.s            0x00000000   Number         0  entry9a.o ABSOLUTE
    ../clib/microlib/init/entry.s            0x00000000   Number         0  entry2.o ABSOLUTE
    ../clib/microlib/longlong.c              0x00000000   Number         0  llshl.o ABSOLUTE
    ../clib/microlib/longlong.c              0x00000000   Number         0  llushr.o ABSOLUTE
    ../clib/microlib/longlong.c              0x00000000   Number         0  llsshr.o ABSOLUTE
    ../clib/microlib/printf/printf.c         0x00000000   Number         0  printf4.o ABSOLUTE
    ../clib/microlib/printf/printf.c         0x00000000   Number         0  printf1.o ABSOLUTE
    ../clib/microlib/printf/printf.c         0x00000000   Number         0  printf2.o ABSOLUTE
    ../clib/microlib/printf/printf.c         0x00000000   Number         0  printfb.o ABSOLUTE
    ../clib/microlib/printf/printf.c         0x00000000   Number         0  printf5.o ABSOLUTE
    ../clib/microlib/printf/printf.c         0x00000000   Number         0  printf0.o ABSOLUTE
    ../clib/microlib/printf/printf.c         0x00000000   Number         0  printf6.o ABSOLUTE
    ../clib/microlib/printf/printf.c         0x00000000   Number         0  printf3.o ABSOLUTE
    ../clib/microlib/printf/printf.c         0x00000000   Number         0  printf7.o ABSOLUTE
    ../clib/microlib/printf/printf.c         0x00000000   Number         0  printf8.o ABSOLUTE
    ../clib/microlib/printf/printf.c         0x00000000   Number         0  printfa.o ABSOLUTE
    ../clib/microlib/printf/stubs.s          0x00000000   Number         0  stubs.o ABSOLUTE
    ../clib/microlib/stdio/streams.c         0x00000000   Number         0  stdout.o ABSOLUTE
    ../clib/microlib/string/memset.c         0x00000000   Number         0  memseta.o ABSOLUTE
    ../clib/microlib/stubs.s                 0x00000000   Number         0  iusefp.o ABSOLUTE
    ../fplib/microlib/d2f.c                  0x00000000   Number         0  d2f.o ABSOLUTE
    ../fplib/microlib/f2d.c                  0x00000000   Number         0  f2d.o ABSOLUTE
    ../fplib/microlib/fpadd.c                0x00000000   Number         0  dadd.o ABSOLUTE
    ../fplib/microlib/fpadd.c                0x00000000   Number         0  fadd.o ABSOLUTE
    ../fplib/microlib/fpdiv.c                0x00000000   Number         0  ddiv.o ABSOLUTE
    ../fplib/microlib/fpepilogue.c           0x00000000   Number         0  fepilogue.o ABSOLUTE
    ../fplib/microlib/fpepilogue.c           0x00000000   Number         0  depilogue.o ABSOLUTE
    ../fplib/microlib/fpfix.c                0x00000000   Number         0  dfixul.o ABSOLUTE
    ../fplib/microlib/fpfix.c                0x00000000   Number         0  ffixui.o ABSOLUTE
    ../fplib/microlib/fpfix.c                0x00000000   Number         0  dfixui.o ABSOLUTE
    ../fplib/microlib/fpflt.c                0x00000000   Number         0  fflti.o ABSOLUTE
    ../fplib/microlib/fpflt.c                0x00000000   Number         0  ffltui.o ABSOLUTE
    ../fplib/microlib/fpflt.c                0x00000000   Number         0  dfltui.o ABSOLUTE
    ../fplib/microlib/fpmul.c                0x00000000   Number         0  fmul.o ABSOLUTE
    ../fplib/microlib/fpmul.c                0x00000000   Number         0  dmul.o ABSOLUTE
    ..\..\..\basic\CUIGUI_COLOR.C            0x00000000   Number         0  cuigui_color.o ABSOLUTE
    ..\..\..\basic\CUIGUI_LCDDRIVER.C        0x00000000   Number         0  cuigui_lcddriver.o ABSOLUTE
    ..\..\..\basic\GUI.C                     0x00000000   Number         0  gui.o ABSOLUTE
    ..\..\..\config\lcd\TFT\lcd.c            0x00000000   Number         0  lcd.o ABSOLUTE
    ..\..\..\font\MicrosoftYaHeiASCII24.c    0x00000000   Number         0  microsoftyaheiascii24.o ABSOLUTE
    ..\..\..\font\cc936.c                    0x00000000   Number         0  cc936.o ABSOLUTE
    ..\..\..\font\songti24.c                 0x00000000   Number         0  songti24.o ABSOLUTE
    ..\..\..\guimodule\BUTTON\CUIGUI_BUTTON.C 0x00000000   Number         0  cuigui_button.o ABSOLUTE
    ..\..\..\guimodule\SLIDER\CUIGUI_SLIDER.C 0x00000000   Number         0  cuigui_slider.o ABSOLUTE
    ..\..\..\layout\RELATIVE_LAYOUT.C        0x00000000   Number         0  relative_layout.o ABSOLUTE
    ..\..\..\malloc\List4_Malloc.C           0x00000000   Number         0  list4_malloc.o ABSOLUTE
    ..\Drivers\STM32F1xx_HAL_Driver\Src\stm32f1xx_hal.c 0x00000000   Number         0  stm32f1xx_hal.o ABSOLUTE
    ..\Drivers\STM32F1xx_HAL_Driver\Src\stm32f1xx_hal_cortex.c 0x00000000   Number         0  stm32f1xx_hal_cortex.o ABSOLUTE
    ..\Drivers\STM32F1xx_HAL_Driver\Src\stm32f1xx_hal_dma.c 0x00000000   Number         0  stm32f1xx_hal_dma.o ABSOLUTE
    ..\Drivers\STM32F1xx_HAL_Driver\Src\stm32f1xx_hal_flash.c 0x00000000   Number         0  stm32f1xx_hal_flash.o ABSOLUTE
    ..\Drivers\STM32F1xx_HAL_Driver\Src\stm32f1xx_hal_flash_ex.c 0x00000000   Number         0  stm32f1xx_hal_flash_ex.o ABSOLUTE
    ..\Drivers\STM32F1xx_HAL_Driver\Src\stm32f1xx_hal_gpio.c 0x00000000   Number         0  stm32f1xx_hal_gpio.o ABSOLUTE
    ..\Drivers\STM32F1xx_HAL_Driver\Src\stm32f1xx_hal_gpio_ex.c 0x00000000   Number         0  stm32f1xx_hal_gpio_ex.o ABSOLUTE
    ..\Drivers\STM32F1xx_HAL_Driver\Src\stm32f1xx_hal_pwr.c 0x00000000   Number         0  stm32f1xx_hal_pwr.o ABSOLUTE
    ..\Drivers\STM32F1xx_HAL_Driver\Src\stm32f1xx_hal_rcc.c 0x00000000   Number         0  stm32f1xx_hal_rcc.o ABSOLUTE
    ..\Drivers\STM32F1xx_HAL_Driver\Src\stm32f1xx_hal_rcc_ex.c 0x00000000   Number         0  stm32f1xx_hal_rcc_ex.o ABSOLUTE
    ..\Drivers\STM32F1xx_HAL_Driver\Src\stm32f1xx_hal_sd.c 0x00000000   Number         0  stm32f1xx_hal_sd.o ABSOLUTE
    ..\Drivers\STM32F1xx_HAL_Driver\Src\stm32f1xx_hal_sram.c 0x00000000   Number         0  stm32f1xx_hal_sram.o ABSOLUTE
    ..\Drivers\STM32F1xx_HAL_Driver\Src\stm32f1xx_hal_tim.c 0x00000000   Number         0  stm32f1xx_hal_tim.o ABSOLUTE
    ..\Drivers\STM32F1xx_HAL_Driver\Src\stm32f1xx_hal_tim_ex.c 0x00000000   Number         0  stm32f1xx_hal_tim_ex.o ABSOLUTE
    ..\Drivers\STM32F1xx_HAL_Driver\Src\stm32f1xx_hal_uart.c 0x00000000   Number         0  stm32f1xx_hal_uart.o ABSOLUTE
    ..\Drivers\STM32F1xx_HAL_Driver\Src\stm32f1xx_ll_fsmc.c 0x00000000   Number         0  stm32f1xx_ll_fsmc.o ABSOLUTE
    ..\Drivers\STM32F1xx_HAL_Driver\Src\stm32f1xx_ll_sdmmc.c 0x00000000   Number         0  stm32f1xx_ll_sdmmc.o ABSOLUTE
    ..\Src\fsmc.c                            0x00000000   Number         0  fsmc.o ABSOLUTE
    ..\Src\gpio.c                            0x00000000   Number         0  gpio.o ABSOLUTE
    ..\Src\main.c                            0x00000000   Number         0  main.o ABSOLUTE
    ..\Src\sdio.c                            0x00000000   Number         0  sdio.o ABSOLUTE
    ..\Src\stm32f1xx_hal_msp.c               0x00000000   Number         0  stm32f1xx_hal_msp.o ABSOLUTE
    ..\Src\stm32f1xx_it.c                    0x00000000   Number         0  stm32f1xx_it.o ABSOLUTE
    ..\Src\usart.c                           0x00000000   Number         0  usart.o ABSOLUTE
    ..\\..\\..\\basic\\CUIGUI_COLOR.C        0x00000000   Number         0  cuigui_color.o ABSOLUTE
    ..\\..\\..\\basic\\CUIGUI_LCDDRIVER.C    0x00000000   Number         0  cuigui_lcddriver.o ABSOLUTE
    ..\\..\\..\\basic\\GUI.C                 0x00000000   Number         0  gui.o ABSOLUTE
    ..\\..\\..\\config\\lcd\\TFT\\lcd.c      0x00000000   Number         0  lcd.o ABSOLUTE
    ..\\..\\..\\font\\MicrosoftYaHeiASCII24.c 0x00000000   Number         0  microsoftyaheiascii24.o ABSOLUTE
    ..\\..\\..\\font\\cc936.c                0x00000000   Number         0  cc936.o ABSOLUTE
    ..\\..\\..\\font\\songti24.c             0x00000000   Number         0  songti24.o ABSOLUTE
    ..\\..\\..\\guimodule\\BUTTON\\CUIGUI_BUTTON.C 0x00000000   Number         0  cuigui_button.o ABSOLUTE
    ..\\..\\..\\guimodule\\SLIDER\\CUIGUI_SLIDER.C 0x00000000   Number         0  cuigui_slider.o ABSOLUTE
    ..\\..\\..\\layout\\RELATIVE_LAYOUT.C    0x00000000   Number         0  relative_layout.o ABSOLUTE
    ..\\..\\..\\malloc\\List4_Malloc.C       0x00000000   Number         0  list4_malloc.o ABSOLUTE
    ..\\Src\system_stm32f1xx.c               0x00000000   Number         0  system_stm32f1xx.o ABSOLUTE
    cdcmple.s                                0x00000000   Number         0  cdcmple.o ABSOLUTE
    cdrcmple.s                               0x00000000   Number         0  cdrcmple.o ABSOLUTE
    dc.s                                     0x00000000   Number         0  dc.o ABSOLUTE
    handlers.s                               0x00000000   Number         0  handlers.o ABSOLUTE
    init.s                                   0x00000000   Number         0  init.o ABSOLUTE
    startup_stm32f103xe.s                    0x00000000   Number         0  startup_stm32f103xe.o ABSOLUTE
    RESET                                    0x08000000   Section      304  startup_stm32f103xe.o(RESET)
    .ARM.Collect$$$$00000000                 0x08000130   Section        0  entry.o(.ARM.Collect$$$$00000000)
    .ARM.Collect$$$$00000001                 0x08000130   Section        4  entry2.o(.ARM.Collect$$$$00000001)
    .ARM.Collect$$$$00000004                 0x08000134   Section        4  entry5.o(.ARM.Collect$$$$00000004)
    .ARM.Collect$$$$00000008                 0x08000138   Section        0  entry7b.o(.ARM.Collect$$$$00000008)
    .ARM.Collect$$$$0000000A                 0x08000138   Section        0  entry8b.o(.ARM.Collect$$$$0000000A)
    .ARM.Collect$$$$0000000B                 0x08000138   Section        8  entry9a.o(.ARM.Collect$$$$0000000B)
    .ARM.Collect$$$$0000000D                 0x08000140   Section        0  entry10a.o(.ARM.Collect$$$$0000000D)
    .ARM.Collect$$$$0000000F                 0x08000140   Section        0  entry11a.o(.ARM.Collect$$$$0000000F)
    .ARM.Collect$$$$00002712                 0x08000140   Section        4  entry2.o(.ARM.Collect$$$$00002712)
    __lit__00000000                          0x08000140   Data           4  entry2.o(.ARM.Collect$$$$00002712)
    .text                                    0x08000144   Section       36  startup_stm32f103xe.o(.text)
    .text                                    0x08000168   Section        0  llushr.o(.text)
    .text                                    0x08000188   Section        0  memseta.o(.text)
    .text                                    0x080001ac   Section        0  dmul.o(.text)
    .text                                    0x08000290   Section        0  dfltui.o(.text)
    .text                                    0x080002aa   Section        0  dfixui.o(.text)
    .text                                    0x080002dc   Section        0  uldiv.o(.text)
    .text                                    0x0800033e   Section        0  depilogue.o(.text)
    .text                                    0x0800033e   Section        0  iusefp.o(.text)
    .text                                    0x080003f8   Section       36  init.o(.text)
    .text                                    0x0800041c   Section        0  llshl.o(.text)
    i.BlockDefaultSkin                       0x0800043a   Section        0  cuigui_slider.o(i.BlockDefaultSkin)
    i.BtSkin                                 0x08000458   Section        0  cuigui_button.o(i.BtSkin)
    i.BtText                                 0x08000466   Section        0  cuigui_button.o(i.BtText)
    i.BusFault_Handler                       0x080004ba   Section        0  stm32f1xx_it.o(i.BusFault_Handler)
    i.CUIGUI_Color                           0x080004bc   Section        0  cuigui_color.o(i.CUIGUI_Color)
    i.CUIGUI_DrawHLine                       0x080004cc   Section        0  cuigui_lcddriver.o(i.CUIGUI_DrawHLine)
    i.CUIGUI_DrawPoint                       0x080004f0   Section        0  cuigui_lcddriver.o(i.CUIGUI_DrawPoint)
    i.CUIGUI_DrawStr                         0x080004f4   Section        0  gui.o(i.CUIGUI_DrawStr)
    i.CUIGUI_DrawVLine                       0x08000528   Section        0  cuigui_lcddriver.o(i.CUIGUI_DrawVLine)
    i.CUIGUI_DrawWord                        0x0800054c   Section        0  gui.o(i.CUIGUI_DrawWord)
    i.CUIGUI_FillRect                        0x080005ac   Section        0  cuigui_lcddriver.o(i.CUIGUI_FillRect)
    i.CUIGUI_GetFont                         0x080005f4   Section        0  gui.o(i.CUIGUI_GetFont)
    i.CUIGUI_Init                            0x08000600   Section        0  cuigui_lcddriver.o(i.CUIGUI_Init)
    i.CUIGUI_SetFont                         0x08000614   Section        0  gui.o(i.CUIGUI_SetFont)
    i.DebugMon_Handler                       0x08000620   Section        0  stm32f1xx_it.o(i.DebugMon_Handler)
    i.DefaultDrawButton                      0x08000622   Section        0  cuigui_button.o(i.DefaultDrawButton)
    i.DrawSlider                             0x08000634   Section        0  cuigui_slider.o(i.DrawSlider)
    i.FSMC_NORSRAM_Extended_Timing_Init      0x080006a4   Section        0  stm32f1xx_ll_fsmc.o(i.FSMC_NORSRAM_Extended_Timing_Init)
    i.FSMC_NORSRAM_Init                      0x080006e0   Section        0  stm32f1xx_ll_fsmc.o(i.FSMC_NORSRAM_Init)
    i.FSMC_NORSRAM_Timing_Init               0x08000778   Section        0  stm32f1xx_ll_fsmc.o(i.FSMC_NORSRAM_Timing_Init)
    i.GBK2UNICODE                            0x080007bc   Section        0  gui.o(i.GBK2UNICODE)
    i.GetLengthStr                           0x080007e8   Section        0  gui.o(i.GetLengthStr)
    i.GetUnicode                             0x08000810   Section        0  gui.o(i.GetUnicode)
    i.GetWordWidth                           0x08000814   Section        0  gui.o(i.GetWordWidth)
    i.GetXORColor                            0x08000854   Section        0  cuigui_lcddriver.o(i.GetXORColor)
    i.HAL_Delay                              0x0800085c   Section        0  stm32f1xx_hal.o(i.HAL_Delay)
    i.HAL_FSMC_MspInit                       0x08000880   Section        0  fsmc.o(i.HAL_FSMC_MspInit)
    HAL_FSMC_MspInit                         0x08000881   Thumb Code    96  fsmc.o(i.HAL_FSMC_MspInit)
    i.HAL_GPIO_Init                          0x080008f4   Section        0  stm32f1xx_hal_gpio.o(i.HAL_GPIO_Init)
    i.HAL_GPIO_WritePin                      0x08000adc   Section        0  stm32f1xx_hal_gpio.o(i.HAL_GPIO_WritePin)
    i.HAL_GetTick                            0x08000ae8   Section        0  stm32f1xx_hal.o(i.HAL_GetTick)
    i.HAL_IncTick                            0x08000af4   Section        0  stm32f1xx_hal.o(i.HAL_IncTick)
    i.HAL_Init                               0x08000b04   Section        0  stm32f1xx_hal.o(i.HAL_Init)
    i.HAL_InitTick                           0x08000b28   Section        0  stm32f1xx_hal.o(i.HAL_InitTick)
    i.HAL_MspInit                            0x08000b68   Section        0  stm32f1xx_hal_msp.o(i.HAL_MspInit)
    i.HAL_NVIC_SetPriority                   0x08000bf8   Section        0  stm32f1xx_hal_cortex.o(i.HAL_NVIC_SetPriority)
    i.HAL_NVIC_SetPriorityGrouping           0x08000c38   Section        0  stm32f1xx_hal_cortex.o(i.HAL_NVIC_SetPriorityGrouping)
    i.HAL_RCC_ClockConfig                    0x08000c5c   Section        0  stm32f1xx_hal_rcc.o(i.HAL_RCC_ClockConfig)
    i.HAL_RCC_GetHCLKFreq                    0x08000db0   Section        0  stm32f1xx_hal_rcc.o(i.HAL_RCC_GetHCLKFreq)
    i.HAL_RCC_GetPCLK1Freq                   0x08000dbc   Section        0  stm32f1xx_hal_rcc.o(i.HAL_RCC_GetPCLK1Freq)
    i.HAL_RCC_GetPCLK2Freq                   0x08000ddc   Section        0  stm32f1xx_hal_rcc.o(i.HAL_RCC_GetPCLK2Freq)
    i.HAL_RCC_GetSysClockFreq                0x08000dfc   Section        0  stm32f1xx_hal_rcc.o(i.HAL_RCC_GetSysClockFreq)
    i.HAL_RCC_OscConfig                      0x08000e68   Section        0  stm32f1xx_hal_rcc.o(i.HAL_RCC_OscConfig)
    i.HAL_SD_ConfigWideBusOperation          0x0800116c   Section        0  stm32f1xx_hal_sd.o(i.HAL_SD_ConfigWideBusOperation)
    i.HAL_SD_GetCardCID                      0x080011e4   Section        0  stm32f1xx_hal_sd.o(i.HAL_SD_GetCardCID)
    i.HAL_SD_GetCardCSD                      0x08001296   Section        0  stm32f1xx_hal_sd.o(i.HAL_SD_GetCardCSD)
    i.HAL_SD_GetCardState                    0x08001470   Section        0  stm32f1xx_hal_sd.o(i.HAL_SD_GetCardState)
    i.HAL_SD_Init                            0x0800149c   Section        0  stm32f1xx_hal_sd.o(i.HAL_SD_Init)
    i.HAL_SD_InitCard                        0x080014d4   Section        0  stm32f1xx_hal_sd.o(i.HAL_SD_InitCard)
    i.HAL_SD_MspInit                         0x08001528   Section        0  sdio.o(i.HAL_SD_MspInit)
    i.HAL_SRAM_Init                          0x08001580   Section        0  stm32f1xx_hal_sram.o(i.HAL_SRAM_Init)
    i.HAL_SRAM_MspInit                       0x080015d6   Section        0  fsmc.o(i.HAL_SRAM_MspInit)
    i.HAL_SYSTICK_CLKSourceConfig            0x080015da   Section        0  stm32f1xx_hal_cortex.o(i.HAL_SYSTICK_CLKSourceConfig)
    i.HAL_SYSTICK_Callback                   0x080015f2   Section        0  stm32f1xx_hal_cortex.o(i.HAL_SYSTICK_Callback)
    i.HAL_SYSTICK_Config                     0x080015f4   Section        0  stm32f1xx_hal_cortex.o(i.HAL_SYSTICK_Config)
    i.HAL_SYSTICK_IRQHandler                 0x0800161c   Section        0  stm32f1xx_hal_cortex.o(i.HAL_SYSTICK_IRQHandler)
    i.HAL_UART_Init                          0x08001624   Section        0  stm32f1xx_hal_uart.o(i.HAL_UART_Init)
    i.HAL_UART_MspInit                       0x08001688   Section        0  usart.o(i.HAL_UART_MspInit)
    i.HAL_UART_Transmit                      0x080016e0   Section        0  stm32f1xx_hal_uart.o(i.HAL_UART_Transmit)
    i.HardFault_Handler                      0x0800179a   Section        0  stm32f1xx_it.o(i.HardFault_Handler)
    i.LCD_Clear                              0x0800179c   Section        0  lcd.o(i.LCD_Clear)
    i.LCD_Display_Dir                        0x08001808   Section        0  lcd.o(i.LCD_Display_Dir)
    i.LCD_Fast_DrawPoint                     0x0800193c   Section        0  lcd.o(i.LCD_Fast_DrawPoint)
    i.LCD_Init                               0x08001a4c   Section        0  lcd.o(i.LCD_Init)
    i.LCD_ReadReg                            0x08004750   Section        0  lcd.o(i.LCD_ReadReg)
    i.LCD_SSD_BackLightSet                   0x08004760   Section        0  lcd.o(i.LCD_SSD_BackLightSet)
    i.LCD_Scan_Dir                           0x0800479c   Section        0  lcd.o(i.LCD_Scan_Dir)
    i.LCD_SetCursor                          0x08004944   Section        0  lcd.o(i.LCD_SetCursor)
    i.LCD_WriteRAM_Prepare                   0x08004a84   Section        0  lcd.o(i.LCD_WriteRAM_Prepare)
    i.LCD_WriteReg                           0x08004a98   Section        0  lcd.o(i.LCD_WriteReg)
    i.List4_InsertBlock                      0x08004aa8   Section        0  list4_malloc.o(i.List4_InsertBlock)
    i.List4_Malloc                           0x08004afc   Section        0  list4_malloc.o(i.List4_Malloc)
    i.List4_Malloc_Init                      0x08004ba4   Section        0  list4_malloc.o(i.List4_Malloc_Init)
    i.MX_FSMC_Init                           0x08004c30   Section        0  fsmc.o(i.MX_FSMC_Init)
    i.MX_GPIO_Init                           0x08004cc8   Section        0  gpio.o(i.MX_GPIO_Init)
    i.MX_SDIO_SD_Init                        0x08004d5c   Section        0  sdio.o(i.MX_SDIO_SD_Init)
    i.MX_USART1_UART_Init                    0x08004db8   Section        0  usart.o(i.MX_USART1_UART_Init)
    i.MemManage_Handler                      0x08004e04   Section        0  stm32f1xx_it.o(i.MemManage_Handler)
    i.NMI_Handler                            0x08004e06   Section        0  stm32f1xx_it.o(i.NMI_Handler)
    i.NVIC_SetPriority                       0x08004e08   Section        0  stm32f1xx_hal_cortex.o(i.NVIC_SetPriority)
    NVIC_SetPriority                         0x08004e09   Thumb Code    32  stm32f1xx_hal_cortex.o(i.NVIC_SetPriority)
    i.NewButton                              0x08004e28   Section        0  cuigui_button.o(i.NewButton)
    i.NewSlider                              0x08004e6c   Section        0  cuigui_slider.o(i.NewSlider)
    i.Obj_SkinPressed                        0x08004ecc   Section        0  cuigui_button.o(i.Obj_SkinPressed)
    i.Obj_SkinUnPressed                      0x08005002   Section        0  cuigui_button.o(i.Obj_SkinUnPressed)
    i.PendSV_Handler                         0x08005138   Section        0  stm32f1xx_it.o(i.PendSV_Handler)
    i.ProssSkin                              0x0800513c   Section        0  cuigui_slider.o(i.ProssSkin)
    i.SDIO_ConfigData                        0x08005176   Section        0  stm32f1xx_ll_sdmmc.o(i.SDIO_ConfigData)
    i.SDIO_GetPowerState                     0x0800519a   Section        0  stm32f1xx_ll_sdmmc.o(i.SDIO_GetPowerState)
    i.SDIO_GetResponse                       0x080051a2   Section        0  stm32f1xx_ll_sdmmc.o(i.SDIO_GetResponse)
    i.SDIO_Init                              0x080051ae   Section        0  stm32f1xx_ll_sdmmc.o(i.SDIO_Init)
    i.SDIO_PowerState_ON                     0x080051d2   Section        0  stm32f1xx_ll_sdmmc.o(i.SDIO_PowerState_ON)
    i.SDIO_ReadFIFO                          0x080051da   Section        0  stm32f1xx_ll_sdmmc.o(i.SDIO_ReadFIFO)
    i.SDIO_SendCommand                       0x080051e0   Section        0  stm32f1xx_ll_sdmmc.o(i.SDIO_SendCommand)
    i.SDMMC_CmdAppCommand                    0x08005200   Section        0  stm32f1xx_ll_sdmmc.o(i.SDMMC_CmdAppCommand)
    i.SDMMC_CmdAppOperCommand                0x08005234   Section        0  stm32f1xx_ll_sdmmc.o(i.SDMMC_CmdAppOperCommand)
    i.SDMMC_CmdBlockLength                   0x08005268   Section        0  stm32f1xx_ll_sdmmc.o(i.SDMMC_CmdBlockLength)
    i.SDMMC_CmdBusWidth                      0x0800529a   Section        0  stm32f1xx_ll_sdmmc.o(i.SDMMC_CmdBusWidth)
    i.SDMMC_CmdGoIdleState                   0x080052cc   Section        0  stm32f1xx_ll_sdmmc.o(i.SDMMC_CmdGoIdleState)
    i.SDMMC_CmdOperCond                      0x0800531c   Section        0  stm32f1xx_ll_sdmmc.o(i.SDMMC_CmdOperCond)
    i.SDMMC_CmdSelDesel                      0x08005384   Section        0  stm32f1xx_ll_sdmmc.o(i.SDMMC_CmdSelDesel)
    i.SDMMC_CmdSendCID                       0x080053b6   Section        0  stm32f1xx_ll_sdmmc.o(i.SDMMC_CmdSendCID)
    i.SDMMC_CmdSendCSD                       0x080053e2   Section        0  stm32f1xx_ll_sdmmc.o(i.SDMMC_CmdSendCSD)
    i.SDMMC_CmdSendSCR                       0x0800540e   Section        0  stm32f1xx_ll_sdmmc.o(i.SDMMC_CmdSendSCR)
    i.SDMMC_CmdSendStatus                    0x0800543e   Section        0  stm32f1xx_ll_sdmmc.o(i.SDMMC_CmdSendStatus)
    i.SDMMC_CmdSetRelAdd                     0x08005470   Section        0  stm32f1xx_ll_sdmmc.o(i.SDMMC_CmdSetRelAdd)
    i.SDMMC_GetCmdResp1                      0x080054a0   Section        0  stm32f1xx_ll_sdmmc.o(i.SDMMC_GetCmdResp1)
    SDMMC_GetCmdResp1                        0x080054a1   Thumb Code   276  stm32f1xx_ll_sdmmc.o(i.SDMMC_GetCmdResp1)
    i.SDMMC_GetCmdResp2                      0x080055bc   Section        0  stm32f1xx_ll_sdmmc.o(i.SDMMC_GetCmdResp2)
    SDMMC_GetCmdResp2                        0x080055bd   Thumb Code    74  stm32f1xx_ll_sdmmc.o(i.SDMMC_GetCmdResp2)
    i.SDMMC_GetCmdResp3                      0x0800560c   Section        0  stm32f1xx_ll_sdmmc.o(i.SDMMC_GetCmdResp3)
    SDMMC_GetCmdResp3                        0x0800560d   Thumb Code    60  stm32f1xx_ll_sdmmc.o(i.SDMMC_GetCmdResp3)
    i.SDMMC_GetCmdResp6                      0x0800564c   Section        0  stm32f1xx_ll_sdmmc.o(i.SDMMC_GetCmdResp6)
    SDMMC_GetCmdResp6                        0x0800564d   Thumb Code   128  stm32f1xx_ll_sdmmc.o(i.SDMMC_GetCmdResp6)
    i.SD_FindSCR                             0x080056d0   Section        0  stm32f1xx_hal_sd.o(i.SD_FindSCR)
    SD_FindSCR                               0x080056d1   Thumb Code   212  stm32f1xx_hal_sd.o(i.SD_FindSCR)
    i.SD_InitCard                            0x080057a4   Section        0  stm32f1xx_hal_sd.o(i.SD_InitCard)
    SD_InitCard                              0x080057a5   Thumb Code   230  stm32f1xx_hal_sd.o(i.SD_InitCard)
    i.SD_PowerON                             0x0800588a   Section        0  stm32f1xx_hal_sd.o(i.SD_PowerON)
    SD_PowerON                               0x0800588b   Thumb Code   162  stm32f1xx_hal_sd.o(i.SD_PowerON)
    i.SD_WideBus_Disable                     0x0800592c   Section        0  stm32f1xx_hal_sd.o(i.SD_WideBus_Disable)
    SD_WideBus_Disable                       0x0800592d   Thumb Code    78  stm32f1xx_hal_sd.o(i.SD_WideBus_Disable)
    i.SD_WideBus_Enable                      0x0800597a   Section        0  stm32f1xx_hal_sd.o(i.SD_WideBus_Enable)
    SD_WideBus_Enable                        0x0800597b   Thumb Code    78  stm32f1xx_hal_sd.o(i.SD_WideBus_Enable)
    i.SVC_Handler                            0x080059c8   Section        0  stm32f1xx_it.o(i.SVC_Handler)
    i.SliderDefaultSkin                      0x080059cc   Section        0  cuigui_slider.o(i.SliderDefaultSkin)
    i.SliderSkin0                            0x080059e0   Section        0  cuigui_slider.o(i.SliderSkin0)
    i.SysTick_Handler                        0x08005a0e   Section        0  stm32f1xx_it.o(i.SysTick_Handler)
    i.SystemClock_Config                     0x08005a1c   Section        0  main.o(i.SystemClock_Config)
    i.SystemInit                             0x08005a9c   Section        0  system_stm32f1xx.o(i.SystemInit)
    i.UART_SetConfig                         0x08005ae4   Section        0  stm32f1xx_hal_uart.o(i.UART_SetConfig)
    UART_SetConfig                           0x08005ae5   Thumb Code   364  stm32f1xx_hal_uart.o(i.UART_SetConfig)
    i.UART_WaitOnFlagUntilTimeout            0x08005c54   Section        0  stm32f1xx_hal_uart.o(i.UART_WaitOnFlagUntilTimeout)
    UART_WaitOnFlagUntilTimeout              0x08005c55   Thumb Code   100  stm32f1xx_hal_uart.o(i.UART_WaitOnFlagUntilTimeout)
    i.UsageFault_Handler                     0x08005cb8   Section        0  stm32f1xx_it.o(i.UsageFault_Handler)
    i._Error_Handler                         0x08005cbc   Section        0  main.o(i._Error_Handler)
    i.__0printf$5                            0x08005ce4   Section        0  printf5.o(i.__0printf$5)
    i.__scatterload_copy                     0x08005d04   Section       14  handlers.o(i.__scatterload_copy)
    i.__scatterload_null                     0x08005d12   Section        2  handlers.o(i.__scatterload_null)
    i.__scatterload_zeroinit                 0x08005d14   Section       14  handlers.o(i.__scatterload_zeroinit)
    i._draw_model                            0x08005d22   Section        0  gui.o(i._draw_model)
    i._printf_core                           0x08005d94   Section        0  printf5.o(i._printf_core)
    _printf_core                             0x08005d95   Thumb Code   658  printf5.o(i._printf_core)
    i.fputc                                  0x08006054   Section        0  usart.o(i.fputc)
    i.main                                   0x0800606c   Section        0  main.o(i.main)
    .constdata                               0x0800617c   Section       16  system_stm32f1xx.o(.constdata)
    .constdata                               0x0800618c   Section        8  system_stm32f1xx.o(.constdata)
    .constdata                               0x08006194   Section       72  songti24.o(.constdata)
    .constdata                               0x080061dc   Section        8  songti24.o(.constdata)
    .constdata                               0x080061e4   Section       12  songti24.o(.constdata)
    .constdata                               0x080061f0   Section       16  songti24.o(.constdata)
    .constdata                               0x08006200   Section        4  gui.o(.constdata)
    Array                                    0x08006200   Data           4  gui.o(.constdata)
    .data                                    0x20000000   Section        8  fsmc.o(.data)
    FSMC_Initialized                         0x20000000   Data           4  fsmc.o(.data)
    FSMC_DeInitialized                       0x20000004   Data           4  fsmc.o(.data)
    .data                                    0x20000008   Section       12  stm32f1xx_hal.o(.data)
    .data                                    0x20000014   Section        4  system_stm32f1xx.o(.data)
    .data                                    0x20000018   Section        4  gui.o(.data)
    .data                                    0x2000001c   Section        4  stdout.o(.data)
    .bss                                     0x20000020   Section       68  fsmc.o(.bss)
    .bss                                     0x20000064   Section      132  sdio.o(.bss)
    .bss                                     0x200000e8   Section       64  usart.o(.bss)
    .bss                                     0x20000128   Section       14  lcd.o(.bss)
    .bss                                     0x20000138   Section       16  list4_malloc.o(.bss)
    .bss                                     0x20000148   Section    51200  list4_malloc.o(.bss)
    STACK                                    0x2000c948   Section     1024  startup_stm32f103xe.o(STACK)

    Global Symbols

    Symbol Name                              Value     Ov Type        Size  Object(Section)

    BuildAttributes$$THM_ISAv4$P$D$K$B$S$PE$A:L22UL41UL21$X:L11$S22US41US21$IEEE1$IW$USESV6$~STKCKD$USESV7$~SHL$OTIME$ROPI$EBA8$MICROLIB$REQ8$PRES8$EABIv2 0x00000000   Number         0  anon$$obj.o ABSOLUTE
    __ARM_use_no_argv                        0x00000000   Number         0  main.o ABSOLUTE
    _printf_a                                0x00000000   Number         0  stubs.o ABSOLUTE
    _printf_c                                0x00000000   Number         0  stubs.o ABSOLUTE
    _printf_charcount                        0x00000000   Number         0  stubs.o ABSOLUTE
    _printf_d                                0x00000000   Number         0  stubs.o ABSOLUTE
    _printf_e                                0x00000000   Number         0  stubs.o ABSOLUTE
    _printf_f                                0x00000000   Number         0  stubs.o ABSOLUTE
    _printf_flags                            0x00000000   Number         0  stubs.o ABSOLUTE
    _printf_fp_dec                           0x00000000   Number         0  stubs.o ABSOLUTE
    _printf_fp_hex                           0x00000000   Number         0  stubs.o ABSOLUTE
    _printf_g                                0x00000000   Number         0  stubs.o ABSOLUTE
    _printf_i                                0x00000000   Number         0  stubs.o ABSOLUTE
    _printf_int_dec                          0x00000000   Number         0  stubs.o ABSOLUTE
    _printf_l                                0x00000000   Number         0  stubs.o ABSOLUTE
    _printf_lc                               0x00000000   Number         0  stubs.o ABSOLUTE
    _printf_ll                               0x00000000   Number         0  stubs.o ABSOLUTE
    _printf_lld                              0x00000000   Number         0  stubs.o ABSOLUTE
    _printf_lli                              0x00000000   Number         0  stubs.o ABSOLUTE
    _printf_llo                              0x00000000   Number         0  stubs.o ABSOLUTE
    _printf_llu                              0x00000000   Number         0  stubs.o ABSOLUTE
    _printf_llx                              0x00000000   Number         0  stubs.o ABSOLUTE
    _printf_longlong_dec                     0x00000000   Number         0  stubs.o ABSOLUTE
    _printf_longlong_hex                     0x00000000   Number         0  stubs.o ABSOLUTE
    _printf_longlong_oct                     0x00000000   Number         0  stubs.o ABSOLUTE
    _printf_ls                               0x00000000   Number         0  stubs.o ABSOLUTE
    _printf_mbtowc                           0x00000000   Number         0  stubs.o ABSOLUTE
    _printf_n                                0x00000000   Number         0  stubs.o ABSOLUTE
    _printf_o                                0x00000000   Number         0  stubs.o ABSOLUTE
    _printf_p                                0x00000000   Number         0  stubs.o ABSOLUTE
    _printf_percent                          0x00000000   Number         0  stubs.o ABSOLUTE
    _printf_pre_padding                      0x00000000   Number         0  stubs.o ABSOLUTE
    _printf_return_value                     0x00000000   Number         0  stubs.o ABSOLUTE
    _printf_s                                0x00000000   Number         0  stubs.o ABSOLUTE
    _printf_sizespec                         0x00000000   Number         0  stubs.o ABSOLUTE
    _printf_str                              0x00000000   Number         0  stubs.o ABSOLUTE
    _printf_truncate_signed                  0x00000000   Number         0  stubs.o ABSOLUTE
    _printf_truncate_unsigned                0x00000000   Number         0  stubs.o ABSOLUTE
    _printf_u                                0x00000000   Number         0  stubs.o ABSOLUTE
    _printf_wc                               0x00000000   Number         0  stubs.o ABSOLUTE
    _printf_wctomb                           0x00000000   Number         0  stubs.o ABSOLUTE
    _printf_widthprec                        0x00000000   Number         0  stubs.o ABSOLUTE
    _printf_x                                0x00000000   Number         0  stubs.o ABSOLUTE
    __cpp_initialize__aeabi_                  - Undefined Weak Reference
    __cxa_finalize                            - Undefined Weak Reference
    __decompress                              - Undefined Weak Reference
    _clock_init                               - Undefined Weak Reference
    _microlib_exit                            - Undefined Weak Reference
    __Vectors_Size                           0x00000130   Number         0  startup_stm32f103xe.o ABSOLUTE
    __Vectors                                0x08000000   Data           4  startup_stm32f103xe.o(RESET)
    __Vectors_End                            0x08000130   Data           0  startup_stm32f103xe.o(RESET)
    __main                                   0x08000131   Thumb Code     0  entry.o(.ARM.Collect$$$$00000000)
    _main_stk                                0x08000131   Thumb Code     0  entry2.o(.ARM.Collect$$$$00000001)
    _main_scatterload                        0x08000135   Thumb Code     0  entry5.o(.ARM.Collect$$$$00000004)
    __main_after_scatterload                 0x08000139   Thumb Code     0  entry5.o(.ARM.Collect$$$$00000004)
    _main_clock                              0x08000139   Thumb Code     0  entry7b.o(.ARM.Collect$$$$00000008)
    _main_cpp_init                           0x08000139   Thumb Code     0  entry8b.o(.ARM.Collect$$$$0000000A)
    _main_init                               0x08000139   Thumb Code     0  entry9a.o(.ARM.Collect$$$$0000000B)
    __rt_final_cpp                           0x08000141   Thumb Code     0  entry10a.o(.ARM.Collect$$$$0000000D)
    __rt_final_exit                          0x08000141   Thumb Code     0  entry11a.o(.ARM.Collect$$$$0000000F)
    Reset_Handler                            0x08000145   Thumb Code     8  startup_stm32f103xe.o(.text)
    ADC1_2_IRQHandler                        0x0800015f   Thumb Code     0  startup_stm32f103xe.o(.text)
    ADC3_IRQHandler                          0x0800015f   Thumb Code     0  startup_stm32f103xe.o(.text)
    CAN1_RX1_IRQHandler                      0x0800015f   Thumb Code     0  startup_stm32f103xe.o(.text)
    CAN1_SCE_IRQHandler                      0x0800015f   Thumb Code     0  startup_stm32f103xe.o(.text)
    DMA1_Channel1_IRQHandler                 0x0800015f   Thumb Code     0  startup_stm32f103xe.o(.text)
    DMA1_Channel2_IRQHandler                 0x0800015f   Thumb Code     0  startup_stm32f103xe.o(.text)
    DMA1_Channel3_IRQHandler                 0x0800015f   Thumb Code     0  startup_stm32f103xe.o(.text)
    DMA1_Channel4_IRQHandler                 0x0800015f   Thumb Code     0  startup_stm32f103xe.o(.text)
    DMA1_Channel5_IRQHandler                 0x0800015f   Thumb Code     0  startup_stm32f103xe.o(.text)
    DMA1_Channel6_IRQHandler                 0x0800015f   Thumb Code     0  startup_stm32f103xe.o(.text)
    DMA1_Channel7_IRQHandler                 0x0800015f   Thumb Code     0  startup_stm32f103xe.o(.text)
    DMA2_Channel1_IRQHandler                 0x0800015f   Thumb Code     0  startup_stm32f103xe.o(.text)
    DMA2_Channel2_IRQHandler                 0x0800015f   Thumb Code     0  startup_stm32f103xe.o(.text)
    DMA2_Channel3_IRQHandler                 0x0800015f   Thumb Code     0  startup_stm32f103xe.o(.text)
    DMA2_Channel4_5_IRQHandler               0x0800015f   Thumb Code     0  startup_stm32f103xe.o(.text)
    EXTI0_IRQHandler                         0x0800015f   Thumb Code     0  startup_stm32f103xe.o(.text)
    EXTI15_10_IRQHandler                     0x0800015f   Thumb Code     0  startup_stm32f103xe.o(.text)
    EXTI1_IRQHandler                         0x0800015f   Thumb Code     0  startup_stm32f103xe.o(.text)
    EXTI2_IRQHandler                         0x0800015f   Thumb Code     0  startup_stm32f103xe.o(.text)
    EXTI3_IRQHandler                         0x0800015f   Thumb Code     0  startup_stm32f103xe.o(.text)
    EXTI4_IRQHandler                         0x0800015f   Thumb Code     0  startup_stm32f103xe.o(.text)
    EXTI9_5_IRQHandler                       0x0800015f   Thumb Code     0  startup_stm32f103xe.o(.text)
    FLASH_IRQHandler                         0x0800015f   Thumb Code     0  startup_stm32f103xe.o(.text)
    FSMC_IRQHandler                          0x0800015f   Thumb Code     0  startup_stm32f103xe.o(.text)
    I2C1_ER_IRQHandler                       0x0800015f   Thumb Code     0  startup_stm32f103xe.o(.text)
    I2C1_EV_IRQHandler                       0x0800015f   Thumb Code     0  startup_stm32f103xe.o(.text)
    I2C2_ER_IRQHandler                       0x0800015f   Thumb Code     0  startup_stm32f103xe.o(.text)
    I2C2_EV_IRQHandler                       0x0800015f   Thumb Code     0  startup_stm32f103xe.o(.text)
    PVD_IRQHandler                           0x0800015f   Thumb Code     0  startup_stm32f103xe.o(.text)
    RCC_IRQHandler                           0x0800015f   Thumb Code     0  startup_stm32f103xe.o(.text)
    RTC_Alarm_IRQHandler                     0x0800015f   Thumb Code     0  startup_stm32f103xe.o(.text)
    RTC_IRQHandler                           0x0800015f   Thumb Code     0  startup_stm32f103xe.o(.text)
    SDIO_IRQHandler                          0x0800015f   Thumb Code     0  startup_stm32f103xe.o(.text)
    SPI1_IRQHandler                          0x0800015f   Thumb Code     0  startup_stm32f103xe.o(.text)
    SPI2_IRQHandler                          0x0800015f   Thumb Code     0  startup_stm32f103xe.o(.text)
    SPI3_IRQHandler                          0x0800015f   Thumb Code     0  startup_stm32f103xe.o(.text)
    TAMPER_IRQHandler                        0x0800015f   Thumb Code     0  startup_stm32f103xe.o(.text)
    TIM1_BRK_IRQHandler                      0x0800015f   Thumb Code     0  startup_stm32f103xe.o(.text)
    TIM1_CC_IRQHandler                       0x0800015f   Thumb Code     0  startup_stm32f103xe.o(.text)
    TIM1_TRG_COM_IRQHandler                  0x0800015f   Thumb Code     0  startup_stm32f103xe.o(.text)
    TIM1_UP_IRQHandler                       0x0800015f   Thumb Code     0  startup_stm32f103xe.o(.text)
    TIM2_IRQHandler                          0x0800015f   Thumb Code     0  startup_stm32f103xe.o(.text)
    TIM3_IRQHandler                          0x0800015f   Thumb Code     0  startup_stm32f103xe.o(.text)
    TIM4_IRQHandler                          0x0800015f   Thumb Code     0  startup_stm32f103xe.o(.text)
    TIM5_IRQHandler                          0x0800015f   Thumb Code     0  startup_stm32f103xe.o(.text)
    TIM6_IRQHandler                          0x0800015f   Thumb Code     0  startup_stm32f103xe.o(.text)
    TIM7_IRQHandler                          0x0800015f   Thumb Code     0  startup_stm32f103xe.o(.text)
    TIM8_BRK_IRQHandler                      0x0800015f   Thumb Code     0  startup_stm32f103xe.o(.text)
    TIM8_CC_IRQHandler                       0x0800015f   Thumb Code     0  startup_stm32f103xe.o(.text)
    TIM8_TRG_COM_IRQHandler                  0x0800015f   Thumb Code     0  startup_stm32f103xe.o(.text)
    TIM8_UP_IRQHandler                       0x0800015f   Thumb Code     0  startup_stm32f103xe.o(.text)
    UART4_IRQHandler                         0x0800015f   Thumb Code     0  startup_stm32f103xe.o(.text)
    UART5_IRQHandler                         0x0800015f   Thumb Code     0  startup_stm32f103xe.o(.text)
    USART1_IRQHandler                        0x0800015f   Thumb Code     0  startup_stm32f103xe.o(.text)
    USART2_IRQHandler                        0x0800015f   Thumb Code     0  startup_stm32f103xe.o(.text)
    USART3_IRQHandler                        0x0800015f   Thumb Code     0  startup_stm32f103xe.o(.text)
    USBWakeUp_IRQHandler                     0x0800015f   Thumb Code     0  startup_stm32f103xe.o(.text)
    USB_HP_CAN1_TX_IRQHandler                0x0800015f   Thumb Code     0  startup_stm32f103xe.o(.text)
    USB_LP_CAN1_RX0_IRQHandler               0x0800015f   Thumb Code     0  startup_stm32f103xe.o(.text)
    WWDG_IRQHandler                          0x0800015f   Thumb Code     0  startup_stm32f103xe.o(.text)
    __aeabi_llsr                             0x08000169   Thumb Code    32  llushr.o(.text)
    _ll_ushift_r                             0x08000169   Thumb Code     0  llushr.o(.text)
    __aeabi_memset                           0x08000189   Thumb Code    14  memseta.o(.text)
    __aeabi_memset4                          0x08000189   Thumb Code     0  memseta.o(.text)
    __aeabi_memset8                          0x08000189   Thumb Code     0  memseta.o(.text)
    __aeabi_memclr                           0x08000197   Thumb Code     4  memseta.o(.text)
    __aeabi_memclr4                          0x08000197   Thumb Code     0  memseta.o(.text)
    __aeabi_memclr8                          0x08000197   Thumb Code     0  memseta.o(.text)
    _memset$wrapper                          0x0800019b   Thumb Code    18  memseta.o(.text)
    __aeabi_dmul                             0x080001ad   Thumb Code   228  dmul.o(.text)
    __aeabi_ui2d                             0x08000291   Thumb Code    26  dfltui.o(.text)
    __aeabi_d2uiz                            0x080002ab   Thumb Code    50  dfixui.o(.text)
    __aeabi_uldivmod                         0x080002dd   Thumb Code    98  uldiv.o(.text)
    __I$use$fp                               0x0800033f   Thumb Code     0  iusefp.o(.text)
    _double_round                            0x0800033f   Thumb Code    30  depilogue.o(.text)
    _double_epilogue                         0x0800035d   Thumb Code   156  depilogue.o(.text)
    __scatterload                            0x080003f9   Thumb Code    28  init.o(.text)
    __scatterload_rt2                        0x080003f9   Thumb Code     0  init.o(.text)
    __aeabi_llsl                             0x0800041d   Thumb Code    30  llshl.o(.text)
    _ll_shift_l                              0x0800041d   Thumb Code     0  llshl.o(.text)
    BlockDefaultSkin                         0x0800043b   Thumb Code    30  cuigui_slider.o(i.BlockDefaultSkin)
    BtSkin                                   0x08000459   Thumb Code    14  cuigui_button.o(i.BtSkin)
    BtText                                   0x08000467   Thumb Code    84  cuigui_button.o(i.BtText)
    BusFault_Handler                         0x080004bb   Thumb Code     2  stm32f1xx_it.o(i.BusFault_Handler)
    CUIGUI_Color                             0x080004bd   Thumb Code    16  cuigui_color.o(i.CUIGUI_Color)
    CUIGUI_DrawHLine                         0x080004cd   Thumb Code    32  cuigui_lcddriver.o(i.CUIGUI_DrawHLine)
    CUIGUI_DrawPoint                         0x080004f1   Thumb Code     4  cuigui_lcddriver.o(i.CUIGUI_DrawPoint)
    CUIGUI_DrawStr                           0x080004f5   Thumb Code    52  gui.o(i.CUIGUI_DrawStr)
    CUIGUI_DrawVLine                         0x08000529   Thumb Code    36  cuigui_lcddriver.o(i.CUIGUI_DrawVLine)
    CUIGUI_DrawWord                          0x0800054d   Thumb Code    92  gui.o(i.CUIGUI_DrawWord)
    CUIGUI_FillRect                          0x080005ad   Thumb Code    68  cuigui_lcddriver.o(i.CUIGUI_FillRect)
    CUIGUI_GetFont                           0x080005f5   Thumb Code     6  gui.o(i.CUIGUI_GetFont)
    CUIGUI_Init                              0x08000601   Thumb Code    18  cuigui_lcddriver.o(i.CUIGUI_Init)
    CUIGUI_SetFont                           0x08000615   Thumb Code     6  gui.o(i.CUIGUI_SetFont)
    DebugMon_Handler                         0x08000621   Thumb Code     2  stm32f1xx_it.o(i.DebugMon_Handler)
    DefaultDrawButton                        0x08000623   Thumb Code    18  cuigui_button.o(i.DefaultDrawButton)
    DrawSlider                               0x08000635   Thumb Code   112  cuigui_slider.o(i.DrawSlider)
    FSMC_NORSRAM_Extended_Timing_Init        0x080006a5   Thumb Code    56  stm32f1xx_ll_fsmc.o(i.FSMC_NORSRAM_Extended_Timing_Init)
    FSMC_NORSRAM_Init                        0x080006e1   Thumb Code   148  stm32f1xx_ll_fsmc.o(i.FSMC_NORSRAM_Init)
    FSMC_NORSRAM_Timing_Init                 0x08000779   Thumb Code    64  stm32f1xx_ll_fsmc.o(i.FSMC_NORSRAM_Timing_Init)
    GBK2UNICODE                              0x080007bd   Thumb Code    40  gui.o(i.GBK2UNICODE)
    GetLengthStr                             0x080007e9   Thumb Code    40  gui.o(i.GetLengthStr)
    GetUnicode                               0x08000811   Thumb Code     4  gui.o(i.GetUnicode)
    GetWordWidth                             0x08000815   Thumb Code    60  gui.o(i.GetWordWidth)
    GetXORColor                              0x08000855   Thumb Code     8  cuigui_lcddriver.o(i.GetXORColor)
    HAL_Delay                                0x0800085d   Thumb Code    32  stm32f1xx_hal.o(i.HAL_Delay)
    HAL_GPIO_Init                            0x080008f5   Thumb Code   446  stm32f1xx_hal_gpio.o(i.HAL_GPIO_Init)
    HAL_GPIO_WritePin                        0x08000add   Thumb Code    10  stm32f1xx_hal_gpio.o(i.HAL_GPIO_WritePin)
    HAL_GetTick                              0x08000ae9   Thumb Code     6  stm32f1xx_hal.o(i.HAL_GetTick)
    HAL_IncTick                              0x08000af5   Thumb Code    12  stm32f1xx_hal.o(i.HAL_IncTick)
    HAL_Init                                 0x08000b05   Thumb Code    32  stm32f1xx_hal.o(i.HAL_Init)
    HAL_InitTick                             0x08000b29   Thumb Code    54  stm32f1xx_hal.o(i.HAL_InitTick)
    HAL_MspInit                              0x08000b69   Thumb Code   134  stm32f1xx_hal_msp.o(i.HAL_MspInit)
    HAL_NVIC_SetPriority                     0x08000bf9   Thumb Code    60  stm32f1xx_hal_cortex.o(i.HAL_NVIC_SetPriority)
    HAL_NVIC_SetPriorityGrouping             0x08000c39   Thumb Code    26  stm32f1xx_hal_cortex.o(i.HAL_NVIC_SetPriorityGrouping)
    HAL_RCC_ClockConfig                      0x08000c5d   Thumb Code   322  stm32f1xx_hal_rcc.o(i.HAL_RCC_ClockConfig)
    HAL_RCC_GetHCLKFreq                      0x08000db1   Thumb Code     6  stm32f1xx_hal_rcc.o(i.HAL_RCC_GetHCLKFreq)
    HAL_RCC_GetPCLK1Freq                     0x08000dbd   Thumb Code    20  stm32f1xx_hal_rcc.o(i.HAL_RCC_GetPCLK1Freq)
    HAL_RCC_GetPCLK2Freq                     0x08000ddd   Thumb Code    20  stm32f1xx_hal_rcc.o(i.HAL_RCC_GetPCLK2Freq)
    HAL_RCC_GetSysClockFreq                  0x08000dfd   Thumb Code    74  stm32f1xx_hal_rcc.o(i.HAL_RCC_GetSysClockFreq)
    HAL_RCC_OscConfig                        0x08000e69   Thumb Code   750  stm32f1xx_hal_rcc.o(i.HAL_RCC_OscConfig)
    HAL_SD_ConfigWideBusOperation            0x0800116d   Thumb Code   120  stm32f1xx_hal_sd.o(i.HAL_SD_ConfigWideBusOperation)
    HAL_SD_GetCardCID                        0x080011e5   Thumb Code   178  stm32f1xx_hal_sd.o(i.HAL_SD_GetCardCID)
    HAL_SD_GetCardCSD                        0x08001297   Thumb Code   474  stm32f1xx_hal_sd.o(i.HAL_SD_GetCardCSD)
    HAL_SD_GetCardState                      0x08001471   Thumb Code    44  stm32f1xx_hal_sd.o(i.HAL_SD_GetCardState)
    HAL_SD_Init                              0x0800149d   Thumb Code    54  stm32f1xx_hal_sd.o(i.HAL_SD_Init)
    HAL_SD_InitCard                          0x080014d5   Thumb Code    80  stm32f1xx_hal_sd.o(i.HAL_SD_InitCard)
    HAL_SD_MspInit                           0x08001529   Thumb Code    72  sdio.o(i.HAL_SD_MspInit)
    HAL_SRAM_Init                            0x08001581   Thumb Code    86  stm32f1xx_hal_sram.o(i.HAL_SRAM_Init)
    HAL_SRAM_MspInit                         0x080015d7   Thumb Code     4  fsmc.o(i.HAL_SRAM_MspInit)
    HAL_SYSTICK_CLKSourceConfig              0x080015db   Thumb Code    24  stm32f1xx_hal_cortex.o(i.HAL_SYSTICK_CLKSourceConfig)
    HAL_SYSTICK_Callback                     0x080015f3   Thumb Code     2  stm32f1xx_hal_cortex.o(i.HAL_SYSTICK_Callback)
    HAL_SYSTICK_Config                       0x080015f5   Thumb Code    40  stm32f1xx_hal_cortex.o(i.HAL_SYSTICK_Config)
    HAL_SYSTICK_IRQHandler                   0x0800161d   Thumb Code     8  stm32f1xx_hal_cortex.o(i.HAL_SYSTICK_IRQHandler)
    HAL_UART_Init                            0x08001625   Thumb Code    98  stm32f1xx_hal_uart.o(i.HAL_UART_Init)
    HAL_UART_MspInit                         0x08001689   Thumb Code    76  usart.o(i.HAL_UART_MspInit)
    HAL_UART_Transmit                        0x080016e1   Thumb Code   186  stm32f1xx_hal_uart.o(i.HAL_UART_Transmit)
    HardFault_Handler                        0x0800179b   Thumb Code     2  stm32f1xx_it.o(i.HardFault_Handler)
    LCD_Clear                                0x0800179d   Thumb Code    98  lcd.o(i.LCD_Clear)
    LCD_Display_Dir                          0x08001809   Thumb Code   304  lcd.o(i.LCD_Display_Dir)
    LCD_Fast_DrawPoint                       0x0800193d   Thumb Code   262  lcd.o(i.LCD_Fast_DrawPoint)
    LCD_Init                                 0x08001a4d   Thumb Code 11520  lcd.o(i.LCD_Init)
    LCD_ReadReg                              0x08004751   Thumb Code    10  lcd.o(i.LCD_ReadReg)
    LCD_SSD_BackLightSet                     0x08004761   Thumb Code    50  lcd.o(i.LCD_SSD_BackLightSet)
    LCD_Scan_Dir                             0x0800479d   Thumb Code   414  lcd.o(i.LCD_Scan_Dir)
    LCD_SetCursor                            0x08004945   Thumb Code   310  lcd.o(i.LCD_SetCursor)
    LCD_WriteRAM_Prepare                     0x08004a85   Thumb Code    10  lcd.o(i.LCD_WriteRAM_Prepare)
    LCD_WriteReg                             0x08004a99   Thumb Code    10  lcd.o(i.LCD_WriteReg)
    List4_InsertBlock                        0x08004aa9   Thumb Code    84  list4_malloc.o(i.List4_InsertBlock)
    List4_Malloc                             0x08004afd   Thumb Code   122  list4_malloc.o(i.List4_Malloc)
    List4_Malloc_Init                        0x08004ba5   Thumb Code    52  list4_malloc.o(i.List4_Malloc_Init)
    MX_FSMC_Init                             0x08004c31   Thumb Code   122  fsmc.o(i.MX_FSMC_Init)
    MX_GPIO_Init                             0x08004cc9   Thumb Code   138  gpio.o(i.MX_GPIO_Init)
    MX_SDIO_SD_Init                          0x08004d5d   Thumb Code    66  sdio.o(i.MX_SDIO_SD_Init)
    MX_USART1_UART_Init                      0x08004db9   Thumb Code    52  usart.o(i.MX_USART1_UART_Init)
    MemManage_Handler                        0x08004e05   Thumb Code     2  stm32f1xx_it.o(i.MemManage_Handler)
    NMI_Handler                              0x08004e07   Thumb Code     2  stm32f1xx_it.o(i.NMI_Handler)
    NewButton                                0x08004e29   Thumb Code    58  cuigui_button.o(i.NewButton)
    NewSlider                                0x08004e6d   Thumb Code    80  cuigui_slider.o(i.NewSlider)
    Obj_SkinPressed                          0x08004ecd   Thumb Code   310  cuigui_button.o(i.Obj_SkinPressed)
    Obj_SkinUnPressed                        0x08005003   Thumb Code   310  cuigui_button.o(i.Obj_SkinUnPressed)
    PendSV_Handler                           0x08005139   Thumb Code     2  stm32f1xx_it.o(i.PendSV_Handler)
    ProssSkin                                0x0800513d   Thumb Code    58  cuigui_slider.o(i.ProssSkin)
    SDIO_ConfigData                          0x08005177   Thumb Code    36  stm32f1xx_ll_sdmmc.o(i.SDIO_ConfigData)
    SDIO_GetPowerState                       0x0800519b   Thumb Code     8  stm32f1xx_ll_sdmmc.o(i.SDIO_GetPowerState)
    SDIO_GetResponse                         0x080051a3   Thumb Code    12  stm32f1xx_ll_sdmmc.o(i.SDIO_GetResponse)
    SDIO_Init                                0x080051af   Thumb Code    36  stm32f1xx_ll_sdmmc.o(i.SDIO_Init)
    SDIO_PowerState_ON                       0x080051d3   Thumb Code     8  stm32f1xx_ll_sdmmc.o(i.SDIO_PowerState_ON)
    SDIO_ReadFIFO                            0x080051db   Thumb Code     6  stm32f1xx_ll_sdmmc.o(i.SDIO_ReadFIFO)
    SDIO_SendCommand                         0x080051e1   Thumb Code    32  stm32f1xx_ll_sdmmc.o(i.SDIO_SendCommand)
    SDMMC_CmdAppCommand                      0x08005201   Thumb Code    50  stm32f1xx_ll_sdmmc.o(i.SDMMC_CmdAppCommand)
    SDMMC_CmdAppOperCommand                  0x08005235   Thumb Code    48  stm32f1xx_ll_sdmmc.o(i.SDMMC_CmdAppOperCommand)
    SDMMC_CmdBlockLength                     0x08005269   Thumb Code    50  stm32f1xx_ll_sdmmc.o(i.SDMMC_CmdBlockLength)
    SDMMC_CmdBusWidth                        0x0800529b   Thumb Code    50  stm32f1xx_ll_sdmmc.o(i.SDMMC_CmdBusWidth)
    SDMMC_CmdGoIdleState                     0x080052cd   Thumb Code    76  stm32f1xx_ll_sdmmc.o(i.SDMMC_CmdGoIdleState)
    SDMMC_CmdOperCond                        0x0800531d   Thumb Code    98  stm32f1xx_ll_sdmmc.o(i.SDMMC_CmdOperCond)
    SDMMC_CmdSelDesel                        0x08005385   Thumb Code    50  stm32f1xx_ll_sdmmc.o(i.SDMMC_CmdSelDesel)
    SDMMC_CmdSendCID                         0x080053b7   Thumb Code    44  stm32f1xx_ll_sdmmc.o(i.SDMMC_CmdSendCID)
    SDMMC_CmdSendCSD                         0x080053e3   Thumb Code    44  stm32f1xx_ll_sdmmc.o(i.SDMMC_CmdSendCSD)
    SDMMC_CmdSendSCR                         0x0800540f   Thumb Code    48  stm32f1xx_ll_sdmmc.o(i.SDMMC_CmdSendSCR)
    SDMMC_CmdSendStatus                      0x0800543f   Thumb Code    50  stm32f1xx_ll_sdmmc.o(i.SDMMC_CmdSendStatus)
    SDMMC_CmdSetRelAdd                       0x08005471   Thumb Code    48  stm32f1xx_ll_sdmmc.o(i.SDMMC_CmdSetRelAdd)
    SVC_Handler                              0x080059c9   Thumb Code     2  stm32f1xx_it.o(i.SVC_Handler)
    SliderDefaultSkin                        0x080059cd   Thumb Code    20  cuigui_slider.o(i.SliderDefaultSkin)
    SliderSkin0                              0x080059e1   Thumb Code    46  cuigui_slider.o(i.SliderSkin0)
    SysTick_Handler                          0x08005a0f   Thumb Code    14  stm32f1xx_it.o(i.SysTick_Handler)
    SystemClock_Config                       0x08005a1d   Thumb Code   112  main.o(i.SystemClock_Config)
    SystemInit                               0x08005a9d   Thumb Code    56  system_stm32f1xx.o(i.SystemInit)
    UsageFault_Handler                       0x08005cb9   Thumb Code     2  stm32f1xx_it.o(i.UsageFault_Handler)
    _Error_Handler                           0x08005cbd   Thumb Code    10  main.o(i._Error_Handler)
    __0printf$5                              0x08005ce5   Thumb Code    22  printf5.o(i.__0printf$5)
    __1printf$5                              0x08005ce5   Thumb Code     0  printf5.o(i.__0printf$5)
    __2printf                                0x08005ce5   Thumb Code     0  printf5.o(i.__0printf$5)
    __scatterload_copy                       0x08005d05   Thumb Code    14  handlers.o(i.__scatterload_copy)
    __scatterload_null                       0x08005d13   Thumb Code     2  handlers.o(i.__scatterload_null)
    __scatterload_zeroinit                   0x08005d15   Thumb Code    14  handlers.o(i.__scatterload_zeroinit)
    _draw_model                              0x08005d23   Thumb Code   112  gui.o(i._draw_model)
    fputc                                    0x08006055   Thumb Code    20  usart.o(i.fputc)
    main                                     0x0800606d   Thumb Code   166  main.o(i.main)
    AHBPrescTable                            0x0800617c   Data          16  system_stm32f1xx.o(.constdata)
    APBPrescTable                            0x0800618c   Data           8  system_stm32f1xx.o(.constdata)
    acGUI_Fontsongti24_6211                  0x08006194   Data          72  songti24.o(.constdata)
    GUI_Fontsongti24_CharInfo                0x080061dc   Data           8  songti24.o(.constdata)
    GUI_Fontsongti24_Prop1                   0x080061e4   Data          12  songti24.o(.constdata)
    GUI_Fontsongti24                         0x080061f0   Data          16  songti24.o(.constdata)
    Region$$Table$$Base                      0x08006204   Number         0  anon$$obj.o(Region$$Table)
    Region$$Table$$Limit                     0x08006224   Number         0  anon$$obj.o(Region$$Table)
    uwTickFreq                               0x20000008   Data           1  stm32f1xx_hal.o(.data)
    uwTickPrio                               0x2000000c   Data           4  stm32f1xx_hal.o(.data)
    uwTick                                   0x20000010   Data           4  stm32f1xx_hal.o(.data)
    SystemCoreClock                          0x20000014   Data           4  system_stm32f1xx.o(.data)
    cuigui_Font                              0x20000018   Data           4  gui.o(.data)
    __stdout                                 0x2000001c   Data           4  stdout.o(.data)
    hsram1                                   0x20000020   Data          68  fsmc.o(.bss)
    hsd                                      0x20000064   Data         132  sdio.o(.bss)
    huart1                                   0x200000e8   Data          64  usart.o(.bss)
    lcddev                                   0x20000128   Data          14  lcd.o(.bss)
    list4mess                                0x20000138   Data          16  list4_malloc.o(.bss)
    list4mallocArray                         0x20000148   Data       51200  list4_malloc.o(.bss)
    __initial_sp                             0x2000cd48   Data           0  startup_stm32f103xe.o(STACK)



==============================================================================

Memory Map of the image

  Image Entry point : 0x08000131

  Load Region LR_IROM1 (Base: 0x08000000, Size: 0x00006244, Max: 0x00080000, ABSOLUTE)

    Execution Region ER_IROM1 (Exec base: 0x08000000, Load base: 0x08000000, Size: 0x00006224, Max: 0x00080000, ABSOLUTE)

    Exec Addr    Load Addr    Size         Type   Attr      Idx    E Section Name        Object

    0x08000000   0x08000000   0x00000130   Data   RO            3    RESET               startup_stm32f103xe.o
    0x08000130   0x08000130   0x00000000   Code   RO         3515  * .ARM.Collect$$$$00000000  mc_w.l(entry.o)
    0x08000130   0x08000130   0x00000004   Code   RO         3807    .ARM.Collect$$$$00000001  mc_w.l(entry2.o)
    0x08000134   0x08000134   0x00000004   Code   RO         3810    .ARM.Collect$$$$00000004  mc_w.l(entry5.o)
    0x08000138   0x08000138   0x00000000   Code   RO         3812    .ARM.Collect$$$$00000008  mc_w.l(entry7b.o)
    0x08000138   0x08000138   0x00000000   Code   RO         3814    .ARM.Collect$$$$0000000A  mc_w.l(entry8b.o)
    0x08000138   0x08000138   0x00000008   Code   RO         3815    .ARM.Collect$$$$0000000B  mc_w.l(entry9a.o)
    0x08000140   0x08000140   0x00000000   Code   RO         3817    .ARM.Collect$$$$0000000D  mc_w.l(entry10a.o)
    0x08000140   0x08000140   0x00000000   Code   RO         3819    .ARM.Collect$$$$0000000F  mc_w.l(entry11a.o)
    0x08000140   0x08000140   0x00000004   Code   RO         3808    .ARM.Collect$$$$00002712  mc_w.l(entry2.o)
    0x08000144   0x08000144   0x00000024   Code   RO            4    .text               startup_stm32f103xe.o
    0x08000168   0x08000168   0x00000020   Code   RO         3518    .text               mc_w.l(llushr.o)
    0x08000188   0x08000188   0x00000024   Code   RO         3520    .text               mc_w.l(memseta.o)
    0x080001ac   0x080001ac   0x000000e4   Code   RO         3787    .text               mf_w.l(dmul.o)
    0x08000290   0x08000290   0x0000001a   Code   RO         3793    .text               mf_w.l(dfltui.o)
    0x080002aa   0x080002aa   0x00000032   Code   RO         3797    .text               mf_w.l(dfixui.o)
    0x080002dc   0x080002dc   0x00000062   Code   RO         3824    .text               mc_w.l(uldiv.o)
    0x0800033e   0x0800033e   0x00000000   Code   RO         3826    .text               mc_w.l(iusefp.o)
    0x0800033e   0x0800033e   0x000000ba   Code   RO         3829    .text               mf_w.l(depilogue.o)
    0x080003f8   0x080003f8   0x00000024   Code   RO         3837    .text               mc_w.l(init.o)
    0x0800041c   0x0800041c   0x0000001e   Code   RO         3839    .text               mc_w.l(llshl.o)
    0x0800043a   0x0800043a   0x0000001e   Code   RO         3464    i.BlockDefaultSkin  cuigui_slider.o
    0x08000458   0x08000458   0x0000000e   Code   RO         3390    i.BtSkin            cuigui_button.o
    0x08000466   0x08000466   0x00000054   Code   RO         3391    i.BtText            cuigui_button.o
    0x080004ba   0x080004ba   0x00000002   Code   RO          340    i.BusFault_Handler  stm32f1xx_it.o
    0x080004bc   0x080004bc   0x00000010   Code   RO         3170    i.CUIGUI_Color      cuigui_color.o
    0x080004cc   0x080004cc   0x00000024   Code   RO         3061    i.CUIGUI_DrawHLine  cuigui_lcddriver.o
    0x080004f0   0x080004f0   0x00000004   Code   RO         3063    i.CUIGUI_DrawPoint  cuigui_lcddriver.o
    0x080004f4   0x080004f4   0x00000034   Code   RO         3215    i.CUIGUI_DrawStr    gui.o
    0x08000528   0x08000528   0x00000024   Code   RO         3064    i.CUIGUI_DrawVLine  cuigui_lcddriver.o
    0x0800054c   0x0800054c   0x00000060   Code   RO         3216    i.CUIGUI_DrawWord   gui.o
    0x080005ac   0x080005ac   0x00000048   Code   RO         3069    i.CUIGUI_FillRect   cuigui_lcddriver.o
    0x080005f4   0x080005f4   0x0000000c   Code   RO         3217    i.CUIGUI_GetFont    gui.o
    0x08000600   0x08000600   0x00000012   Code   RO         3070    i.CUIGUI_Init       cuigui_lcddriver.o
    0x08000612   0x08000612   0x00000002   PAD
    0x08000614   0x08000614   0x0000000c   Code   RO         3220    i.CUIGUI_SetFont    gui.o
    0x08000620   0x08000620   0x00000002   Code   RO          341    i.DebugMon_Handler  stm32f1xx_it.o
    0x08000622   0x08000622   0x00000012   Code   RO         3394    i.DefaultDrawButton  cuigui_button.o
    0x08000634   0x08000634   0x00000070   Code   RO         3465    i.DrawSlider        cuigui_slider.o
    0x080006a4   0x080006a4   0x0000003c   Code   RO          483    i.FSMC_NORSRAM_Extended_Timing_Init  stm32f1xx_ll_fsmc.o
    0x080006e0   0x080006e0   0x00000098   Code   RO          484    i.FSMC_NORSRAM_Init  stm32f1xx_ll_fsmc.o
    0x08000778   0x08000778   0x00000044   Code   RO          485    i.FSMC_NORSRAM_Timing_Init  stm32f1xx_ll_fsmc.o
    0x080007bc   0x080007bc   0x0000002c   Code   RO         3223    i.GBK2UNICODE       gui.o
    0x080007e8   0x080007e8   0x00000028   Code   RO         3225    i.GetLengthStr      gui.o
    0x08000810   0x08000810   0x00000004   Code   RO         3228    i.GetUnicode        gui.o
    0x08000814   0x08000814   0x00000040   Code   RO         3229    i.GetWordWidth      gui.o
    0x08000854   0x08000854   0x00000008   Code   RO         3075    i.GetXORColor       cuigui_lcddriver.o
    0x0800085c   0x0800085c   0x00000024   Code   RO         1589    i.HAL_Delay         stm32f1xx_hal.o
    0x08000880   0x08000880   0x00000074   Code   RO          202    i.HAL_FSMC_MspInit  fsmc.o
    0x080008f4   0x080008f4   0x000001e8   Code   RO         1882    i.HAL_GPIO_Init     stm32f1xx_hal_gpio.o
    0x08000adc   0x08000adc   0x0000000a   Code   RO         1886    i.HAL_GPIO_WritePin  stm32f1xx_hal_gpio.o
    0x08000ae6   0x08000ae6   0x00000002   PAD
    0x08000ae8   0x08000ae8   0x0000000c   Code   RO         1593    i.HAL_GetTick       stm32f1xx_hal.o
    0x08000af4   0x08000af4   0x00000010   Code   RO         1597    i.HAL_IncTick       stm32f1xx_hal.o
    0x08000b04   0x08000b04   0x00000024   Code   RO         1598    i.HAL_Init          stm32f1xx_hal.o
    0x08000b28   0x08000b28   0x00000040   Code   RO         1599    i.HAL_InitTick      stm32f1xx_hal.o
    0x08000b68   0x08000b68   0x00000090   Code   RO          415    i.HAL_MspInit       stm32f1xx_hal_msp.o
    0x08000bf8   0x08000bf8   0x00000040   Code   RO         2048    i.HAL_NVIC_SetPriority  stm32f1xx_hal_cortex.o
    0x08000c38   0x08000c38   0x00000024   Code   RO         2049    i.HAL_NVIC_SetPriorityGrouping  stm32f1xx_hal_cortex.o
    0x08000c5c   0x08000c5c   0x00000154   Code   RO         1742    i.HAL_RCC_ClockConfig  stm32f1xx_hal_rcc.o
    0x08000db0   0x08000db0   0x0000000c   Code   RO         1747    i.HAL_RCC_GetHCLKFreq  stm32f1xx_hal_rcc.o
    0x08000dbc   0x08000dbc   0x00000020   Code   RO         1749    i.HAL_RCC_GetPCLK1Freq  stm32f1xx_hal_rcc.o
    0x08000ddc   0x08000ddc   0x00000020   Code   RO         1750    i.HAL_RCC_GetPCLK2Freq  stm32f1xx_hal_rcc.o
    0x08000dfc   0x08000dfc   0x0000006c   Code   RO         1751    i.HAL_RCC_GetSysClockFreq  stm32f1xx_hal_rcc.o
    0x08000e68   0x08000e68   0x00000304   Code   RO         1754    i.HAL_RCC_OscConfig  stm32f1xx_hal_rcc.o
    0x0800116c   0x0800116c   0x00000078   Code   RO          988    i.HAL_SD_ConfigWideBusOperation  stm32f1xx_hal_sd.o
    0x080011e4   0x080011e4   0x000000b2   Code   RO          992    i.HAL_SD_GetCardCID  stm32f1xx_hal_sd.o
    0x08001296   0x08001296   0x000001da   Code   RO          993    i.HAL_SD_GetCardCSD  stm32f1xx_hal_sd.o
    0x08001470   0x08001470   0x0000002c   Code   RO          995    i.HAL_SD_GetCardState  stm32f1xx_hal_sd.o
    0x0800149c   0x0800149c   0x00000036   Code   RO         1000    i.HAL_SD_Init       stm32f1xx_hal_sd.o
    0x080014d2   0x080014d2   0x00000002   PAD
    0x080014d4   0x080014d4   0x00000054   Code   RO         1001    i.HAL_SD_InitCard   stm32f1xx_hal_sd.o
    0x08001528   0x08001528   0x00000058   Code   RO          251    i.HAL_SD_MspInit    sdio.o
    0x08001580   0x08001580   0x00000056   Code   RO          605    i.HAL_SRAM_Init     stm32f1xx_hal_sram.o
    0x080015d6   0x080015d6   0x00000004   Code   RO          204    i.HAL_SRAM_MspInit  fsmc.o
    0x080015da   0x080015da   0x00000018   Code   RO         2051    i.HAL_SYSTICK_CLKSourceConfig  stm32f1xx_hal_cortex.o
    0x080015f2   0x080015f2   0x00000002   Code   RO         2052    i.HAL_SYSTICK_Callback  stm32f1xx_hal_cortex.o
    0x080015f4   0x080015f4   0x00000028   Code   RO         2053    i.HAL_SYSTICK_Config  stm32f1xx_hal_cortex.o
    0x0800161c   0x0800161c   0x00000008   Code   RO         2054    i.HAL_SYSTICK_IRQHandler  stm32f1xx_hal_cortex.o
    0x08001624   0x08001624   0x00000062   Code   RO         1281    i.HAL_UART_Init     stm32f1xx_hal_uart.o
    0x08001686   0x08001686   0x00000002   PAD
    0x08001688   0x08001688   0x00000058   Code   RO          293    i.HAL_UART_MspInit  usart.o
    0x080016e0   0x080016e0   0x000000ba   Code   RO         1289    i.HAL_UART_Transmit  stm32f1xx_hal_uart.o
    0x0800179a   0x0800179a   0x00000002   Code   RO          342    i.HardFault_Handler  stm32f1xx_it.o
    0x0800179c   0x0800179c   0x0000006c   Code   RO         2509    i.LCD_Clear         lcd.o
    0x08001808   0x08001808   0x00000134   Code   RO         2513    i.LCD_Display_Dir   lcd.o
    0x0800193c   0x0800193c   0x00000110   Code   RO         2518    i.LCD_Fast_DrawPoint  lcd.o
    0x08001a4c   0x08001a4c   0x00002d04   Code   RO         2520    i.LCD_Init          lcd.o
    0x08004750   0x08004750   0x00000010   Code   RO         2524    i.LCD_ReadReg       lcd.o
    0x08004760   0x08004760   0x0000003c   Code   RO         2525    i.LCD_SSD_BackLightSet  lcd.o
    0x0800479c   0x0800479c   0x000001a8   Code   RO         2526    i.LCD_Scan_Dir      lcd.o
    0x08004944   0x08004944   0x00000140   Code   RO         2527    i.LCD_SetCursor     lcd.o
    0x08004a84   0x08004a84   0x00000014   Code   RO         2532    i.LCD_WriteRAM_Prepare  lcd.o
    0x08004a98   0x08004a98   0x00000010   Code   RO         2533    i.LCD_WriteReg      lcd.o
    0x08004aa8   0x08004aa8   0x00000054   Code   RO         2689    i.List4_InsertBlock  list4_malloc.o
    0x08004afc   0x08004afc   0x000000a8   Code   RO         2690    i.List4_Malloc      list4_malloc.o
    0x08004ba4   0x08004ba4   0x0000008c   Code   RO         2691    i.List4_Malloc_Init  list4_malloc.o
    0x08004c30   0x08004c30   0x00000098   Code   RO          205    i.MX_FSMC_Init      fsmc.o
    0x08004cc8   0x08004cc8   0x00000094   Code   RO          178    i.MX_GPIO_Init      gpio.o
    0x08004d5c   0x08004d5c   0x0000005c   Code   RO          252    i.MX_SDIO_SD_Init   sdio.o
    0x08004db8   0x08004db8   0x0000004c   Code   RO          294    i.MX_USART1_UART_Init  usart.o
    0x08004e04   0x08004e04   0x00000002   Code   RO          343    i.MemManage_Handler  stm32f1xx_it.o
    0x08004e06   0x08004e06   0x00000002   Code   RO          344    i.NMI_Handler       stm32f1xx_it.o
    0x08004e08   0x08004e08   0x00000020   Code   RO         2055    i.NVIC_SetPriority  stm32f1xx_hal_cortex.o
    0x08004e28   0x08004e28   0x00000044   Code   RO         3395    i.NewButton         cuigui_button.o
    0x08004e6c   0x08004e6c   0x00000060   Code   RO         3466    i.NewSlider         cuigui_slider.o
    0x08004ecc   0x08004ecc   0x00000136   Code   RO         3396    i.Obj_SkinPressed   cuigui_button.o
    0x08005002   0x08005002   0x00000136   Code   RO         3397    i.Obj_SkinUnPressed  cuigui_button.o
    0x08005138   0x08005138   0x00000002   Code   RO          345    i.PendSV_Handler    stm32f1xx_it.o
    0x0800513a   0x0800513a   0x00000002   PAD
    0x0800513c   0x0800513c   0x0000003a   Code   RO         3467    i.ProssSkin         cuigui_slider.o
    0x08005176   0x08005176   0x00000024   Code   RO          721    i.SDIO_ConfigData   stm32f1xx_ll_sdmmc.o
    0x0800519a   0x0800519a   0x00000008   Code   RO          725    i.SDIO_GetPowerState  stm32f1xx_ll_sdmmc.o
    0x080051a2   0x080051a2   0x0000000c   Code   RO          726    i.SDIO_GetResponse  stm32f1xx_ll_sdmmc.o
    0x080051ae   0x080051ae   0x00000024   Code   RO          727    i.SDIO_Init         stm32f1xx_ll_sdmmc.o
    0x080051d2   0x080051d2   0x00000008   Code   RO          729    i.SDIO_PowerState_ON  stm32f1xx_ll_sdmmc.o
    0x080051da   0x080051da   0x00000006   Code   RO          730    i.SDIO_ReadFIFO     stm32f1xx_ll_sdmmc.o
    0x080051e0   0x080051e0   0x00000020   Code   RO          731    i.SDIO_SendCommand  stm32f1xx_ll_sdmmc.o
    0x08005200   0x08005200   0x00000032   Code   RO          734    i.SDMMC_CmdAppCommand  stm32f1xx_ll_sdmmc.o
    0x08005232   0x08005232   0x00000002   PAD
    0x08005234   0x08005234   0x00000034   Code   RO          735    i.SDMMC_CmdAppOperCommand  stm32f1xx_ll_sdmmc.o
    0x08005268   0x08005268   0x00000032   Code   RO          736    i.SDMMC_CmdBlockLength  stm32f1xx_ll_sdmmc.o
    0x0800529a   0x0800529a   0x00000032   Code   RO          737    i.SDMMC_CmdBusWidth  stm32f1xx_ll_sdmmc.o
    0x080052cc   0x080052cc   0x00000050   Code   RO          741    i.SDMMC_CmdGoIdleState  stm32f1xx_ll_sdmmc.o
    0x0800531c   0x0800531c   0x00000068   Code   RO          743    i.SDMMC_CmdOperCond  stm32f1xx_ll_sdmmc.o
    0x08005384   0x08005384   0x00000032   Code   RO          748    i.SDMMC_CmdSelDesel  stm32f1xx_ll_sdmmc.o
    0x080053b6   0x080053b6   0x0000002c   Code   RO          749    i.SDMMC_CmdSendCID  stm32f1xx_ll_sdmmc.o
    0x080053e2   0x080053e2   0x0000002c   Code   RO          750    i.SDMMC_CmdSendCSD  stm32f1xx_ll_sdmmc.o
    0x0800540e   0x0800540e   0x00000030   Code   RO          751    i.SDMMC_CmdSendSCR  stm32f1xx_ll_sdmmc.o
    0x0800543e   0x0800543e   0x00000032   Code   RO          752    i.SDMMC_CmdSendStatus  stm32f1xx_ll_sdmmc.o
    0x08005470   0x08005470   0x00000030   Code   RO          753    i.SDMMC_CmdSetRelAdd  stm32f1xx_ll_sdmmc.o
    0x080054a0   0x080054a0   0x0000011c   Code   RO          759    i.SDMMC_GetCmdResp1  stm32f1xx_ll_sdmmc.o
    0x080055bc   0x080055bc   0x00000050   Code   RO          760    i.SDMMC_GetCmdResp2  stm32f1xx_ll_sdmmc.o
    0x0800560c   0x0800560c   0x00000040   Code   RO          761    i.SDMMC_GetCmdResp3  stm32f1xx_ll_sdmmc.o
    0x0800564c   0x0800564c   0x00000084   Code   RO          762    i.SDMMC_GetCmdResp6  stm32f1xx_ll_sdmmc.o
    0x080056d0   0x080056d0   0x000000d4   Code   RO         1017    i.SD_FindSCR        stm32f1xx_hal_sd.o
    0x080057a4   0x080057a4   0x000000e6   Code   RO         1018    i.SD_InitCard       stm32f1xx_hal_sd.o
    0x0800588a   0x0800588a   0x000000a2   Code   RO         1019    i.SD_PowerON        stm32f1xx_hal_sd.o
    0x0800592c   0x0800592c   0x0000004e   Code   RO         1021    i.SD_WideBus_Disable  stm32f1xx_hal_sd.o
    0x0800597a   0x0800597a   0x0000004e   Code   RO         1022    i.SD_WideBus_Enable  stm32f1xx_hal_sd.o
    0x080059c8   0x080059c8   0x00000002   Code   RO          346    i.SVC_Handler       stm32f1xx_it.o
    0x080059ca   0x080059ca   0x00000002   PAD
    0x080059cc   0x080059cc   0x00000014   Code   RO         3468    i.SliderDefaultSkin  cuigui_slider.o
    0x080059e0   0x080059e0   0x0000002e   Code   RO         3469    i.SliderSkin0       cuigui_slider.o
    0x08005a0e   0x08005a0e   0x0000000e   Code   RO          347    i.SysTick_Handler   stm32f1xx_it.o
    0x08005a1c   0x08005a1c   0x00000080   Code   RO           13    i.SystemClock_Config  main.o
    0x08005a9c   0x08005a9c   0x00000048   Code   RO         2471    i.SystemInit        system_stm32f1xx.o
    0x08005ae4   0x08005ae4   0x00000170   Code   RO         1307    i.UART_SetConfig    stm32f1xx_hal_uart.o
    0x08005c54   0x08005c54   0x00000064   Code   RO         1309    i.UART_WaitOnFlagUntilTimeout  stm32f1xx_hal_uart.o
    0x08005cb8   0x08005cb8   0x00000002   Code   RO          348    i.UsageFault_Handler  stm32f1xx_it.o
    0x08005cba   0x08005cba   0x00000002   PAD
    0x08005cbc   0x08005cbc   0x00000028   Code   RO           14    i._Error_Handler    main.o
    0x08005ce4   0x08005ce4   0x00000020   Code   RO         3655    i.__0printf$5       mc_w.l(printf5.o)
    0x08005d04   0x08005d04   0x0000000e   Code   RO         3845    i.__scatterload_copy  mc_w.l(handlers.o)
    0x08005d12   0x08005d12   0x00000002   Code   RO         3846    i.__scatterload_null  mc_w.l(handlers.o)
    0x08005d14   0x08005d14   0x0000000e   Code   RO         3847    i.__scatterload_zeroinit  mc_w.l(handlers.o)
    0x08005d22   0x08005d22   0x00000070   Code   RO         3231    i._draw_model       gui.o
    0x08005d92   0x08005d92   0x00000002   PAD
    0x08005d94   0x08005d94   0x000002c0   Code   RO         3662    i._printf_core      mc_w.l(printf5.o)
    0x08006054   0x08006054   0x00000018   Code   RO          295    i.fputc             usart.o
    0x0800606c   0x0800606c   0x00000110   Code   RO           15    i.main              main.o
    0x0800617c   0x0800617c   0x00000010   Data   RO         2472    .constdata          system_stm32f1xx.o
    0x0800618c   0x0800618c   0x00000008   Data   RO         2473    .constdata          system_stm32f1xx.o
    0x08006194   0x08006194   0x00000048   Data   RO         3033    .constdata          songti24.o
    0x080061dc   0x080061dc   0x00000008   Data   RO         3034    .constdata          songti24.o
    0x080061e4   0x080061e4   0x0000000c   Data   RO         3035    .constdata          songti24.o
    0x080061f0   0x080061f0   0x00000010   Data   RO         3036    .constdata          songti24.o
    0x08006200   0x08006200   0x00000004   Data   RO         3233    .constdata          gui.o
    0x08006204   0x08006204   0x00000020   Data   RO         3843    Region$$Table       anon$$obj.o


    Execution Region RW_IRAM1 (Exec base: 0x20000000, Load base: 0x08006224, Size: 0x0000cd48, Max: 0x00010000, ABSOLUTE)

    Exec Addr    Load Addr    Size         Type   Attr      Idx    E Section Name        Object

    0x20000000   0x08006224   0x00000008   Data   RW          207    .data               fsmc.o
    0x20000008   0x0800622c   0x0000000c   Data   RW         1605    .data               stm32f1xx_hal.o
    0x20000014   0x08006238   0x00000004   Data   RW         2474    .data               system_stm32f1xx.o
    0x20000018   0x0800623c   0x00000004   Data   RW         3234    .data               gui.o
    0x2000001c   0x08006240   0x00000004   Data   RW         3821    .data               mc_w.l(stdout.o)
    0x20000020        -       0x00000044   Zero   RW          206    .bss                fsmc.o
    0x20000064        -       0x00000084   Zero   RW          253    .bss                sdio.o
    0x200000e8        -       0x00000040   Zero   RW          296    .bss                usart.o
    0x20000128        -       0x0000000e   Zero   RW         2535    .bss                lcd.o
    0x20000136   0x08006244   0x00000002   PAD
    0x20000138        -       0x00000010   Zero   RW         2692    .bss                list4_malloc.o
    0x20000148        -       0x0000c800   Zero   RW         2693    .bss                list4_malloc.o
    0x2000c948        -       0x00000400   Zero   RW            1    STACK               startup_stm32f103xe.o


==============================================================================

Image component sizes


      Code (inc. data)   RO Data    RW Data    ZI Data      Debug   Object Name

       804         10          0          0          0       4260   cuigui_button.o
        16          0          0          0          0       2567   cuigui_color.o
       174          8          0          0          0       4215   cuigui_lcddriver.o
       362         16          0          0          0       4278   cuigui_slider.o
       272         50          0          8         68       2099   fsmc.o
       148         10          0          0          0        955   gpio.o
       436         24          4          4          0      11617   gui.o
     13068        128          0          0         14      47587   lcd.o
       392        134          0          0      51216       3504   list4_malloc.o
       440        152          0          0          0     497590   main.o
         0          0          0          0          0        852   microsoftyaheiascii24.o
       180         42          0          0        132       1521   sdio.o
         0          0        108          0          0       5988   songti24.o
        36          8        304          0       1024        784   startup_stm32f103xe.o
       164         28          0         12          0       3721   stm32f1xx_hal.o
       206         14          0          0          0      26612   stm32f1xx_hal_cortex.o
       498         42          0          0          0       2832   stm32f1xx_hal_gpio.o
       144         10          0          0          0        874   stm32f1xx_hal_msp.o
      1296        104          0          0          0       5516   stm32f1xx_hal_rcc.o
      1714          4          0          0          0       9362   stm32f1xx_hal_sd.o
        86          0          0          0          0       1156   stm32f1xx_hal_sram.o
       752          4          0          0          0       3824   stm32f1xx_hal_uart.o
        30          0          0          0          0       3666   stm32f1xx_it.o
       280         12          0          0          0       2495   stm32f1xx_ll_fsmc.o
      1368         36          0          0          0      17142   stm32f1xx_ll_sdmmc.o
        72         16         24          4          0       1103   system_stm32f1xx.o
       188         40          0          0         64       1990   usart.o

    ----------------------------------------------------------------------
     23144        892        472         28      52520     668110   Object Totals
         0          0         32          0          0          0   (incl. Generated)
        18          0          0          0          2          0   (incl. Padding)

    ----------------------------------------------------------------------

      Code (inc. data)   RO Data    RW Data    ZI Data      Debug   Library Member Name

         0          0          0          0          0          0   entry.o
         0          0          0          0          0          0   entry10a.o
         0          0          0          0          0          0   entry11a.o
         8          4          0          0          0          0   entry2.o
         4          0          0          0          0          0   entry5.o
         0          0          0          0          0          0   entry7b.o
         0          0          0          0          0          0   entry8b.o
         8          4          0          0          0          0   entry9a.o
        30          0          0          0          0          0   handlers.o
        36          8          0          0          0         68   init.o
         0          0          0          0          0          0   iusefp.o
        30          0          0          0          0         68   llshl.o
        32          0          0          0          0         68   llushr.o
        36          0          0          0          0        108   memseta.o
       736         56          0          0          0        184   printf5.o
         0          0          0          4          0          0   stdout.o
        98          0          0          0          0         92   uldiv.o
       186          0          0          0          0        176   depilogue.o
        50          0          0          0          0         76   dfixui.o
        26          0          0          0          0         76   dfltui.o
       228          0          0          0          0         96   dmul.o

    ----------------------------------------------------------------------
      1508         72          0          4          0       1012   Library Totals
         0          0          0          0          0          0   (incl. Padding)

    ----------------------------------------------------------------------

      Code (inc. data)   RO Data    RW Data    ZI Data      Debug   Library Name

      1018         72          0          4          0        588   mc_w.l
       490          0          0          0          0        424   mf_w.l

    ----------------------------------------------------------------------
      1508         72          0          4          0       1012   Library Totals

    ----------------------------------------------------------------------

==============================================================================


      Code (inc. data)   RO Data    RW Data    ZI Data      Debug   

     24652        964        472         32      52520     662514   Grand Totals
     24652        964        472         32      52520     662514   ELF Image Totals
     24652        964        472         32          0          0   ROM Totals

==============================================================================

    Total RO  Size (Code + RO Data)                25124 (  24.54kB)
    Total RW  Size (RW Data + ZI Data)             52552 (  51.32kB)
    Total ROM Size (Code + RO Data + RW Data)      25156 (  24.57kB)

==============================================================================

