Component: ARM Compiler 5.06 update 6 (build 750) Tool: armlink [4d35ed]

==============================================================================

Section Cross References

    startup_stm32f103xe.o(RESET) refers to startup_stm32f103xe.o(STACK) for __initial_sp
    startup_stm32f103xe.o(RESET) refers to startup_stm32f103xe.o(.text) for Reset_Handler
    startup_stm32f103xe.o(RESET) refers to stm32f1xx_it.o(i.NMI_Handler) for NMI_Handler
    startup_stm32f103xe.o(RESET) refers to stm32f1xx_it.o(i.HardFault_Handler) for HardFault_Handler
    startup_stm32f103xe.o(RESET) refers to stm32f1xx_it.o(i.MemManage_Handler) for MemManage_Handler
    startup_stm32f103xe.o(RESET) refers to stm32f1xx_it.o(i.BusFault_Handler) for BusFault_Handler
    startup_stm32f103xe.o(RESET) refers to stm32f1xx_it.o(i.UsageFault_Handler) for UsageFault_Handler
    startup_stm32f103xe.o(RESET) refers to stm32f1xx_it.o(i.SVC_Handler) for SVC_Handler
    startup_stm32f103xe.o(RESET) refers to stm32f1xx_it.o(i.DebugMon_Handler) for DebugMon_Handler
    startup_stm32f103xe.o(RESET) refers to stm32f1xx_it.o(i.PendSV_Handler) for PendSV_Handler
    startup_stm32f103xe.o(RESET) refers to stm32f1xx_it.o(i.SysTick_Handler) for SysTick_Handler
    startup_stm32f103xe.o(.text) refers to system_stm32f1xx.o(i.SystemInit) for SystemInit
    startup_stm32f103xe.o(.text) refers to entry.o(.ARM.Collect$$$$00000000) for __main
    main.o(i.SystemClock_Config) refers to stm32f1xx_hal_rcc.o(i.HAL_RCC_OscConfig) for HAL_RCC_OscConfig
    main.o(i.SystemClock_Config) refers to stm32f1xx_hal_rcc.o(i.HAL_RCC_ClockConfig) for HAL_RCC_ClockConfig
    main.o(i.SystemClock_Config) refers to main.o(i._Error_Handler) for _Error_Handler
    main.o(i.SystemClock_Config) refers to stm32f1xx_hal_rcc.o(i.HAL_RCC_GetHCLKFreq) for HAL_RCC_GetHCLKFreq
    main.o(i.SystemClock_Config) refers to stm32f1xx_hal_cortex.o(i.HAL_SYSTICK_Config) for HAL_SYSTICK_Config
    main.o(i.SystemClock_Config) refers to stm32f1xx_hal_cortex.o(i.HAL_SYSTICK_CLKSourceConfig) for HAL_SYSTICK_CLKSourceConfig
    main.o(i.SystemClock_Config) refers to stm32f1xx_hal_cortex.o(i.HAL_NVIC_SetPriority) for HAL_NVIC_SetPriority
    main.o(i._Error_Handler) refers to printf5.o(i.__0printf$5) for __2printf
    main.o(i.main) refers to stm32f1xx_hal.o(i.HAL_Init) for HAL_Init
    main.o(i.main) refers to main.o(i.SystemClock_Config) for SystemClock_Config
    main.o(i.main) refers to gpio.o(i.MX_GPIO_Init) for MX_GPIO_Init
    main.o(i.main) refers to usart.o(i.MX_USART1_UART_Init) for MX_USART1_UART_Init
    main.o(i.main) refers to fsmc.o(i.MX_FSMC_Init) for MX_FSMC_Init
    main.o(i.main) refers to printf5.o(i.__0printf$5) for __2printf
    main.o(i.main) refers to cuigui_lcddriver.o(i.CUIGUI_Init) for CUIGUI_Init
    main.o(i.main) refers to list4_malloc.o(i.List4_Malloc_Init) for List4_Malloc_Init
    main.o(i.main) refers to gui.o(i.CUIGUI_SetFont) for CUIGUI_SetFont
    main.o(i.main) refers to gui.o(i.CUIGUI_DrawStr) for CUIGUI_DrawStr
    main.o(i.main) refers to cuigui_button.o(i.NewButton) for NewButton
    main.o(i.main) refers to list4_malloc.o(.bss) for list4mallocArray
    main.o(i.main) refers to list4_malloc.o(.bss) for list4mess
    main.o(i.main) refers to songti24.o(.constdata) for GUI_Fontsongti24
    gpio.o(i.MX_GPIO_Init) refers to stm32f1xx_hal_gpio.o(i.HAL_GPIO_WritePin) for HAL_GPIO_WritePin
    gpio.o(i.MX_GPIO_Init) refers to stm32f1xx_hal_gpio.o(i.HAL_GPIO_Init) for HAL_GPIO_Init
    fsmc.o(i.HAL_FSMC_MspInit) refers to stm32f1xx_hal_gpio.o(i.HAL_GPIO_Init) for HAL_GPIO_Init
    fsmc.o(i.HAL_FSMC_MspInit) refers to fsmc.o(.data) for .data
    fsmc.o(i.HAL_SRAM_MspDeInit) refers to stm32f1xx_hal_gpio.o(i.HAL_GPIO_DeInit) for HAL_GPIO_DeInit
    fsmc.o(i.HAL_SRAM_MspDeInit) refers to fsmc.o(.data) for .data
    fsmc.o(i.HAL_SRAM_MspInit) refers to fsmc.o(i.HAL_FSMC_MspInit) for HAL_FSMC_MspInit
    fsmc.o(i.MX_FSMC_Init) refers to stm32f1xx_hal_sram.o(i.HAL_SRAM_Init) for HAL_SRAM_Init
    fsmc.o(i.MX_FSMC_Init) refers to main.o(i._Error_Handler) for _Error_Handler
    fsmc.o(i.MX_FSMC_Init) refers to fsmc.o(.bss) for .bss
    usart.o(i.HAL_UART_MspDeInit) refers to stm32f1xx_hal_gpio.o(i.HAL_GPIO_DeInit) for HAL_GPIO_DeInit
    usart.o(i.HAL_UART_MspInit) refers to stm32f1xx_hal_gpio.o(i.HAL_GPIO_Init) for HAL_GPIO_Init
    usart.o(i.MX_USART1_UART_Init) refers to stm32f1xx_hal_uart.o(i.HAL_UART_Init) for HAL_UART_Init
    usart.o(i.MX_USART1_UART_Init) refers to main.o(i._Error_Handler) for _Error_Handler
    usart.o(i.MX_USART1_UART_Init) refers to usart.o(.bss) for .bss
    usart.o(i.fputc) refers to stm32f1xx_hal_uart.o(i.HAL_UART_Transmit) for HAL_UART_Transmit
    usart.o(i.fputc) refers to usart.o(.bss) for .bss
    stm32f1xx_it.o(i.SysTick_Handler) refers to stm32f1xx_hal.o(i.HAL_IncTick) for HAL_IncTick
    stm32f1xx_it.o(i.SysTick_Handler) refers to stm32f1xx_hal_cortex.o(i.HAL_SYSTICK_IRQHandler) for HAL_SYSTICK_IRQHandler
[...]
    Removing stm32f1xx_hal_pwr.o(.rrx_text), (6 bytes).
    Removing stm32f1xx_hal_pwr.o(i.HAL_PWR_ConfigPVD), (124 bytes).
    Removing stm32f1xx_hal_pwr.o(i.HAL_PWR_DeInit), (24 bytes).
    Removing stm32f1xx_hal_pwr.o(i.HAL_PWR_DisableBkUpAccess), (12 bytes).
    Removing stm32f1xx_hal_pwr.o(i.HAL_PWR_DisablePVD), (12 bytes).
    Removing stm32f1xx_hal_pwr.o(i.HAL_PWR_DisableSEVOnPend), (16 bytes).
    Removing stm32f1xx_hal_pwr.o(i.HAL_PWR_DisableSleepOnExit), (16 bytes).
    Removing stm32f1xx_hal_pwr.o(i.HAL_PWR_DisableWakeUpPin), (28 bytes).
    Removing stm32f1xx_hal_pwr.o(i.HAL_PWR_EnableBkUpAccess), (12 bytes).
    Removing stm32f1xx_hal_pwr.o(i.HAL_PWR_EnablePVD), (12 bytes).
    Removing stm32f1xx_hal_pwr.o(i.HAL_PWR_EnableSEVOnPend), (16 bytes).
    Removing stm32f1xx_hal_pwr.o(i.HAL_PWR_EnableSleepOnExit), (16 bytes).
    Removing stm32f1xx_hal_pwr.o(i.HAL_PWR_EnableWakeUpPin), (28 bytes).
    Removing stm32f1xx_hal_pwr.o(i.HAL_PWR_EnterSLEEPMode), (32 bytes).
    Removing stm32f1xx_hal_pwr.o(i.HAL_PWR_EnterSTANDBYMode), (32 bytes).
    Removing stm32f1xx_hal_pwr.o(i.HAL_PWR_EnterSTOPMode), (68 bytes).
    Removing stm32f1xx_hal_pwr.o(i.HAL_PWR_PVDCallback), (2 bytes).
    Removing stm32f1xx_hal_pwr.o(i.HAL_PWR_PVD_IRQHandler), (28 bytes).
    Removing stm32f1xx_hal_pwr.o(i.PWR_OverloadWfe), (6 bytes).
    Removing stm32f1xx_hal_flash.o(.rev16_text), (4 bytes).
    Removing stm32f1xx_hal_flash.o(.revsh_text), (4 bytes).
    Removing stm32f1xx_hal_flash.o(.rrx_text), (6 bytes).
    Removing stm32f1xx_hal_flash.o(i.FLASH_Program_HalfWord), (28 bytes).
    Removing stm32f1xx_hal_flash.o(i.FLASH_SetErrorCode), (92 bytes).
    Removing stm32f1xx_hal_flash.o(i.FLASH_WaitForLastOperation), (84 bytes).
    Removing stm32f1xx_hal_flash.o(i.HAL_FLASH_EndOfOperationCallback), (2 bytes).
    Removing stm32f1xx_hal_flash.o(i.HAL_FLASH_GetError), (12 bytes).
    Removing stm32f1xx_hal_flash.o(i.HAL_FLASH_IRQHandler), (264 bytes).
    Removing stm32f1xx_hal_flash.o(i.HAL_FLASH_Lock), (20 bytes).
    Removing stm32f1xx_hal_flash.o(i.HAL_FLASH_OB_Launch), (4 bytes).
    Removing stm32f1xx_hal_flash.o(i.HAL_FLASH_OB_Lock), (20 bytes).
    Removing stm32f1xx_hal_flash.o(i.HAL_FLASH_OB_Unlock), (36 bytes).
    Removing stm32f1xx_hal_flash.o(i.HAL_FLASH_OperationErrorCallback), (2 bytes).
    Removing stm32f1xx_hal_flash.o(i.HAL_FLASH_Program), (128 bytes).
    Removing stm32f1xx_hal_flash.o(i.HAL_FLASH_Program_IT), (100 bytes).
    Removing stm32f1xx_hal_flash.o(i.HAL_FLASH_Unlock), (40 bytes).
    Removing stm32f1xx_hal_flash.o(.bss), (32 bytes).
    Removing stm32f1xx_hal_flash_ex.o(.rev16_text), (4 bytes).
    Removing stm32f1xx_hal_flash_ex.o(.revsh_text), (4 bytes).
    Removing stm32f1xx_hal_flash_ex.o(.rrx_text), (6 bytes).
    Removing stm32f1xx_hal_flash_ex.o(i.FLASH_MassErase), (36 bytes).
    Removing stm32f1xx_hal_flash_ex.o(i.FLASH_OB_DisableWRP), (176 bytes).
    Removing stm32f1xx_hal_flash_ex.o(i.FLASH_OB_EnableWRP), (176 bytes).
    Removing stm32f1xx_hal_flash_ex.o(i.FLASH_OB_GetRDP), (24 bytes).
    Removing stm32f1xx_hal_flash_ex.o(i.FLASH_OB_RDP_LevelConfig), (100 bytes).
    Removing stm32f1xx_hal_flash_ex.o(i.FLASH_PageErase), (36 bytes).
    Removing stm32f1xx_hal_flash_ex.o(i.HAL_FLASHEx_Erase), (168 bytes).
    Removing stm32f1xx_hal_flash_ex.o(i.HAL_FLASHEx_Erase_IT), (84 bytes).
    Removing stm32f1xx_hal_flash_ex.o(i.HAL_FLASHEx_OBErase), (84 bytes).
    Removing stm32f1xx_hal_flash_ex.o(i.HAL_FLASHEx_OBGetConfig), (36 bytes).
    Removing stm32f1xx_hal_flash_ex.o(i.HAL_FLASHEx_OBGetUserData), (32 bytes).
    Removing stm32f1xx_hal_flash_ex.o(i.HAL_FLASHEx_OBProgram), (200 bytes).
    Removing system_stm32f1xx.o(.rev16_text), (4 bytes).
    Removing system_stm32f1xx.o(.revsh_text), (4 bytes).
    Removing system_stm32f1xx.o(.rrx_text), (6 bytes).
    Removing system_stm32f1xx.o(i.SystemCoreClockUpdate), (104 bytes).
    Removing lcd.o(.rev16_text), (4 bytes).
    Removing lcd.o(.revsh_text), (4 bytes).
    Removing lcd.o(.rrx_text), (6 bytes).
    Removing lcd.o(i.LCD_BGR2RGB), (18 bytes).
    Removing lcd.o(i.LCD_Color_Fill), (92 bytes).
    Removing lcd.o(i.LCD_DisplayOff), (76 bytes).
    Removing lcd.o(i.LCD_DisplayOn), (76 bytes).
    Removing lcd.o(i.LCD_DrawLine), (154 bytes).
    Removing lcd.o(i.LCD_DrawPoint), (28 bytes).
    Removing lcd.o(i.LCD_DrawRectangle), (56 bytes).
    Removing lcd.o(i.LCD_Draw_Circle), (176 bytes).
    Removing lcd.o(i.LCD_Fill), (140 bytes).
    Removing lcd.o(i.LCD_Pow), (16 bytes).
    Removing lcd.o(i.LCD_RD_DATA), (12 bytes).
    Removing lcd.o(i.LCD_ReadPoint), (240 bytes).
    Removing lcd.o(i.LCD_Set_Window), (388 bytes).
    Removing lcd.o(i.LCD_WR_DATA), (12 bytes).
    Removing lcd.o(i.LCD_WR_REG), (12 bytes).
    Removing lcd.o(i.LCD_WriteRAM), (12 bytes).
    Removing lcd.o(i.opt_delay), (8 bytes).
    Removing lcd.o(.data), (2 bytes).
    Removing lcd.o(.data), (2 bytes).
    Removing list4_malloc.o(.rev16_text), (4 bytes).
    Removing list4_malloc.o(.revsh_text), (4 bytes).
    Removing list4_malloc.o(.rrx_text), (6 bytes).
    Removing list4_malloc.o(i.List4_Free), (284 bytes).
    Removing microsoftyaheiascii24.o(.rev16_text), (4 bytes).
    Removing microsoftyaheiascii24.o(.revsh_text), (4 bytes).
    Removing microsoftyaheiascii24.o(.rrx_text), (6 bytes).
    Removing microsoftyaheiascii24.o(.constdata), (24 bytes).
    Removing microsoftyaheiascii24.o(.constdata), (24 bytes).
    Removing microsoftyaheiascii24.o(.constdata), (24 bytes).
    Removing microsoftyaheiascii24.o(.constdata), (48 bytes).
    Removing microsoftyaheiascii24.o(.constdata), (48 bytes).
    Removing microsoftyaheiascii24.o(.constdata), (48 bytes).
    Removing microsoftyaheiascii24.o(.constdata), (48 bytes).
    Removing microsoftyaheiascii24.o(.constdata), (24 bytes).
    Removing microsoftyaheiascii24.o(.constdata), (24 bytes).
    Removing microsoftyaheiascii24.o(.constdata), (24 bytes).
    Removing microsoftyaheiascii24.o(.constdata), (24 bytes).
    Removing microsoftyaheiascii24.o(.constdata), (48 bytes).
    Removing microsoftyaheiascii24.o(.constdata), (24 bytes).
    Removing microsoftyaheiascii24.o(.constdata), (24 bytes).
    Removing microsoftyaheiascii24.o(.constdata), (24 bytes).
    Removing microsoftyaheiascii24.o(.constdata), (24 bytes).
    Removing microsoftyaheiascii24.o(.constdata), (48 bytes).
    Removing microsoftyaheiascii24.o(.constdata), (48 bytes).
    Removing microsoftyaheiascii24.o(.constdata), (48 bytes).
    Removing microsoftyaheiascii24.o(.constdata), (48 bytes).
    Removing microsoftyaheiascii24.o(.constdata), (48 bytes).
    Removing microsoftyaheiascii24.o(.constdata), (48 bytes).
    Removing microsoftyaheiascii24.o(.constdata), (48 bytes).
    Removing microsoftyaheiascii24.o(.constdata), (48 bytes).
    Removing microsoftyaheiascii24.o(.constdata), (48 bytes).
    Removing microsoftyaheiascii24.o(.constdata), (48 bytes).
    Removing microsoftyaheiascii24.o(.constdata), (24 bytes).
    Removing microsoftyaheiascii24.o(.constdata), (24 bytes).
    Removing microsoftyaheiascii24.o(.constdata), (48 bytes).
    Removing microsoftyaheiascii24.o(.constdata), (48 bytes).
    Removing microsoftyaheiascii24.o(.constdata), (48 bytes).
    Removing microsoftyaheiascii24.o(.constdata), (48 bytes).
    Removing microsoftyaheiascii24.o(.constdata), (72 bytes).
    Removing microsoftyaheiascii24.o(.constdata), (48 bytes).
    Removing microsoftyaheiascii24.o(.constdata), (48 bytes).
    Removing microsoftyaheiascii24.o(.constdata), (48 bytes).
    Removing microsoftyaheiascii24.o(.constdata), (48 bytes).
    Removing microsoftyaheiascii24.o(.constdata), (48 bytes).
    Removing microsoftyaheiascii24.o(.constdata), (48 bytes).
    Removing microsoftyaheiascii24.o(.constdata), (48 bytes).
    Removing microsoftyaheiascii24.o(.constdata), (48 bytes).
    Removing microsoftyaheiascii24.o(.constdata), (24 bytes).
    Removing microsoftyaheiascii24.o(.constdata), (24 bytes).
    Removing microsoftyaheiascii24.o(.constdata), (48 bytes).
    Removing microsoftyaheiascii24.o(.constdata), (48 bytes).
    Removing microsoftyaheiascii24.o(.constdata), (72 bytes).
    Removing microsoftyaheiascii24.o(.constdata), (48 bytes).
    Removing microsoftyaheiascii24.o(.constdata), (48 bytes).
    Removing microsoftyaheiascii24.o(.constdata), (48 bytes).
    Removing microsoftyaheiascii24.o(.constdata), (48 bytes).
    Removing microsoftyaheiascii24.o(.constdata), (48 bytes).
    Removing microsoftyaheiascii24.o(.constdata), (48 bytes).
    Removing microsoftyaheiascii24.o(.constdata), (48 bytes).
    Removing microsoftyaheiascii24.o(.constdata), (48 bytes).
    Removing microsoftyaheiascii24.o(.constdata), (48 bytes).
    Removing microsoftyaheiascii24.o(.constdata), (72 bytes).
    Removing microsoftyaheiascii24.o(.constdata), (48 bytes).
    Removing microsoftyaheiascii24.o(.constdata), (48 bytes).
    Removing microsoftyaheiascii24.o(.constdata), (48 bytes).
    Removing microsoftyaheiascii24.o(.constdata), (24 bytes).
    Removing microsoftyaheiascii24.o(.constdata), (24 bytes).
    Removing microsoftyaheiascii24.o(.constdata), (24 bytes).
    Removing microsoftyaheiascii24.o(.constdata), (48 bytes).
    Removing microsoftyaheiascii24.o(.constdata), (24 bytes).
    Removing microsoftyaheiascii24.o(.constdata), (24 bytes).
    Removing microsoftyaheiascii24.o(.constdata), (48 bytes).
    Removing microsoftyaheiascii24.o(.constdata), (48 bytes).
    Removing microsoftyaheiascii24.o(.constdata), (48 bytes).
    Removing microsoftyaheiascii24.o(.constdata), (48 bytes).
    Removing microsoftyaheiascii24.o(.constdata), (48 bytes).
    Removing microsoftyaheiascii24.o(.constdata), (24 bytes).
    Removing microsoftyaheiascii24.o(.constdata), (48 bytes).
    Removing microsoftyaheiascii24.o(.constdata), (48 bytes).
    Removing microsoftyaheiascii24.o(.constdata), (24 bytes).
    Removing microsoftyaheiascii24.o(.constdata), (24 bytes).
    Removing microsoftyaheiascii24.o(.constdata), (48 bytes).
    Removing microsoftyaheiascii24.o(.constdata), (24 bytes).
    Removing microsoftyaheiascii24.o(.constdata), (72 bytes).
    Removing microsoftyaheiascii24.o(.constdata), (48 bytes).
    Removing microsoftyaheiascii24.o(.constdata), (48 bytes).
    Removing microsoftyaheiascii24.o(.constdata), (48 bytes).
    Removing microsoftyaheiascii24.o(.constdata), (48 bytes).
    Removing microsoftyaheiascii24.o(.constdata), (24 bytes).
    Removing microsoftyaheiascii24.o(.constdata), (24 bytes).
    Removing microsoftyaheiascii24.o(.constdata), (24 bytes).
    Removing microsoftyaheiascii24.o(.constdata), (48 bytes).
    Removing microsoftyaheiascii24.o(.constdata), (48 bytes).
    Removing microsoftyaheiascii24.o(.constdata), (48 bytes).
    Removing microsoftyaheiascii24.o(.constdata), (48 bytes).
    Removing microsoftyaheiascii24.o(.constdata), (48 bytes).
    Removing microsoftyaheiascii24.o(.constdata), (48 bytes).
    Removing microsoftyaheiascii24.o(.constdata), (24 bytes).
    Removing microsoftyaheiascii24.o(.constdata), (24 bytes).
    Removing microsoftyaheiascii24.o(.constdata), (24 bytes).
    Removing microsoftyaheiascii24.o(.constdata), (48 bytes).
    Removing microsoftyaheiascii24.o(.constdata), (24 bytes).
    Removing microsoftyaheiascii24.o(.constdata), (24 bytes).
    Removing microsoftyaheiascii24.o(.constdata), (24 bytes).
    Removing microsoftyaheiascii24.o(.constdata), (48 bytes).
    Removing microsoftyaheiascii24.o(.constdata), (48 bytes).
    Removing microsoftyaheiascii24.o(.constdata), (48 bytes).
    Removing microsoftyaheiascii24.o(.constdata), (48 bytes).
    Removing microsoftyaheiascii24.o(.constdata), (24 bytes).
    Removing microsoftyaheiascii24.o(.constdata), (48 bytes).
    Removing microsoftyaheiascii24.o(.constdata), (24 bytes).
    Removing microsoftyaheiascii24.o(.constdata), (72 bytes).
    Removing microsoftyaheiascii24.o(.constdata), (24 bytes).
    Removing microsoftyaheiascii24.o(.constdata), (48 bytes).
    Removing microsoftyaheiascii24.o(.constdata), (48 bytes).
    Removing microsoftyaheiascii24.o(.constdata), (24 bytes).
    Removing microsoftyaheiascii24.o(.constdata), (72 bytes).
    Removing microsoftyaheiascii24.o(.constdata), (24 bytes).
    Removing microsoftyaheiascii24.o(.constdata), (24 bytes).
    Removing microsoftyaheiascii24.o(.constdata), (48 bytes).
    Removing microsoftyaheiascii24.o(.constdata), (24 bytes).
    Removing microsoftyaheiascii24.o(.constdata), (24 bytes).
    Removing microsoftyaheiascii24.o(.constdata), (24 bytes).
    Removing microsoftyaheiascii24.o(.constdata), (48 bytes).
    Removing microsoftyaheiascii24.o(.constdata), (48 bytes).
    Removing microsoftyaheiascii24.o(.constdata), (24 bytes).
    Removing microsoftyaheiascii24.o(.constdata), (24 bytes).
    Removing microsoftyaheiascii24.o(.constdata), (24 bytes).
    Removing microsoftyaheiascii24.o(.constdata), (24 bytes).
    Removing microsoftyaheiascii24.o(.constdata), (48 bytes).
    Removing microsoftyaheiascii24.o(.constdata), (72 bytes).
    Removing microsoftyaheiascii24.o(.constdata), (72 bytes).
    Removing microsoftyaheiascii24.o(.constdata), (72 bytes).
    Removing microsoftyaheiascii24.o(.constdata), (48 bytes).
    Removing microsoftyaheiascii24.o(.constdata), (48 bytes).
    Removing microsoftyaheiascii24.o(.constdata), (48 bytes).
    Removing microsoftyaheiascii24.o(.constdata), (48 bytes).
    Removing microsoftyaheiascii24.o(.constdata), (48 bytes).
    Removing microsoftyaheiascii24.o(.constdata), (48 bytes).
    Removing microsoftyaheiascii24.o(.constdata), (48 bytes).
    Removing microsoftyaheiascii24.o(.constdata), (72 bytes).
    Removing microsoftyaheiascii24.o(.constdata), (48 bytes).
    Removing microsoftyaheiascii24.o(.constdata), (48 bytes).
    Removing microsoftyaheiascii24.o(.constdata), (48 bytes).
    Removing microsoftyaheiascii24.o(.constdata), (48 bytes).
    Removing microsoftyaheiascii24.o(.constdata), (48 bytes).
    Removing microsoftyaheiascii24.o(.constdata), (24 bytes).
    Removing microsoftyaheiascii24.o(.constdata), (24 bytes).
    Removing microsoftyaheiascii24.o(.constdata), (24 bytes).
    Removing microsoftyaheiascii24.o(.constdata), (24 bytes).
    Removing microsoftyaheiascii24.o(.constdata), (48 bytes).
    Removing microsoftyaheiascii24.o(.constdata), (48 bytes).
    Removing microsoftyaheiascii24.o(.constdata), (48 bytes).
    Removing microsoftyaheiascii24.o(.constdata), (48 bytes).
    Removing microsoftyaheiascii24.o(.constdata), (48 bytes).
    Removing microsoftyaheiascii24.o(.constdata), (48 bytes).
    Removing microsoftyaheiascii24.o(.constdata), (48 bytes).
    Removing microsoftyaheiascii24.o(.constdata), (48 bytes).
    Removing microsoftyaheiascii24.o(.constdata), (48 bytes).
    Removing microsoftyaheiascii24.o(.constdata), (48 bytes).
    Removing microsoftyaheiascii24.o(.constdata), (48 bytes).
    Removing microsoftyaheiascii24.o(.constdata), (48 bytes).
    Removing microsoftyaheiascii24.o(.constdata), (48 bytes).
    Removing microsoftyaheiascii24.o(.constdata), (48 bytes).
    Removing microsoftyaheiascii24.o(.constdata), (48 bytes).
    Removing microsoftyaheiascii24.o(.constdata), (48 bytes).
    Removing microsoftyaheiascii24.o(.constdata), (48 bytes).
    Removing microsoftyaheiascii24.o(.constdata), (48 bytes).
    Removing microsoftyaheiascii24.o(.constdata), (48 bytes).
    Removing microsoftyaheiascii24.o(.constdata), (48 bytes).
    Removing microsoftyaheiascii24.o(.constdata), (48 bytes).
    Removing microsoftyaheiascii24.o(.constdata), (48 bytes).
    Removing microsoftyaheiascii24.o(.constdata), (48 bytes).
    Removing microsoftyaheiascii24.o(.constdata), (48 bytes).
    Removing microsoftyaheiascii24.o(.constdata), (48 bytes).
    Removing microsoftyaheiascii24.o(.constdata), (48 bytes).
    Removing microsoftyaheiascii24.o(.constdata), (48 bytes).
    Removing microsoftyaheiascii24.o(.constdata), (48 bytes).
    Removing microsoftyaheiascii24.o(.constdata), (24 bytes).
    Removing microsoftyaheiascii24.o(.constdata), (24 bytes).
    Removing microsoftyaheiascii24.o(.constdata), (24 bytes).
    Removing microsoftyaheiascii24.o(.constdata), (24 bytes).
    Removing microsoftyaheiascii24.o(.constdata), (48 bytes).
    Removing microsoftyaheiascii24.o(.constdata), (48 bytes).
    Removing microsoftyaheiascii24.o(.constdata), (48 bytes).
    Removing microsoftyaheiascii24.o(.constdata), (48 bytes).
    Removing microsoftyaheiascii24.o(.constdata), (48 bytes).
    Removing microsoftyaheiascii24.o(.constdata), (48 bytes).
    Removing microsoftyaheiascii24.o(.constdata), (48 bytes).
    Removing microsoftyaheiascii24.o(.constdata), (48 bytes).
    Removing microsoftyaheiascii24.o(.constdata), (48 bytes).
    Removing microsoftyaheiascii24.o(.constdata), (48 bytes).
    Removing microsoftyaheiascii24.o(.constdata), (48 bytes).
    Removing microsoftyaheiascii24.o(.constdata), (48 bytes).
    Removing microsoftyaheiascii24.o(.constdata), (48 bytes).
    Removing microsoftyaheiascii24.o(.constdata), (48 bytes).
    Removing microsoftyaheiascii24.o(.constdata), (48 bytes).
    Removing microsoftyaheiascii24.o(.constdata), (48 bytes).
    Removing microsoftyaheiascii24.o(.constdata), (48 bytes).
    Removing microsoftyaheiascii24.o(.constdata), (48 bytes).
    Removing microsoftyaheiascii24.o(.constdata), (48 bytes).
    Removing microsoftyaheiascii24.o(.constdata), (48 bytes).
    Removing microsoftyaheiascii24.o(.constdata), (48 bytes).
    Removing microsoftyaheiascii24.o(.constdata), (48 bytes).
    Removing microsoftyaheiascii24.o(.constdata), (48 bytes).
    Removing microsoftyaheiascii24.o(.constdata), (48 bytes).
    Removing microsoftyaheiascii24.o(.constdata), (48 bytes).
    Removing microsoftyaheiascii24.o(.constdata), (48 bytes).
    Removing microsoftyaheiascii24.o(.constdata), (48 bytes).
    Removing microsoftyaheiascii24.o(.constdata), (48 bytes).
    Removing microsoftyaheiascii24.o(.constdata), (48 bytes).
    Removing microsoftyaheiascii24.o(.constdata), (48 bytes).
    Removing microsoftyaheiascii24.o(.constdata), (48 bytes).
    Removing microsoftyaheiascii24.o(.constdata), (48 bytes).
    Removing microsoftyaheiascii24.o(.constdata), (48 bytes).
    Removing microsoftyaheiascii24.o(.constdata), (48 bytes).
    Removing microsoftyaheiascii24.o(.constdata), (48 bytes).
    Removing microsoftyaheiascii24.o(.constdata), (48 bytes).
    Removing microsoftyaheiascii24.o(.constdata), (48 bytes).
    Removing microsoftyaheiascii24.o(.constdata), (48 bytes).
    Removing microsoftyaheiascii24.o(.constdata), (48 bytes).
    Removing microsoftyaheiascii24.o(.constdata), (48 bytes).
    Removing microsoftyaheiascii24.o(.constdata), (48 bytes).
    Removing microsoftyaheiascii24.o(.constdata), (48 bytes).
    Removing microsoftyaheiascii24.o(.constdata), (48 bytes).
    Removing microsoftyaheiascii24.o(.constdata), (48 bytes).
    Removing microsoftyaheiascii24.o(.constdata), (48 bytes).
    Removing microsoftyaheiascii24.o(.constdata), (48 bytes).
    Removing microsoftyaheiascii24.o(.constdata), (48 bytes).
    Removing microsoftyaheiascii24.o(.constdata), (48 bytes).
    Removing microsoftyaheiascii24.o(.constdata), (48 bytes).
    Removing microsoftyaheiascii24.o(.constdata), (48 bytes).
    Removing microsoftyaheiascii24.o(.constdata), (48 bytes).
    Removing microsoftyaheiascii24.o(.constdata), (48 bytes).
    Removing microsoftyaheiascii24.o(.constdata), (48 bytes).
    Removing microsoftyaheiascii24.o(.constdata), (48 bytes).
    Removing microsoftyaheiascii24.o(.constdata), (48 bytes).
    Removing microsoftyaheiascii24.o(.constdata), (48 bytes).
    Removing microsoftyaheiascii24.o(.constdata), (1856 bytes).
    Removing microsoftyaheiascii24.o(.constdata), (12 bytes).
    Removing microsoftyaheiascii24.o(.constdata), (12 bytes).
    Removing microsoftyaheiascii24.o(.constdata), (16 bytes).
    Removing cc936.o(.rev16_text), (4 bytes).
    Removing cc936.o(.revsh_text), (4 bytes).
    Removing cc936.o(.rrx_text), (6 bytes).
    Removing songti24.o(.rev16_text), (4 bytes).
    Removing songti24.o(.revsh_text), (4 bytes).
    Removing songti24.o(.rrx_text), (6 bytes).
    Removing cuigui_lcddriver.o(.rev16_text), (4 bytes).
    Removing cuigui_lcddriver.o(.revsh_text), (4 bytes).
    Removing cuigui_lcddriver.o(.rrx_text), (6 bytes).
    Removing cuigui_lcddriver.o(i.CUIGUI_DrawLine), (156 bytes).
    Removing cuigui_lcddriver.o(i.CUIGUI_Draw_Circle), (196 bytes).
    Removing cuigui_lcddriver.o(i.CUIGUI_FastDrawPoint), (12 bytes).
    Removing cuigui_lcddriver.o(i.CUIGUI_FastStart), (4 bytes).
    Removing cuigui_lcddriver.o(i.CUIGUI_FastXOR), (16 bytes).
    Removing cuigui_lcddriver.o(i.CUIGUI_ReadPoint), (4 bytes).
    Removing cuigui_lcddriver.o(i.CUIGUI_SetPosition), (4 bytes).
    Removing cuigui_lcddriver.o(i.CUIGUI_XORPoint), (28 bytes).
    Removing cuigui_lcddriver.o(i.DrawFullCircle), (146 bytes).
    Removing cuigui_color.o(.rev16_text), (4 bytes).
    Removing cuigui_color.o(.revsh_text), (4 bytes).
    Removing cuigui_color.o(.rrx_text), (6 bytes).
    Removing cuigui_color.o(i.CUIGUI_GETRGB), (20 bytes).
    Removing cuigui_color.o(i.CUIGUI_GetColor), (16 bytes).
    Removing cuigui_button.o(.rev16_text), (4 bytes).
    Removing cuigui_button.o(.revsh_text), (4 bytes).
    Removing cuigui_button.o(.rrx_text), (6 bytes).
    Removing cuigui_button.o(i.BtDefaultSkin), (4 bytes).
    Removing cuigui_button.o(i.BtDefaultText), (4 bytes).
    Removing cuigui_button.o(i.ButtonSetColor), (6 bytes).
    Removing cuigui_button.o(i.ButtonSetFont), (6 bytes).
    Removing gui.o(.rev16_text), (4 bytes).
    Removing gui.o(.revsh_text), (4 bytes).
    Removing gui.o(.rrx_text), (6 bytes).
    Removing gui.o(i.CUIGUI_DrawDoubleColorNum), (44 bytes).
    Removing gui.o(i.CUIGUI_DrawDoubleNum), (40 bytes).
    Removing gui.o(i.CUIGUI_DrawNum), (40 bytes).
    Removing gui.o(i.CUIGUI_NumSelect), (196 bytes).
    Removing gui.o(i.CUIGUI_NumSelect2), (136 bytes).
    Removing gui.o(i.DoubletoString), (86 bytes).
    Removing gui.o(i.DoubletoStringSaveZheng), (260 bytes).
    Removing gui.o(i.GBK2UNICODE), (44 bytes).
    Removing gui.o(i.GetHeightFont), (4 bytes).
    Removing gui.o(i.GetNumOfStr), (28 bytes).
    Removing gui.o(i.GetStrLengthAndSaveSide), (58 bytes).
    Removing gui.o(i.GetUnicode), (4 bytes).
    Removing gui.o(i.StrtoDouble), (248 bytes).
    Removing gui.o(i.u32_tostr), (94 bytes).
    Removing gui.o(.constdata), (4 bytes).
    Removing relative_layout.o(.rev16_text), (4 bytes).
    Removing relative_layout.o(.revsh_text), (4 bytes).
    Removing relative_layout.o(.rrx_text), (6 bytes).
    Removing relative_layout.o(i.RelativeLayout), (88 bytes).
    Removing fadd.o(.text), (176 bytes).
    Removing fmul.o(.text), (100 bytes).
    Removing fflti.o(.text), (18 bytes).
    Removing ffltui.o(.text), (10 bytes).
    Removing ffixui.o(.text), (40 bytes).
    Removing f2d.o(.text), (38 bytes).
    Removing cdcmple.o(.text), (48 bytes).
    Removing cdrcmple.o(.text), (48 bytes).
    Removing d2f.o(.text), (56 bytes).
    Removing fepilogue.o(.text), (110 bytes).
    Removing dadd.o(.text), (334 bytes).
    Removing ddiv.o(.text), (222 bytes).
    Removing dfixul.o(.text), (48 bytes).

586 unused section(s) (total 29526 bytes) removed from the image.

==============================================================================

Image Symbol Table

    Local Symbols

    Symbol Name                              Value     Ov Type        Size  Object(Section)

    ..//Src/system_stm32f1xx.c               0x00000000   Number         0  system_stm32f1xx.o ABSOLUTE
    ../Drivers/STM32F1xx_HAL_Driver/Src/stm32f1xx_hal.c 0x00000000   Number         0  stm32f1xx_hal.o ABSOLUTE
    ../Drivers/STM32F1xx_HAL_Driver/Src/stm32f1xx_hal_cortex.c 0x00000000   Number         0  stm32f1xx_hal_cortex.o ABSOLUTE
    ../Drivers/STM32F1xx_HAL_Driver/Src/stm32f1xx_hal_dma.c 0x00000000   Number         0  stm32f1xx_hal_dma.o ABSOLUTE
    ../Drivers/STM32F1xx_HAL_Driver/Src/stm32f1xx_hal_flash.c 0x00000000   Number         0  stm32f1xx_hal_flash.o ABSOLUTE
    ../Drivers/STM32F1xx_HAL_Driver/Src/stm32f1xx_hal_flash_ex.c 0x00000000   Number         0  stm32f1xx_hal_flash_ex.o ABSOLUTE
    ../Drivers/STM32F1xx_HAL_Driver/Src/stm32f1xx_hal_gpio.c 0x00000000   Number         0  stm32f1xx_hal_gpio.o ABSOLUTE
    ../Drivers/STM32F1xx_HAL_Driver/Src/stm32f1xx_hal_gpio_ex.c 0x00000000   Number         0  stm32f1xx_hal_gpio_ex.o ABSOLUTE
    ../Drivers/STM32F1xx_HAL_Driver/Src/stm32f1xx_hal_pwr.c 0x00000000   Number         0  stm32f1xx_hal_pwr.o ABSOLUTE
    ../Drivers/STM32F1xx_HAL_Driver/Src/stm32f1xx_hal_rcc.c 0x00000000   Number         0  stm32f1xx_hal_rcc.o ABSOLUTE
    ../Drivers/STM32F1xx_HAL_Driver/Src/stm32f1xx_hal_rcc_ex.c 0x00000000   Number         0  stm32f1xx_hal_rcc_ex.o ABSOLUTE
    ../Drivers/STM32F1xx_HAL_Driver/Src/stm32f1xx_hal_sram.c 0x00000000   Number         0  stm32f1xx_hal_sram.o ABSOLUTE
    ../Drivers/STM32F1xx_HAL_Driver/Src/stm32f1xx_hal_tim.c 0x00000000   Number         0  stm32f1xx_hal_tim.o ABSOLUTE
    ../Drivers/STM32F1xx_HAL_Driver/Src/stm32f1xx_hal_tim_ex.c 0x00000000   Number         0  stm32f1xx_hal_tim_ex.o ABSOLUTE
    ../Drivers/STM32F1xx_HAL_Driver/Src/stm32f1xx_hal_uart.c 0x00000000   Number         0  stm32f1xx_hal_uart.o ABSOLUTE
    ../Drivers/STM32F1xx_HAL_Driver/Src/stm32f1xx_ll_fsmc.c 0x00000000   Number         0  stm32f1xx_ll_fsmc.o ABSOLUTE
    ../Src/fsmc.c                            0x00000000   Number         0  fsmc.o ABSOLUTE
    ../Src/gpio.c                            0x00000000   Number         0  gpio.o ABSOLUTE
    ../Src/main.c                            0x00000000   Number         0  main.o ABSOLUTE
    ../Src/stm32f1xx_hal_msp.c               0x00000000   Number         0  stm32f1xx_hal_msp.o ABSOLUTE
    ../Src/stm32f1xx_it.c                    0x00000000   Number         0  stm32f1xx_it.o ABSOLUTE
    ../Src/usart.c                           0x00000000   Number         0  usart.o ABSOLUTE
    ../clib/microlib/division.c              0x00000000   Number         0  uldiv.o ABSOLUTE
    ../clib/microlib/division.c              0x00000000   Number         0  uidiv.o ABSOLUTE
    ../clib/microlib/init/entry.s            0x00000000   Number         0  entry8a.o ABSOLUTE
    ../clib/microlib/init/entry.s            0x00000000   Number         0  entry10b.o ABSOLUTE
    ../clib/microlib/init/entry.s            0x00000000   Number         0  entry10a.o ABSOLUTE
    ../clib/microlib/init/entry.s            0x00000000   Number         0  entry7a.o ABSOLUTE
    ../clib/microlib/init/entry.s            0x00000000   Number         0  entry5.o ABSOLUTE
    ../clib/microlib/init/entry.s            0x00000000   Number         0  entry7b.o ABSOLUTE
    ../clib/microlib/init/entry.s            0x00000000   Number         0  entry11a.o ABSOLUTE
    ../clib/microlib/init/entry.s            0x00000000   Number         0  entry9a.o ABSOLUTE
    ../clib/microlib/init/entry.s            0x00000000   Number         0  entry2.o ABSOLUTE
    ../clib/microlib/init/entry.s            0x00000000   Number         0  entry9b.o ABSOLUTE
    ../clib/microlib/init/entry.s            0x00000000   Number         0  entry.o ABSOLUTE
    ../clib/microlib/init/entry.s            0x00000000   Number         0  entry8b.o ABSOLUTE
    ../clib/microlib/init/entry.s            0x00000000   Number         0  entry11b.o ABSOLUTE
    ../clib/microlib/longlong.c              0x00000000   Number         0  llushr.o ABSOLUTE
    ../clib/microlib/longlong.c              0x00000000   Number         0  llshl.o ABSOLUTE
    ../clib/microlib/longlong.c              0x00000000   Number         0  llsshr.o ABSOLUTE
    ../clib/microlib/printf/printf.c         0x00000000   Number         0  printfa.o ABSOLUTE
    ../clib/microlib/printf/printf.c         0x00000000   Number         0  printf8.o ABSOLUTE
    ../clib/microlib/printf/printf.c         0x00000000   Number         0  printf7.o ABSOLUTE
    ../clib/microlib/printf/printf.c         0x00000000   Number         0  printf6.o ABSOLUTE
    ../clib/microlib/printf/printf.c         0x00000000   Number         0  printf5.o ABSOLUTE
    ../clib/microlib/printf/printf.c         0x00000000   Number         0  printf4.o ABSOLUTE
    ../clib/microlib/printf/printf.c         0x00000000   Number         0  printf3.o ABSOLUTE
    ../clib/microlib/printf/printf.c         0x00000000   Number         0  printf2.o ABSOLUTE
    ../clib/microlib/printf/printf.c         0x00000000   Number         0  printf1.o ABSOLUTE
    ../clib/microlib/printf/printf.c         0x00000000   Number         0  printf0.o ABSOLUTE
    ../clib/microlib/printf/printf.c         0x00000000   Number         0  printfb.o ABSOLUTE
    ../clib/microlib/printf/stubs.s          0x00000000   Number         0  stubs.o ABSOLUTE
    ../clib/microlib/stdio/streams.c         0x00000000   Number         0  stdout.o ABSOLUTE
    ../clib/microlib/stubs.s                 0x00000000   Number         0  iusefp.o ABSOLUTE
    ../fplib/microlib/d2f.c                  0x00000000   Number         0  d2f.o ABSOLUTE
    ../fplib/microlib/f2d.c                  0x00000000   Number         0  f2d.o ABSOLUTE
    ../fplib/microlib/fpadd.c                0x00000000   Number         0  fadd.o ABSOLUTE
    ../fplib/microlib/fpadd.c                0x00000000   Number         0  dadd.o ABSOLUTE
    ../fplib/microlib/fpdiv.c                0x00000000   Number         0  ddiv.o ABSOLUTE
    ../fplib/microlib/fpepilogue.c           0x00000000   Number         0  depilogue.o ABSOLUTE
    ../fplib/microlib/fpepilogue.c           0x00000000   Number         0  fepilogue.o ABSOLUTE
    ../fplib/microlib/fpfix.c                0x00000000   Number         0  dfixui.o ABSOLUTE
    ../fplib/microlib/fpfix.c                0x00000000   Number         0  ffixui.o ABSOLUTE
    ../fplib/microlib/fpfix.c                0x00000000   Number         0  dfixul.o ABSOLUTE
    ../fplib/microlib/fpflt.c                0x00000000   Number         0  ffltui.o ABSOLUTE
    ../fplib/microlib/fpflt.c                0x00000000   Number         0  dfltui.o ABSOLUTE
    ../fplib/microlib/fpflt.c                0x00000000   Number         0  fflti.o ABSOLUTE
    ../fplib/microlib/fpmul.c                0x00000000   Number         0  fmul.o ABSOLUTE
    ../fplib/microlib/fpmul.c                0x00000000   Number         0  dmul.o ABSOLUTE
    ..\..\..\basic\CUIGUI_COLOR.C            0x00000000   Number         0  cuigui_color.o ABSOLUTE
    ..\..\..\basic\CUIGUI_LCDDRIVER.C        0x00000000   Number         0  cuigui_lcddriver.o ABSOLUTE
    ..\..\..\basic\GUI.C                     0x00000000   Number         0  gui.o ABSOLUTE
    ..\..\..\config\lcd\lcd.c                0x00000000   Number         0  lcd.o ABSOLUTE
    ..\..\..\font\MicrosoftYaHeiASCII24.c    0x00000000   Number         0  microsoftyaheiascii24.o ABSOLUTE
    ..\..\..\font\cc936.c                    0x00000000   Number         0  cc936.o ABSOLUTE
    ..\..\..\font\songti24.c                 0x00000000   Number         0  songti24.o ABSOLUTE
    ..\..\..\guimodule\CUIGUI_BUTTON.C       0x00000000   Number         0  cuigui_button.o ABSOLUTE
    ..\..\..\layout\RELATIVE_LAYOUT.C        0x00000000   Number         0  relative_layout.o ABSOLUTE
    ..\..\..\malloc\List4_Malloc.C           0x00000000   Number         0  list4_malloc.o ABSOLUTE
    ..\Drivers\STM32F1xx_HAL_Driver\Src\stm32f1xx_hal.c 0x00000000   Number         0  stm32f1xx_hal.o ABSOLUTE
    ..\Drivers\STM32F1xx_HAL_Driver\Src\stm32f1xx_hal_cortex.c 0x00000000   Number         0  stm32f1xx_hal_cortex.o ABSOLUTE
    ..\Drivers\STM32F1xx_HAL_Driver\Src\stm32f1xx_hal_dma.c 0x00000000   Number         0  stm32f1xx_hal_dma.o ABSOLUTE
    ..\Drivers\STM32F1xx_HAL_Driver\Src\stm32f1xx_hal_flash.c 0x00000000   Number         0  stm32f1xx_hal_flash.o ABSOLUTE
    ..\Drivers\STM32F1xx_HAL_Driver\Src\stm32f1xx_hal_flash_ex.c 0x00000000   Number         0  stm32f1xx_hal_flash_ex.o ABSOLUTE
    ..\Drivers\STM32F1xx_HAL_Driver\Src\stm32f1xx_hal_gpio.c 0x00000000   Number         0  stm32f1xx_hal_gpio.o ABSOLUTE
    ..\Drivers\STM32F1xx_HAL_Driver\Src\stm32f1xx_hal_gpio_ex.c 0x00000000   Number         0  stm32f1xx_hal_gpio_ex.o ABSOLUTE
    ..\Drivers\STM32F1xx_HAL_Driver\Src\stm32f1xx_hal_pwr.c 0x00000000   Number         0  stm32f1xx_hal_pwr.o ABSOLUTE
    ..\Drivers\STM32F1xx_HAL_Driver\Src\stm32f1xx_hal_rcc.c 0x00000000   Number         0  stm32f1xx_hal_rcc.o ABSOLUTE
    ..\Drivers\STM32F1xx_HAL_Driver\Src\stm32f1xx_hal_rcc_ex.c 0x00000000   Number         0  stm32f1xx_hal_rcc_ex.o ABSOLUTE
    ..\Drivers\STM32F1xx_HAL_Driver\Src\stm32f1xx_hal_sram.c 0x00000000   Number         0  stm32f1xx_hal_sram.o ABSOLUTE
    ..\Drivers\STM32F1xx_HAL_Driver\Src\stm32f1xx_hal_tim.c 0x00000000   Number         0  stm32f1xx_hal_tim.o ABSOLUTE
    ..\Drivers\STM32F1xx_HAL_Driver\Src\stm32f1xx_hal_tim_ex.c 0x00000000   Number         0  stm32f1xx_hal_tim_ex.o ABSOLUTE
    ..\Drivers\STM32F1xx_HAL_Driver\Src\stm32f1xx_hal_uart.c 0x00000000   Number         0  stm32f1xx_hal_uart.o ABSOLUTE
    ..\Drivers\STM32F1xx_HAL_Driver\Src\stm32f1xx_ll_fsmc.c 0x00000000   Number         0  stm32f1xx_ll_fsmc.o ABSOLUTE
    ..\Src\fsmc.c                            0x00000000   Number         0  fsmc.o ABSOLUTE
    ..\Src\gpio.c                            0x00000000   Number         0  gpio.o ABSOLUTE
    ..\Src\main.c                            0x00000000   Number         0  main.o ABSOLUTE
    ..\Src\stm32f1xx_hal_msp.c               0x00000000   Number         0  stm32f1xx_hal_msp.o ABSOLUTE
    ..\Src\stm32f1xx_it.c                    0x00000000   Number         0  stm32f1xx_it.o ABSOLUTE
    ..\Src\usart.c                           0x00000000   Number         0  usart.o ABSOLUTE
    ..\\..\\..\\basic\\CUIGUI_COLOR.C        0x00000000   Number         0  cuigui_color.o ABSOLUTE
    ..\\..\\..\\basic\\CUIGUI_LCDDRIVER.C    0x00000000   Number         0  cuigui_lcddriver.o ABSOLUTE
    ..\\..\\..\\basic\\GUI.C                 0x00000000   Number         0  gui.o ABSOLUTE
    ..\\..\\..\\config\\lcd\\lcd.c           0x00000000   Number         0  lcd.o ABSOLUTE
    ..\\..\\..\\font\\MicrosoftYaHeiASCII24.c 0x00000000   Number         0  microsoftyaheiascii24.o ABSOLUTE
    ..\\..\\..\\font\\cc936.c                0x00000000   Number         0  cc936.o ABSOLUTE
    ..\\..\\..\\font\\songti24.c             0x00000000   Number         0  songti24.o ABSOLUTE
    ..\\..\\..\\guimodule\\CUIGUI_BUTTON.C   0x00000000   Number         0  cuigui_button.o ABSOLUTE
    ..\\..\\..\\layout\\RELATIVE_LAYOUT.C    0x00000000   Number         0  relative_layout.o ABSOLUTE
    ..\\..\\..\\malloc\\List4_Malloc.C       0x00000000   Number         0  list4_malloc.o ABSOLUTE
    ..\\Src\system_stm32f1xx.c               0x00000000   Number         0  system_stm32f1xx.o ABSOLUTE
    cdcmple.s                                0x00000000   Number         0  cdcmple.o ABSOLUTE
    cdrcmple.s                               0x00000000   Number         0  cdrcmple.o ABSOLUTE
    dc.s                                     0x00000000   Number         0  dc.o ABSOLUTE
    handlers.s                               0x00000000   Number         0  handlers.o ABSOLUTE
    init.s                                   0x00000000   Number         0  init.o ABSOLUTE
    startup_stm32f103xe.s                    0x00000000   Number         0  startup_stm32f103xe.o ABSOLUTE
    RESET                                    0x08000000   Section      304  startup_stm32f103xe.o(RESET)
    .ARM.Collect$$$$00000000                 0x08000130   Section        0  entry.o(.ARM.Collect$$$$00000000)
    .ARM.Collect$$$$00000001                 0x08000130   Section        4  entry2.o(.ARM.Collect$$$$00000001)
    .ARM.Collect$$$$00000004                 0x08000134   Section        4  entry5.o(.ARM.Collect$$$$00000004)
    .ARM.Collect$$$$00000008                 0x08000138   Section        0  entry7b.o(.ARM.Collect$$$$00000008)
    .ARM.Collect$$$$0000000A                 0x08000138   Section        0  entry8b.o(.ARM.Collect$$$$0000000A)
    .ARM.Collect$$$$0000000B                 0x08000138   Section        8  entry9a.o(.ARM.Collect$$$$0000000B)
    .ARM.Collect$$$$0000000D                 0x08000140   Section        0  entry10a.o(.ARM.Collect$$$$0000000D)
    .ARM.Collect$$$$0000000F                 0x08000140   Section        0  entry11a.o(.ARM.Collect$$$$0000000F)
    .ARM.Collect$$$$00002712                 0x08000140   Section        4  entry2.o(.ARM.Collect$$$$00002712)
    __lit__00000000                          0x08000140   Data           4  entry2.o(.ARM.Collect$$$$00002712)
    .text                                    0x08000144   Section       36  startup_stm32f103xe.o(.text)
    .text                                    0x08000168   Section        0  llushr.o(.text)
    .text                                    0x08000188   Section        0  dmul.o(.text)
    .text                                    0x0800026c   Section        0  dfltui.o(.text)
    .text                                    0x08000286   Section        0  dfixui.o(.text)
    .text                                    0x080002b8   Section        0  uldiv.o(.text)
    .text                                    0x0800031a   Section        0  iusefp.o(.text)
    .text                                    0x0800031a   Section        0  depilogue.o(.text)
    .text                                    0x080003d4   Section       36  init.o(.text)
    .text                                    0x080003f8   Section        0  llshl.o(.text)
    i.BtSkin                                 0x08000416   Section        0  cuigui_button.o(i.BtSkin)
    i.BtText                                 0x08000424   Section        0  cuigui_button.o(i.BtText)
    i.BusFault_Handler                       0x08000478   Section        0  stm32f1xx_it.o(i.BusFault_Handler)
    i.CUIGUI_Color                           0x0800047a   Section        0  cuigui_color.o(i.CUIGUI_Color)
    i.CUIGUI_DrawHLine                       0x0800048c   Section        0  cuigui_lcddriver.o(i.CUIGUI_DrawHLine)
    i.CUIGUI_DrawPoint                       0x080004b0   Section        0  cuigui_lcddriver.o(i.CUIGUI_DrawPoint)
    i.CUIGUI_DrawStr                         0x080004b4   Section        0  gui.o(i.CUIGUI_DrawStr)
    i.CUIGUI_DrawVLine                       0x080004e8   Section        0  cuigui_lcddriver.o(i.CUIGUI_DrawVLine)
    i.CUIGUI_DrawWord                        0x0800050c   Section        0  gui.o(i.CUIGUI_DrawWord)
    i.CUIGUI_FillRect                        0x0800056c   Section        0  cuigui_lcddriver.o(i.CUIGUI_FillRect)
    i.CUIGUI_GetFont                         0x080005b4   Section        0  gui.o(i.CUIGUI_GetFont)
    i.CUIGUI_Init                            0x080005c0   Section        0  cuigui_lcddriver.o(i.CUIGUI_Init)
    i.CUIGUI_SetFont                         0x080005d4   Section        0  gui.o(i.CUIGUI_SetFont)
    i.DebugMon_Handler                       0x080005e0   Section        0  stm32f1xx_it.o(i.DebugMon_Handler)
    i.DefaultDrawButton                      0x080005e2   Section        0  cuigui_button.o(i.DefaultDrawButton)
    i.FSMC_NORSRAM_Extended_Timing_Init      0x080005f4   Section        0  stm32f1xx_ll_fsmc.o(i.FSMC_NORSRAM_Extended_Timing_Init)
    i.FSMC_NORSRAM_Init                      0x08000630   Section        0  stm32f1xx_ll_fsmc.o(i.FSMC_NORSRAM_Init)
    i.FSMC_NORSRAM_Timing_Init               0x080006c8   Section        0  stm32f1xx_ll_fsmc.o(i.FSMC_NORSRAM_Timing_Init)
    i.GetLengthStr                           0x0800070c   Section        0  gui.o(i.GetLengthStr)
    i.GetWordWidth                           0x08000734   Section        0  gui.o(i.GetWordWidth)
    i.GetXORColor                            0x08000774   Section        0  cuigui_lcddriver.o(i.GetXORColor)
    i.HAL_Delay                              0x0800077c   Section        0  stm32f1xx_hal.o(i.HAL_Delay)
    i.HAL_FSMC_MspInit                       0x080007a0   Section        0  fsmc.o(i.HAL_FSMC_MspInit)
    HAL_FSMC_MspInit                         0x080007a1   Thumb Code    96  fsmc.o(i.HAL_FSMC_MspInit)
    i.HAL_GPIO_Init                          0x08000814   Section        0  stm32f1xx_hal_gpio.o(i.HAL_GPIO_Init)
    i.HAL_GPIO_WritePin                      0x080009fc   Section        0  stm32f1xx_hal_gpio.o(i.HAL_GPIO_WritePin)
    i.HAL_GetTick                            0x08000a08   Section        0  stm32f1xx_hal.o(i.HAL_GetTick)
    i.HAL_IncTick                            0x08000a14   Section        0  stm32f1xx_hal.o(i.HAL_IncTick)
    i.HAL_Init                               0x08000a24   Section        0  stm32f1xx_hal.o(i.HAL_Init)
    i.HAL_InitTick                           0x08000a48   Section        0  stm32f1xx_hal.o(i.HAL_InitTick)
    i.HAL_MspInit                            0x08000a88   Section        0  stm32f1xx_hal_msp.o(i.HAL_MspInit)
    i.HAL_NVIC_SetPriority                   0x08000b18   Section        0  stm32f1xx_hal_cortex.o(i.HAL_NVIC_SetPriority)
    i.HAL_NVIC_SetPriorityGrouping           0x08000b58   Section        0  stm32f1xx_hal_cortex.o(i.HAL_NVIC_SetPriorityGrouping)
    i.HAL_RCC_ClockConfig                    0x08000b7c   Section        0  stm32f1xx_hal_rcc.o(i.HAL_RCC_ClockConfig)
    i.HAL_RCC_GetHCLKFreq                    0x08000cd0   Section        0  stm32f1xx_hal_rcc.o(i.HAL_RCC_GetHCLKFreq)
    i.HAL_RCC_GetPCLK1Freq                   0x08000cdc   Section        0  stm32f1xx_hal_rcc.o(i.HAL_RCC_GetPCLK1Freq)
    i.HAL_RCC_GetPCLK2Freq                   0x08000cfc   Section        0  stm32f1xx_hal_rcc.o(i.HAL_RCC_GetPCLK2Freq)
    i.HAL_RCC_GetSysClockFreq                0x08000d1c   Section        0  stm32f1xx_hal_rcc.o(i.HAL_RCC_GetSysClockFreq)
    i.HAL_RCC_OscConfig                      0x08000d88   Section        0  stm32f1xx_hal_rcc.o(i.HAL_RCC_OscConfig)
    i.HAL_SRAM_Init                          0x0800108c   Section        0  stm32f1xx_hal_sram.o(i.HAL_SRAM_Init)
    i.HAL_SRAM_MspInit                       0x080010e2   Section        0  fsmc.o(i.HAL_SRAM_MspInit)
    i.HAL_SYSTICK_CLKSourceConfig            0x080010e6   Section        0  stm32f1xx_hal_cortex.o(i.HAL_SYSTICK_CLKSourceConfig)
    i.HAL_SYSTICK_Callback                   0x080010fe   Section        0  stm32f1xx_hal_cortex.o(i.HAL_SYSTICK_Callback)
    i.HAL_SYSTICK_Config                     0x08001100   Section        0  stm32f1xx_hal_cortex.o(i.HAL_SYSTICK_Config)
    i.HAL_SYSTICK_IRQHandler                 0x08001128   Section        0  stm32f1xx_hal_cortex.o(i.HAL_SYSTICK_IRQHandler)
    i.HAL_UART_Init                          0x08001130   Section        0  stm32f1xx_hal_uart.o(i.HAL_UART_Init)
    i.HAL_UART_MspInit                       0x08001194   Section        0  usart.o(i.HAL_UART_MspInit)
    i.HAL_UART_Transmit                      0x080011ec   Section        0  stm32f1xx_hal_uart.o(i.HAL_UART_Transmit)
    i.HardFault_Handler                      0x080012a6   Section        0  stm32f1xx_it.o(i.HardFault_Handler)
    i.LCD_Clear                              0x080012a8   Section        0  lcd.o(i.LCD_Clear)
    i.LCD_Display_Dir                        0x08001314   Section        0  lcd.o(i.LCD_Display_Dir)
    i.LCD_Fast_DrawPoint                     0x08001448   Section        0  lcd.o(i.LCD_Fast_DrawPoint)
    i.LCD_Init                               0x08001558   Section        0  lcd.o(i.LCD_Init)
    i.LCD_ReadReg                            0x0800425c   Section        0  lcd.o(i.LCD_ReadReg)
    i.LCD_SSD_BackLightSet                   0x0800426c   Section        0  lcd.o(i.LCD_SSD_BackLightSet)
    i.LCD_Scan_Dir                           0x080042a8   Section        0  lcd.o(i.LCD_Scan_Dir)
    i.LCD_SetCursor                          0x08004450   Section        0  lcd.o(i.LCD_SetCursor)
    i.LCD_WriteRAM_Prepare                   0x08004590   Section        0  lcd.o(i.LCD_WriteRAM_Prepare)
    i.LCD_WriteReg                           0x080045a4   Section        0  lcd.o(i.LCD_WriteReg)
    i.List4_InsertBlock                      0x080045b4   Section        0  list4_malloc.o(i.List4_InsertBlock)
    i.List4_Malloc                           0x08004608   Section        0  list4_malloc.o(i.List4_Malloc)
    i.List4_Malloc_Init                      0x080046b0   Section        0  list4_malloc.o(i.List4_Malloc_Init)
    i.MX_FSMC_Init                           0x0800473c   Section        0  fsmc.o(i.MX_FSMC_Init)
    i.MX_GPIO_Init                           0x080047d4   Section        0  gpio.o(i.MX_GPIO_Init)
    i.MX_USART1_UART_Init                    0x08004858   Section        0  usart.o(i.MX_USART1_UART_Init)
    i.MemManage_Handler                      0x080048a4   Section        0  stm32f1xx_it.o(i.MemManage_Handler)
    i.NMI_Handler                            0x080048a6   Section        0  stm32f1xx_it.o(i.NMI_Handler)
    i.NVIC_SetPriority                       0x080048a8   Section        0  stm32f1xx_hal_cortex.o(i.NVIC_SetPriority)
    NVIC_SetPriority                         0x080048a9   Thumb Code    32  stm32f1xx_hal_cortex.o(i.NVIC_SetPriority)
    i.NewButton                              0x080048c8   Section        0  cuigui_button.o(i.NewButton)
    i.Obj_SkinPressed                        0x0800490c   Section        0  cuigui_button.o(i.Obj_SkinPressed)
    i.Obj_SkinUnPressed                      0x08004a42   Section        0  cuigui_button.o(i.Obj_SkinUnPressed)
    i.PendSV_Handler                         0x08004b78   Section        0  stm32f1xx_it.o(i.PendSV_Handler)
    i.SVC_Handler                            0x08004b7a   Section        0  stm32f1xx_it.o(i.SVC_Handler)
    i.SysTick_Handler                        0x08004b7c   Section        0  stm32f1xx_it.o(i.SysTick_Handler)
    i.SystemClock_Config                     0x08004b8c   Section        0  main.o(i.SystemClock_Config)
    i.SystemInit                             0x08004c0c   Section        0  system_stm32f1xx.o(i.SystemInit)
    i.UART_SetConfig                         0x08004c54   Section        0  stm32f1xx_hal_uart.o(i.UART_SetConfig)
    UART_SetConfig                           0x08004c55   Thumb Code   364  stm32f1xx_hal_uart.o(i.UART_SetConfig)
    i.UART_WaitOnFlagUntilTimeout            0x08004dc4   Section        0  stm32f1xx_hal_uart.o(i.UART_WaitOnFlagUntilTimeout)
    UART_WaitOnFlagUntilTimeout              0x08004dc5   Thumb Code   100  stm32f1xx_hal_uart.o(i.UART_WaitOnFlagUntilTimeout)
    i.UsageFault_Handler                     0x08004e28   Section        0  stm32f1xx_it.o(i.UsageFault_Handler)
    i._Error_Handler                         0x08004e2c   Section        0  main.o(i._Error_Handler)
    i.__0printf$5                            0x08004e54   Section        0  printf5.o(i.__0printf$5)
    i.__scatterload_copy                     0x08004e74   Section       14  handlers.o(i.__scatterload_copy)
    i.__scatterload_null                     0x08004e82   Section        2  handlers.o(i.__scatterload_null)
    i.__scatterload_zeroinit                 0x08004e84   Section       14  handlers.o(i.__scatterload_zeroinit)
    i._draw_model                            0x08004e92   Section        0  gui.o(i._draw_model)
    i._printf_core                           0x08004f04   Section        0  printf5.o(i._printf_core)
    _printf_core                             0x08004f05   Thumb Code   658  printf5.o(i._printf_core)
    i.ff_convert                             0x080051c4   Section        0  cc936.o(i.ff_convert)
    i.fputc                                  0x08005208   Section        0  usart.o(i.fputc)
    i.main                                   0x08005220   Section        0  main.o(i.main)
    .constdata                               0x080052a8   Section       16  system_stm32f1xx.o(.constdata)
    .constdata                               0x080052b8   Section        8  system_stm32f1xx.o(.constdata)
    .constdata                               0x080052c0   Section    87172  cc936.o(.constdata)
    oem2uni                                  0x080052c0   Data       87172  cc936.o(.constdata)
    .constdata                               0x0801a744   Section       72  songti24.o(.constdata)
    .constdata                               0x0801a78c   Section        8  songti24.o(.constdata)
    .constdata                               0x0801a794   Section       12  songti24.o(.constdata)
    .constdata                               0x0801a7a0   Section       16  songti24.o(.constdata)
    .data                                    0x20000000   Section        8  fsmc.o(.data)
    FSMC_Initialized                         0x20000000   Data           4  fsmc.o(.data)
    FSMC_DeInitialized                       0x20000004   Data           4  fsmc.o(.data)
    .data                                    0x20000008   Section       12  stm32f1xx_hal.o(.data)
    .data                                    0x20000014   Section        4  system_stm32f1xx.o(.data)
    .data                                    0x20000018   Section        4  gui.o(.data)
    .data                                    0x2000001c   Section        4  stdout.o(.data)
    .bss                                     0x20000020   Section       68  fsmc.o(.bss)
    .bss                                     0x20000064   Section       64  usart.o(.bss)
    .bss                                     0x200000a4   Section       14  lcd.o(.bss)
    .bss                                     0x200000b4   Section       16  list4_malloc.o(.bss)
    .bss                                     0x200000c4   Section    51200  list4_malloc.o(.bss)
    STACK                                    0x2000c8c8   Section     1024  startup_stm32f103xe.o(STACK)

    Global Symbols

    Symbol Name                              Value     Ov Type        Size  Object(Section)

    BuildAttributes$$THM_ISAv4$P$D$K$B$S$PE$A:L22UL41UL21$X:L11$S22US41US21$IEEE1$IW$USESV6$~STKCKD$USESV7$~SHL$OTIME$ROPI$EBA8$MICROLIB$REQ8$PRES8$EABIv2 0x00000000   Number         0  anon$$obj.o ABSOLUTE
    __ARM_use_no_argv                        0x00000000   Number         0  main.o ABSOLUTE
    _printf_a                                0x00000000   Number         0  stubs.o ABSOLUTE
    _printf_c                                0x00000000   Number         0  stubs.o ABSOLUTE
    _printf_charcount                        0x00000000   Number         0  stubs.o ABSOLUTE
    _printf_d                                0x00000000   Number         0  stubs.o ABSOLUTE
    _printf_e                                0x00000000   Number         0  stubs.o ABSOLUTE
    _printf_f                                0x00000000   Number         0  stubs.o ABSOLUTE
    _printf_flags                            0x00000000   Number         0  stubs.o ABSOLUTE
    _printf_fp_dec                           0x00000000   Number         0  stubs.o ABSOLUTE
    _printf_fp_hex                           0x00000000   Number         0  stubs.o ABSOLUTE
    _printf_g                                0x00000000   Number         0  stubs.o ABSOLUTE
    _printf_i                                0x00000000   Number         0  stubs.o ABSOLUTE
    _printf_int_dec                          0x00000000   Number         0  stubs.o ABSOLUTE
    _printf_l                                0x00000000   Number         0  stubs.o ABSOLUTE
    _printf_lc                               0x00000000   Number         0  stubs.o ABSOLUTE
    _printf_ll                               0x00000000   Number         0  stubs.o ABSOLUTE
    _printf_lld                              0x00000000   Number         0  stubs.o ABSOLUTE
    _printf_lli                              0x00000000   Number         0  stubs.o ABSOLUTE
    _printf_llo                              0x00000000   Number         0  stubs.o ABSOLUTE
    _printf_llu                              0x00000000   Number         0  stubs.o ABSOLUTE
    _printf_llx                              0x00000000   Number         0  stubs.o ABSOLUTE
    _printf_longlong_dec                     0x00000000   Number         0  stubs.o ABSOLUTE
    _printf_longlong_hex                     0x00000000   Number         0  stubs.o ABSOLUTE
    _printf_longlong_oct                     0x00000000   Number         0  stubs.o ABSOLUTE
    _printf_ls                               0x00000000   Number         0  stubs.o ABSOLUTE
    _printf_mbtowc                           0x00000000   Number         0  stubs.o ABSOLUTE
    _printf_n                                0x00000000   Number         0  stubs.o ABSOLUTE
    _printf_o                                0x00000000   Number         0  stubs.o ABSOLUTE
    _printf_p                                0x00000000   Number         0  stubs.o ABSOLUTE
    _printf_percent                          0x00000000   Number         0  stubs.o ABSOLUTE
    _printf_pre_padding                      0x00000000   Number         0  stubs.o ABSOLUTE
    _printf_return_value                     0x00000000   Number         0  stubs.o ABSOLUTE
    _printf_s                                0x00000000   Number         0  stubs.o ABSOLUTE
    _printf_sizespec                         0x00000000   Number         0  stubs.o ABSOLUTE
    _printf_str                              0x00000000   Number         0  stubs.o ABSOLUTE
    _printf_truncate_signed                  0x00000000   Number         0  stubs.o ABSOLUTE
    _printf_truncate_unsigned                0x00000000   Number         0  stubs.o ABSOLUTE
    _printf_u                                0x00000000   Number         0  stubs.o ABSOLUTE
    _printf_wc                               0x00000000   Number         0  stubs.o ABSOLUTE
    _printf_wctomb                           0x00000000   Number         0  stubs.o ABSOLUTE
    _printf_widthprec                        0x00000000   Number         0  stubs.o ABSOLUTE
    _printf_x                                0x00000000   Number         0  stubs.o ABSOLUTE
    __cpp_initialize__aeabi_                  - Undefined Weak Reference
    __cxa_finalize                            - Undefined Weak Reference
    __decompress                              - Undefined Weak Reference
    _clock_init                               - Undefined Weak Reference
    _microlib_exit                            - Undefined Weak Reference
    __Vectors_Size                           0x00000130   Number         0  startup_stm32f103xe.o ABSOLUTE
    __Vectors                                0x08000000   Data           4  startup_stm32f103xe.o(RESET)
    __Vectors_End                            0x08000130   Data           0  startup_stm32f103xe.o(RESET)
    __main                                   0x08000131   Thumb Code     0  entry.o(.ARM.Collect$$$$00000000)
    _main_stk                                0x08000131   Thumb Code     0  entry2.o(.ARM.Collect$$$$00000001)
    _main_scatterload                        0x08000135   Thumb Code     0  entry5.o(.ARM.Collect$$$$00000004)
    __main_after_scatterload                 0x08000139   Thumb Code     0  entry5.o(.ARM.Collect$$$$00000004)
    _main_clock                              0x08000139   Thumb Code     0  entry7b.o(.ARM.Collect$$$$00000008)
    _main_cpp_init                           0x08000139   Thumb Code     0  entry8b.o(.ARM.Collect$$$$0000000A)
    _main_init                               0x08000139   Thumb Code     0  entry9a.o(.ARM.Collect$$$$0000000B)
    __rt_final_cpp                           0x08000141   Thumb Code     0  entry10a.o(.ARM.Collect$$$$0000000D)
    __rt_final_exit                          0x08000141   Thumb Code     0  entry11a.o(.ARM.Collect$$$$0000000F)
    Reset_Handler                            0x08000145   Thumb Code     8  startup_stm32f103xe.o(.text)
    ADC1_2_IRQHandler                        0x0800015f   Thumb Code     0  startup_stm32f103xe.o(.text)
    ADC3_IRQHandler                          0x0800015f   Thumb Code     0  startup_stm32f103xe.o(.text)
    CAN1_RX1_IRQHandler                      0x0800015f   Thumb Code     0  startup_stm32f103xe.o(.text)
    CAN1_SCE_IRQHandler                      0x0800015f   Thumb Code     0  startup_stm32f103xe.o(.text)
    DMA1_Channel1_IRQHandler                 0x0800015f   Thumb Code     0  startup_stm32f103xe.o(.text)
    DMA1_Channel2_IRQHandler                 0x0800015f   Thumb Code     0  startup_stm32f103xe.o(.text)
    DMA1_Channel3_IRQHandler                 0x0800015f   Thumb Code     0  startup_stm32f103xe.o(.text)
    DMA1_Channel4_IRQHandler                 0x0800015f   Thumb Code     0  startup_stm32f103xe.o(.text)
    DMA1_Channel5_IRQHandler                 0x0800015f   Thumb Code     0  startup_stm32f103xe.o(.text)
    DMA1_Channel6_IRQHandler                 0x0800015f   Thumb Code     0  startup_stm32f103xe.o(.text)
    DMA1_Channel7_IRQHandler                 0x0800015f   Thumb Code     0  startup_stm32f103xe.o(.text)
    DMA2_Channel1_IRQHandler                 0x0800015f   Thumb Code     0  startup_stm32f103xe.o(.text)
    DMA2_Channel2_IRQHandler                 0x0800015f   Thumb Code     0  startup_stm32f103xe.o(.text)
    DMA2_Channel3_IRQHandler                 0x0800015f   Thumb Code     0  startup_stm32f103xe.o(.text)
    DMA2_Channel4_5_IRQHandler               0x0800015f   Thumb Code     0  startup_stm32f103xe.o(.text)
    EXTI0_IRQHandler                         0x0800015f   Thumb Code     0  startup_stm32f103xe.o(.text)
    EXTI15_10_IRQHandler                     0x0800015f   Thumb Code     0  startup_stm32f103xe.o(.text)
    EXTI1_IRQHandler                         0x0800015f   Thumb Code     0  startup_stm32f103xe.o(.text)
    EXTI2_IRQHandler                         0x0800015f   Thumb Code     0  startup_stm32f103xe.o(.text)
    EXTI3_IRQHandler                         0x0800015f   Thumb Code     0  startup_stm32f103xe.o(.text)
    EXTI4_IRQHandler                         0x0800015f   Thumb Code     0  startup_stm32f103xe.o(.text)
    EXTI9_5_IRQHandler                       0x0800015f   Thumb Code     0  startup_stm32f103xe.o(.text)
    FLASH_IRQHandler                         0x0800015f   Thumb Code     0  startup_stm32f103xe.o(.text)
    FSMC_IRQHandler                          0x0800015f   Thumb Code     0  startup_stm32f103xe.o(.text)
    I2C1_ER_IRQHandler                       0x0800015f   Thumb Code     0  startup_stm32f103xe.o(.text)
    I2C1_EV_IRQHandler                       0x0800015f   Thumb Code     0  startup_stm32f103xe.o(.text)
    I2C2_ER_IRQHandler                       0x0800015f   Thumb Code     0  startup_stm32f103xe.o(.text)
    I2C2_EV_IRQHandler                       0x0800015f   Thumb Code     0  startup_stm32f103xe.o(.text)
    PVD_IRQHandler                           0x0800015f   Thumb Code     0  startup_stm32f103xe.o(.text)
    RCC_IRQHandler                           0x0800015f   Thumb Code     0  startup_stm32f103xe.o(.text)
    RTC_Alarm_IRQHandler                     0x0800015f   Thumb Code     0  startup_stm32f103xe.o(.text)
    RTC_IRQHandler                           0x0800015f   Thumb Code     0  startup_stm32f103xe.o(.text)
    SDIO_IRQHandler                          0x0800015f   Thumb Code     0  startup_stm32f103xe.o(.text)
    SPI1_IRQHandler                          0x0800015f   Thumb Code     0  startup_stm32f103xe.o(.text)
    SPI2_IRQHandler                          0x0800015f   Thumb Code     0  startup_stm32f103xe.o(.text)
    SPI3_IRQHandler                          0x0800015f   Thumb Code     0  startup_stm32f103xe.o(.text)
    TAMPER_IRQHandler                        0x0800015f   Thumb Code     0  startup_stm32f103xe.o(.text)
    TIM1_BRK_IRQHandler                      0x0800015f   Thumb Code     0  startup_stm32f103xe.o(.text)
    TIM1_CC_IRQHandler                       0x0800015f   Thumb Code     0  startup_stm32f103xe.o(.text)
    TIM1_TRG_COM_IRQHandler                  0x0800015f   Thumb Code     0  startup_stm32f103xe.o(.text)
    TIM1_UP_IRQHandler                       0x0800015f   Thumb Code     0  startup_stm32f103xe.o(.text)
    TIM2_IRQHandler                          0x0800015f   Thumb Code     0  startup_stm32f103xe.o(.text)
    TIM3_IRQHandler                          0x0800015f   Thumb Code     0  startup_stm32f103xe.o(.text)
    TIM4_IRQHandler                          0x0800015f   Thumb Code     0  startup_stm32f103xe.o(.text)
    TIM5_IRQHandler                          0x0800015f   Thumb Code     0  startup_stm32f103xe.o(.text)
    TIM6_IRQHandler                          0x0800015f   Thumb Code     0  startup_stm32f103xe.o(.text)
    TIM7_IRQHandler                          0x0800015f   Thumb Code     0  startup_stm32f103xe.o(.text)
    TIM8_BRK_IRQHandler                      0x0800015f   Thumb Code     0  startup_stm32f103xe.o(.text)
    TIM8_CC_IRQHandler                       0x0800015f   Thumb Code     0  startup_stm32f103xe.o(.text)
    TIM8_TRG_COM_IRQHandler                  0x0800015f   Thumb Code     0  startup_stm32f103xe.o(.text)
    TIM8_UP_IRQHandler                       0x0800015f   Thumb Code     0  startup_stm32f103xe.o(.text)
    UART4_IRQHandler                         0x0800015f   Thumb Code     0  startup_stm32f103xe.o(.text)
    UART5_IRQHandler                         0x0800015f   Thumb Code     0  startup_stm32f103xe.o(.text)
    USART1_IRQHandler                        0x0800015f   Thumb Code     0  startup_stm32f103xe.o(.text)
    USART2_IRQHandler                        0x0800015f   Thumb Code     0  startup_stm32f103xe.o(.text)
    USART3_IRQHandler                        0x0800015f   Thumb Code     0  startup_stm32f103xe.o(.text)
    USBWakeUp_IRQHandler                     0x0800015f   Thumb Code     0  startup_stm32f103xe.o(.text)
    USB_HP_CAN1_TX_IRQHandler                0x0800015f   Thumb Code     0  startup_stm32f103xe.o(.text)
    USB_LP_CAN1_RX0_IRQHandler               0x0800015f   Thumb Code     0  startup_stm32f103xe.o(.text)
    WWDG_IRQHandler                          0x0800015f   Thumb Code     0  startup_stm32f103xe.o(.text)
    __aeabi_llsr                             0x08000169   Thumb Code    32  llushr.o(.text)
    _ll_ushift_r                             0x08000169   Thumb Code     0  llushr.o(.text)
    __aeabi_dmul                             0x08000189   Thumb Code   228  dmul.o(.text)
    __aeabi_ui2d                             0x0800026d   Thumb Code    26  dfltui.o(.text)
    __aeabi_d2uiz                            0x08000287   Thumb Code    50  dfixui.o(.text)
    __aeabi_uldivmod                         0x080002b9   Thumb Code    98  uldiv.o(.text)
    __I$use$fp                               0x0800031b   Thumb Code     0  iusefp.o(.text)
    _double_round                            0x0800031b   Thumb Code    30  depilogue.o(.text)
    _double_epilogue                         0x08000339   Thumb Code   156  depilogue.o(.text)
    __scatterload                            0x080003d5   Thumb Code    28  init.o(.text)
    __scatterload_rt2                        0x080003d5   Thumb Code     0  init.o(.text)
    __aeabi_llsl                             0x080003f9   Thumb Code    30  llshl.o(.text)
    _ll_shift_l                              0x080003f9   Thumb Code     0  llshl.o(.text)
    BtSkin                                   0x08000417   Thumb Code    14  cuigui_button.o(i.BtSkin)
    BtText                                   0x08000425   Thumb Code    84  cuigui_button.o(i.BtText)
    BusFault_Handler                         0x08000479   Thumb Code     2  stm32f1xx_it.o(i.BusFault_Handler)
    CUIGUI_Color                             0x0800047b   Thumb Code    16  cuigui_color.o(i.CUIGUI_Color)
    CUIGUI_DrawHLine                         0x0800048d   Thumb Code    32  cuigui_lcddriver.o(i.CUIGUI_DrawHLine)
    CUIGUI_DrawPoint                         0x080004b1   Thumb Code     4  cuigui_lcddriver.o(i.CUIGUI_DrawPoint)
    CUIGUI_DrawStr                           0x080004b5   Thumb Code    52  gui.o(i.CUIGUI_DrawStr)
    CUIGUI_DrawVLine                         0x080004e9   Thumb Code    36  cuigui_lcddriver.o(i.CUIGUI_DrawVLine)
    CUIGUI_DrawWord                          0x0800050d   Thumb Code    92  gui.o(i.CUIGUI_DrawWord)
    CUIGUI_FillRect                          0x0800056d   Thumb Code    68  cuigui_lcddriver.o(i.CUIGUI_FillRect)
    CUIGUI_GetFont                           0x080005b5   Thumb Code     6  gui.o(i.CUIGUI_GetFont)
    CUIGUI_Init                              0x080005c1   Thumb Code    18  cuigui_lcddriver.o(i.CUIGUI_Init)
    CUIGUI_SetFont                           0x080005d5   Thumb Code     6  gui.o(i.CUIGUI_SetFont)
    DebugMon_Handler                         0x080005e1   Thumb Code     2  stm32f1xx_it.o(i.DebugMon_Handler)
    DefaultDrawButton                        0x080005e3   Thumb Code    18  cuigui_button.o(i.DefaultDrawButton)
    FSMC_NORSRAM_Extended_Timing_Init        0x080005f5   Thumb Code    56  stm32f1xx_ll_fsmc.o(i.FSMC_NORSRAM_Extended_Timing_Init)
    FSMC_NORSRAM_Init                        0x08000631   Thumb Code   148  stm32f1xx_ll_fsmc.o(i.FSMC_NORSRAM_Init)
    FSMC_NORSRAM_Timing_Init                 0x080006c9   Thumb Code    64  stm32f1xx_ll_fsmc.o(i.FSMC_NORSRAM_Timing_Init)
    GetLengthStr                             0x0800070d   Thumb Code    40  gui.o(i.GetLengthStr)
    GetWordWidth                             0x08000735   Thumb Code    60  gui.o(i.GetWordWidth)
    GetXORColor                              0x08000775   Thumb Code     8  cuigui_lcddriver.o(i.GetXORColor)
    HAL_Delay                                0x0800077d   Thumb Code    32  stm32f1xx_hal.o(i.HAL_Delay)
    HAL_GPIO_Init                            0x08000815   Thumb Code   446  stm32f1xx_hal_gpio.o(i.HAL_GPIO_Init)
    HAL_GPIO_WritePin                        0x080009fd   Thumb Code    10  stm32f1xx_hal_gpio.o(i.HAL_GPIO_WritePin)
    HAL_GetTick                              0x08000a09   Thumb Code     6  stm32f1xx_hal.o(i.HAL_GetTick)
    HAL_IncTick                              0x08000a15   Thumb Code    12  stm32f1xx_hal.o(i.HAL_IncTick)
    HAL_Init                                 0x08000a25   Thumb Code    32  stm32f1xx_hal.o(i.HAL_Init)
    HAL_InitTick                             0x08000a49   Thumb Code    54  stm32f1xx_hal.o(i.HAL_InitTick)
    HAL_MspInit                              0x08000a89   Thumb Code   134  stm32f1xx_hal_msp.o(i.HAL_MspInit)
    HAL_NVIC_SetPriority                     0x08000b19   Thumb Code    60  stm32f1xx_hal_cortex.o(i.HAL_NVIC_SetPriority)
    HAL_NVIC_SetPriorityGrouping             0x08000b59   Thumb Code    26  stm32f1xx_hal_cortex.o(i.HAL_NVIC_SetPriorityGrouping)
    HAL_RCC_ClockConfig                      0x08000b7d   Thumb Code   322  stm32f1xx_hal_rcc.o(i.HAL_RCC_ClockConfig)
    HAL_RCC_GetHCLKFreq                      0x08000cd1   Thumb Code     6  stm32f1xx_hal_rcc.o(i.HAL_RCC_GetHCLKFreq)
    HAL_RCC_GetPCLK1Freq                     0x08000cdd   Thumb Code    20  stm32f1xx_hal_rcc.o(i.HAL_RCC_GetPCLK1Freq)
    HAL_RCC_GetPCLK2Freq                     0x08000cfd   Thumb Code    20  stm32f1xx_hal_rcc.o(i.HAL_RCC_GetPCLK2Freq)
    HAL_RCC_GetSysClockFreq                  0x08000d1d   Thumb Code    74  stm32f1xx_hal_rcc.o(i.HAL_RCC_GetSysClockFreq)
    HAL_RCC_OscConfig                        0x08000d89   Thumb Code   750  stm32f1xx_hal_rcc.o(i.HAL_RCC_OscConfig)
    HAL_SRAM_Init                            0x0800108d   Thumb Code    86  stm32f1xx_hal_sram.o(i.HAL_SRAM_Init)
    HAL_SRAM_MspInit                         0x080010e3   Thumb Code     4  fsmc.o(i.HAL_SRAM_MspInit)
    HAL_SYSTICK_CLKSourceConfig              0x080010e7   Thumb Code    24  stm32f1xx_hal_cortex.o(i.HAL_SYSTICK_CLKSourceConfig)
    HAL_SYSTICK_Callback                     0x080010ff   Thumb Code     2  stm32f1xx_hal_cortex.o(i.HAL_SYSTICK_Callback)
    HAL_SYSTICK_Config                       0x08001101   Thumb Code    40  stm32f1xx_hal_cortex.o(i.HAL_SYSTICK_Config)
    HAL_SYSTICK_IRQHandler                   0x08001129   Thumb Code     8  stm32f1xx_hal_cortex.o(i.HAL_SYSTICK_IRQHandler)
    HAL_UART_Init                            0x08001131   Thumb Code    98  stm32f1xx_hal_uart.o(i.HAL_UART_Init)
    HAL_UART_MspInit                         0x08001195   Thumb Code    76  usart.o(i.HAL_UART_MspInit)
    HAL_UART_Transmit                        0x080011ed   Thumb Code   186  stm32f1xx_hal_uart.o(i.HAL_UART_Transmit)
    HardFault_Handler                        0x080012a7   Thumb Code     2  stm32f1xx_it.o(i.HardFault_Handler)
    LCD_Clear                                0x080012a9   Thumb Code    98  lcd.o(i.LCD_Clear)
    LCD_Display_Dir                          0x08001315   Thumb Code   304  lcd.o(i.LCD_Display_Dir)
    LCD_Fast_DrawPoint                       0x08001449   Thumb Code   262  lcd.o(i.LCD_Fast_DrawPoint)
    LCD_Init                                 0x08001559   Thumb Code 11520  lcd.o(i.LCD_Init)
    LCD_ReadReg                              0x0800425d   Thumb Code    10  lcd.o(i.LCD_ReadReg)
    LCD_SSD_BackLightSet                     0x0800426d   Thumb Code    50  lcd.o(i.LCD_SSD_BackLightSet)
    LCD_Scan_Dir                             0x080042a9   Thumb Code   414  lcd.o(i.LCD_Scan_Dir)
    LCD_SetCursor                            0x08004451   Thumb Code   310  lcd.o(i.LCD_SetCursor)
    LCD_WriteRAM_Prepare                     0x08004591   Thumb Code    10  lcd.o(i.LCD_WriteRAM_Prepare)
    LCD_WriteReg                             0x080045a5   Thumb Code    10  lcd.o(i.LCD_WriteReg)
    List4_InsertBlock                        0x080045b5   Thumb Code    84  list4_malloc.o(i.List4_InsertBlock)
    List4_Malloc                             0x08004609   Thumb Code   122  list4_malloc.o(i.List4_Malloc)
    List4_Malloc_Init                        0x080046b1   Thumb Code    52  list4_malloc.o(i.List4_Malloc_Init)
    MX_FSMC_Init                             0x0800473d   Thumb Code   122  fsmc.o(i.MX_FSMC_Init)
    MX_GPIO_Init                             0x080047d5   Thumb Code   122  gpio.o(i.MX_GPIO_Init)
    MX_USART1_UART_Init                      0x08004859   Thumb Code    52  usart.o(i.MX_USART1_UART_Init)
    MemManage_Handler                        0x080048a5   Thumb Code     2  stm32f1xx_it.o(i.MemManage_Handler)
    NMI_Handler                              0x080048a7   Thumb Code     2  stm32f1xx_it.o(i.NMI_Handler)
    NewButton                                0x080048c9   Thumb Code    58  cuigui_button.o(i.NewButton)
    Obj_SkinPressed                          0x0800490d   Thumb Code   310  cuigui_button.o(i.Obj_SkinPressed)
    Obj_SkinUnPressed                        0x08004a43   Thumb Code   310  cuigui_button.o(i.Obj_SkinUnPressed)
    PendSV_Handler                           0x08004b79   Thumb Code     2  stm32f1xx_it.o(i.PendSV_Handler)
    SVC_Handler                              0x08004b7b   Thumb Code     2  stm32f1xx_it.o(i.SVC_Handler)
    SysTick_Handler                          0x08004b7d   Thumb Code    14  stm32f1xx_it.o(i.SysTick_Handler)
    SystemClock_Config                       0x08004b8d   Thumb Code   112  main.o(i.SystemClock_Config)
    SystemInit                               0x08004c0d   Thumb Code    56  system_stm32f1xx.o(i.SystemInit)
    UsageFault_Handler                       0x08004e29   Thumb Code     2  stm32f1xx_it.o(i.UsageFault_Handler)
    _Error_Handler                           0x08004e2d   Thumb Code    10  main.o(i._Error_Handler)
    __0printf$5                              0x08004e55   Thumb Code    22  printf5.o(i.__0printf$5)
    __1printf$5                              0x08004e55   Thumb Code     0  printf5.o(i.__0printf$5)
    __2printf                                0x08004e55   Thumb Code     0  printf5.o(i.__0printf$5)
    __scatterload_copy                       0x08004e75   Thumb Code    14  handlers.o(i.__scatterload_copy)
    __scatterload_null                       0x08004e83   Thumb Code     2  handlers.o(i.__scatterload_null)
    __scatterload_zeroinit                   0x08004e85   Thumb Code    14  handlers.o(i.__scatterload_zeroinit)
    _draw_model                              0x08004e93   Thumb Code   112  gui.o(i._draw_model)
    ff_convert                               0x080051c5   Thumb Code    62  cc936.o(i.ff_convert)
    fputc                                    0x08005209   Thumb Code    20  usart.o(i.fputc)
    main                                     0x08005221   Thumb Code    90  main.o(i.main)
    AHBPrescTable                            0x080052a8   Data          16  system_stm32f1xx.o(.constdata)
    APBPrescTable                            0x080052b8   Data           8  system_stm32f1xx.o(.constdata)
    acGUI_Fontsongti24_6211                  0x0801a744   Data          72  songti24.o(.constdata)
    GUI_Fontsongti24_CharInfo                0x0801a78c   Data           8  songti24.o(.constdata)
    GUI_Fontsongti24_Prop1                   0x0801a794   Data          12  songti24.o(.constdata)
    GUI_Fontsongti24                         0x0801a7a0   Data          16  songti24.o(.constdata)
    Region$$Table$$Base                      0x0801a7b0   Number         0  anon$$obj.o(Region$$Table)
    Region$$Table$$Limit                     0x0801a7d0   Number         0  anon$$obj.o(Region$$Table)
    uwTickFreq                               0x20000008   Data           1  stm32f1xx_hal.o(.data)
    uwTickPrio                               0x2000000c   Data           4  stm32f1xx_hal.o(.data)
    uwTick                                   0x20000010   Data           4  stm32f1xx_hal.o(.data)
    SystemCoreClock                          0x20000014   Data           4  system_stm32f1xx.o(.data)
    cuigui_Font                              0x20000018   Data           4  gui.o(.data)
    __stdout                                 0x2000001c   Data           4  stdout.o(.data)
    hsram1                                   0x20000020   Data          68  fsmc.o(.bss)
    huart1                                   0x20000064   Data          64  usart.o(.bss)
    lcddev                                   0x200000a4   Data          14  lcd.o(.bss)
    list4mess                                0x200000b4   Data          16  list4_malloc.o(.bss)
    list4mallocArray                         0x200000c4   Data       51200  list4_malloc.o(.bss)
    __initial_sp                             0x2000ccc8   Data           0  startup_stm32f103xe.o(STACK)



==============================================================================

Memory Map of the image

  Image Entry point : 0x08000131

  Load Region LR_IROM1 (Base: 0x08000000, Size: 0x0001a7f0, Max: 0x00080000, ABSOLUTE)

    Execution Region ER_IROM1 (Exec base: 0x08000000, Load base: 0x08000000, Size: 0x0001a7d0, Max: 0x00080000, ABSOLUTE)

    Exec Addr    Load Addr    Size         Type   Attr      Idx    E Section Name        Object

    0x08000000   0x08000000   0x00000130   Data   RO            3    RESET               startup_stm32f103xe.o
    0x08000130   0x08000130   0x00000000   Code   RO         2908  * .ARM.Collect$$$$00000000  mc_w.l(entry.o)
    0x08000130   0x08000130   0x00000004   Code   RO         3198    .ARM.Collect$$$$00000001  mc_w.l(entry2.o)
    0x08000134   0x08000134   0x00000004   Code   RO         3201    .ARM.Collect$$$$00000004  mc_w.l(entry5.o)
    0x08000138   0x08000138   0x00000000   Code   RO         3203    .ARM.Collect$$$$00000008  mc_w.l(entry7b.o)
    0x08000138   0x08000138   0x00000000   Code   RO         3205    .ARM.Collect$$$$0000000A  mc_w.l(entry8b.o)
    0x08000138   0x08000138   0x00000008   Code   RO         3206    .ARM.Collect$$$$0000000B  mc_w.l(entry9a.o)
    0x08000140   0x08000140   0x00000000   Code   RO         3208    .ARM.Collect$$$$0000000D  mc_w.l(entry10a.o)
    0x08000140   0x08000140   0x00000000   Code   RO         3210    .ARM.Collect$$$$0000000F  mc_w.l(entry11a.o)
    0x08000140   0x08000140   0x00000004   Code   RO         3199    .ARM.Collect$$$$00002712  mc_w.l(entry2.o)
    0x08000144   0x08000144   0x00000024   Code   RO            4    .text               startup_stm32f103xe.o
    0x08000168   0x08000168   0x00000020   Code   RO         2911    .text               mc_w.l(llushr.o)
    0x08000188   0x08000188   0x000000e4   Code   RO         3178    .text               mf_w.l(dmul.o)
    0x0800026c   0x0800026c   0x0000001a   Code   RO         3184    .text               mf_w.l(dfltui.o)
    0x08000286   0x08000286   0x00000032   Code   RO         3188    .text               mf_w.l(dfixui.o)
    0x080002b8   0x080002b8   0x00000062   Code   RO         3215    .text               mc_w.l(uldiv.o)
    0x0800031a   0x0800031a   0x00000000   Code   RO         3217    .text               mc_w.l(iusefp.o)
    0x0800031a   0x0800031a   0x000000ba   Code   RO         3220    .text               mf_w.l(depilogue.o)
    0x080003d4   0x080003d4   0x00000024   Code   RO         3228    .text               mc_w.l(init.o)
    0x080003f8   0x080003f8   0x0000001e   Code   RO         3230    .text               mc_w.l(llshl.o)
    0x08000416   0x08000416   0x0000000e   Code   RO         2660    i.BtSkin            cuigui_button.o
    0x08000424   0x08000424   0x00000054   Code   RO         2661    i.BtText            cuigui_button.o
    0x08000478   0x08000478   0x00000002   Code   RO          285    i.BusFault_Handler  stm32f1xx_it.o
    0x0800047a   0x0800047a   0x00000010   Code   RO         2616    i.CUIGUI_Color      cuigui_color.o
    0x0800048a   0x0800048a   0x00000002   PAD
    0x0800048c   0x0800048c   0x00000024   Code   RO         2507    i.CUIGUI_DrawHLine  cuigui_lcddriver.o
    0x080004b0   0x080004b0   0x00000004   Code   RO         2509    i.CUIGUI_DrawPoint  cuigui_lcddriver.o
    0x080004b4   0x080004b4   0x00000034   Code   RO         2737    i.CUIGUI_DrawStr    gui.o
    0x080004e8   0x080004e8   0x00000024   Code   RO         2510    i.CUIGUI_DrawVLine  cuigui_lcddriver.o
    0x0800050c   0x0800050c   0x00000060   Code   RO         2738    i.CUIGUI_DrawWord   gui.o
    0x0800056c   0x0800056c   0x00000048   Code   RO         2515    i.CUIGUI_FillRect   cuigui_lcddriver.o
    0x080005b4   0x080005b4   0x0000000c   Code   RO         2739    i.CUIGUI_GetFont    gui.o
    0x080005c0   0x080005c0   0x00000012   Code   RO         2516    i.CUIGUI_Init       cuigui_lcddriver.o
    0x080005d2   0x080005d2   0x00000002   PAD
    0x080005d4   0x080005d4   0x0000000c   Code   RO         2742    i.CUIGUI_SetFont    gui.o
    0x080005e0   0x080005e0   0x00000002   Code   RO          286    i.DebugMon_Handler  stm32f1xx_it.o
    0x080005e2   0x080005e2   0x00000012   Code   RO         2664    i.DefaultDrawButton  cuigui_button.o
    0x080005f4   0x080005f4   0x0000003c   Code   RO          428    i.FSMC_NORSRAM_Extended_Timing_Init  stm32f1xx_ll_fsmc.o
    0x08000630   0x08000630   0x00000098   Code   RO          429    i.FSMC_NORSRAM_Init  stm32f1xx_ll_fsmc.o
    0x080006c8   0x080006c8   0x00000044   Code   RO          430    i.FSMC_NORSRAM_Timing_Init  stm32f1xx_ll_fsmc.o
    0x0800070c   0x0800070c   0x00000028   Code   RO         2747    i.GetLengthStr      gui.o
    0x08000734   0x08000734   0x00000040   Code   RO         2751    i.GetWordWidth      gui.o
    0x08000774   0x08000774   0x00000008   Code   RO         2521    i.GetXORColor       cuigui_lcddriver.o
    0x0800077c   0x0800077c   0x00000024   Code   RO         1035    i.HAL_Delay         stm32f1xx_hal.o
    0x080007a0   0x080007a0   0x00000074   Code   RO          189    i.HAL_FSMC_MspInit  fsmc.o
    0x08000814   0x08000814   0x000001e8   Code   RO         1328    i.HAL_GPIO_Init     stm32f1xx_hal_gpio.o
    0x080009fc   0x080009fc   0x0000000a   Code   RO         1332    i.HAL_GPIO_WritePin  stm32f1xx_hal_gpio.o
    0x08000a06   0x08000a06   0x00000002   PAD
    0x08000a08   0x08000a08   0x0000000c   Code   RO         1039    i.HAL_GetTick       stm32f1xx_hal.o
    0x08000a14   0x08000a14   0x00000010   Code   RO         1043    i.HAL_IncTick       stm32f1xx_hal.o
    0x08000a24   0x08000a24   0x00000024   Code   RO         1044    i.HAL_Init          stm32f1xx_hal.o
    0x08000a48   0x08000a48   0x00000040   Code   RO         1045    i.HAL_InitTick      stm32f1xx_hal.o
    0x08000a88   0x08000a88   0x00000090   Code   RO          360    i.HAL_MspInit       stm32f1xx_hal_msp.o
    0x08000b18   0x08000b18   0x00000040   Code   RO         1494    i.HAL_NVIC_SetPriority  stm32f1xx_hal_cortex.o
    0x08000b58   0x08000b58   0x00000024   Code   RO         1495    i.HAL_NVIC_SetPriorityGrouping  stm32f1xx_hal_cortex.o
    0x08000b7c   0x08000b7c   0x00000154   Code   RO         1188    i.HAL_RCC_ClockConfig  stm32f1xx_hal_rcc.o
    0x08000cd0   0x08000cd0   0x0000000c   Code   RO         1193    i.HAL_RCC_GetHCLKFreq  stm32f1xx_hal_rcc.o
    0x08000cdc   0x08000cdc   0x00000020   Code   RO         1195    i.HAL_RCC_GetPCLK1Freq  stm32f1xx_hal_rcc.o
    0x08000cfc   0x08000cfc   0x00000020   Code   RO         1196    i.HAL_RCC_GetPCLK2Freq  stm32f1xx_hal_rcc.o
    0x08000d1c   0x08000d1c   0x0000006c   Code   RO         1197    i.HAL_RCC_GetSysClockFreq  stm32f1xx_hal_rcc.o
    0x08000d88   0x08000d88   0x00000304   Code   RO         1200    i.HAL_RCC_OscConfig  stm32f1xx_hal_rcc.o
    0x0800108c   0x0800108c   0x00000056   Code   RO          550    i.HAL_SRAM_Init     stm32f1xx_hal_sram.o
    0x080010e2   0x080010e2   0x00000004   Code   RO          191    i.HAL_SRAM_MspInit  fsmc.o
    0x080010e6   0x080010e6   0x00000018   Code   RO         1497    i.HAL_SYSTICK_CLKSourceConfig  stm32f1xx_hal_cortex.o
    0x080010fe   0x080010fe   0x00000002   Code   RO         1498    i.HAL_SYSTICK_Callback  stm32f1xx_hal_cortex.o
    0x08001100   0x08001100   0x00000028   Code   RO         1499    i.HAL_SYSTICK_Config  stm32f1xx_hal_cortex.o
    0x08001128   0x08001128   0x00000008   Code   RO         1500    i.HAL_SYSTICK_IRQHandler  stm32f1xx_hal_cortex.o
    0x08001130   0x08001130   0x00000062   Code   RO          727    i.HAL_UART_Init     stm32f1xx_hal_uart.o
    0x08001192   0x08001192   0x00000002   PAD
    0x08001194   0x08001194   0x00000058   Code   RO          238    i.HAL_UART_MspInit  usart.o
    0x080011ec   0x080011ec   0x000000ba   Code   RO          735    i.HAL_UART_Transmit  stm32f1xx_hal_uart.o
    0x080012a6   0x080012a6   0x00000002   Code   RO          287    i.HardFault_Handler  stm32f1xx_it.o
    0x080012a8   0x080012a8   0x0000006c   Code   RO         1955    i.LCD_Clear         lcd.o
    0x08001314   0x08001314   0x00000134   Code   RO         1959    i.LCD_Display_Dir   lcd.o
    0x08001448   0x08001448   0x00000110   Code   RO         1964    i.LCD_Fast_DrawPoint  lcd.o
    0x08001558   0x08001558   0x00002d04   Code   RO         1966    i.LCD_Init          lcd.o
    0x0800425c   0x0800425c   0x00000010   Code   RO         1970    i.LCD_ReadReg       lcd.o
    0x0800426c   0x0800426c   0x0000003c   Code   RO         1971    i.LCD_SSD_BackLightSet  lcd.o
    0x080042a8   0x080042a8   0x000001a8   Code   RO         1972    i.LCD_Scan_Dir      lcd.o
    0x08004450   0x08004450   0x00000140   Code   RO         1973    i.LCD_SetCursor     lcd.o
    0x08004590   0x08004590   0x00000014   Code   RO         1978    i.LCD_WriteRAM_Prepare  lcd.o
    0x080045a4   0x080045a4   0x00000010   Code   RO         1979    i.LCD_WriteReg      lcd.o
    0x080045b4   0x080045b4   0x00000054   Code   RO         2135    i.List4_InsertBlock  list4_malloc.o
    0x08004608   0x08004608   0x000000a8   Code   RO         2136    i.List4_Malloc      list4_malloc.o
    0x080046b0   0x080046b0   0x0000008c   Code   RO         2137    i.List4_Malloc_Init  list4_malloc.o
    0x0800473c   0x0800473c   0x00000098   Code   RO          192    i.MX_FSMC_Init      fsmc.o
    0x080047d4   0x080047d4   0x00000084   Code   RO          165    i.MX_GPIO_Init      gpio.o
    0x08004858   0x08004858   0x0000004c   Code   RO          239    i.MX_USART1_UART_Init  usart.o
    0x080048a4   0x080048a4   0x00000002   Code   RO          288    i.MemManage_Handler  stm32f1xx_it.o
    0x080048a6   0x080048a6   0x00000002   Code   RO          289    i.NMI_Handler       stm32f1xx_it.o
    0x080048a8   0x080048a8   0x00000020   Code   RO         1501    i.NVIC_SetPriority  stm32f1xx_hal_cortex.o
    0x080048c8   0x080048c8   0x00000044   Code   RO         2665    i.NewButton         cuigui_button.o
    0x0800490c   0x0800490c   0x00000136   Code   RO         2666    i.Obj_SkinPressed   cuigui_button.o
    0x08004a42   0x08004a42   0x00000136   Code   RO         2667    i.Obj_SkinUnPressed  cuigui_button.o
    0x08004b78   0x08004b78   0x00000002   Code   RO          290    i.PendSV_Handler    stm32f1xx_it.o
    0x08004b7a   0x08004b7a   0x00000002   Code   RO          291    i.SVC_Handler       stm32f1xx_it.o
    0x08004b7c   0x08004b7c   0x0000000e   Code   RO          292    i.SysTick_Handler   stm32f1xx_it.o
    0x08004b8a   0x08004b8a   0x00000002   PAD
    0x08004b8c   0x08004b8c   0x00000080   Code   RO           13    i.SystemClock_Config  main.o
    0x08004c0c   0x08004c0c   0x00000048   Code   RO         1917    i.SystemInit        system_stm32f1xx.o
    0x08004c54   0x08004c54   0x00000170   Code   RO          753    i.UART_SetConfig    stm32f1xx_hal_uart.o
    0x08004dc4   0x08004dc4   0x00000064   Code   RO          755    i.UART_WaitOnFlagUntilTimeout  stm32f1xx_hal_uart.o
    0x08004e28   0x08004e28   0x00000002   Code   RO          293    i.UsageFault_Handler  stm32f1xx_it.o
    0x08004e2a   0x08004e2a   0x00000002   PAD
    0x08004e2c   0x08004e2c   0x00000028   Code   RO           14    i._Error_Handler    main.o
    0x08004e54   0x08004e54   0x00000020   Code   RO         3046    i.__0printf$5       mc_w.l(printf5.o)
    0x08004e74   0x08004e74   0x0000000e   Code   RO         3236    i.__scatterload_copy  mc_w.l(handlers.o)
    0x08004e82   0x08004e82   0x00000002   Code   RO         3237    i.__scatterload_null  mc_w.l(handlers.o)
    0x08004e84   0x08004e84   0x0000000e   Code   RO         3238    i.__scatterload_zeroinit  mc_w.l(handlers.o)
    0x08004e92   0x08004e92   0x00000070   Code   RO         2753    i._draw_model       gui.o
    0x08004f02   0x08004f02   0x00000002   PAD
    0x08004f04   0x08004f04   0x000002c0   Code   RO         3053    i._printf_core      mc_w.l(printf5.o)
    0x080051c4   0x080051c4   0x00000044   Code   RO         2449    i.ff_convert        cc936.o
    0x08005208   0x08005208   0x00000018   Code   RO          240    i.fputc             usart.o
    0x08005220   0x08005220   0x00000088   Code   RO           15    i.main              main.o
    0x080052a8   0x080052a8   0x00000010   Data   RO         1918    .constdata          system_stm32f1xx.o
    0x080052b8   0x080052b8   0x00000008   Data   RO         1919    .constdata          system_stm32f1xx.o
    0x080052c0   0x080052c0   0x00015484   Data   RO         2450    .constdata          cc936.o
    0x0801a744   0x0801a744   0x00000048   Data   RO         2479    .constdata          songti24.o
    0x0801a78c   0x0801a78c   0x00000008   Data   RO         2480    .constdata          songti24.o
    0x0801a794   0x0801a794   0x0000000c   Data   RO         2481    .constdata          songti24.o
    0x0801a7a0   0x0801a7a0   0x00000010   Data   RO         2482    .constdata          songti24.o
    0x0801a7b0   0x0801a7b0   0x00000020   Data   RO         3234    Region$$Table       anon$$obj.o


    Execution Region RW_IRAM1 (Exec base: 0x20000000, Load base: 0x0801a7d0, Size: 0x0000ccc8, Max: 0x00010000, ABSOLUTE)

    Exec Addr    Load Addr    Size         Type   Attr      Idx    E Section Name        Object

    0x20000000   0x0801a7d0   0x00000008   Data   RW          194    .data               fsmc.o
    0x20000008   0x0801a7d8   0x0000000c   Data   RW         1051    .data               stm32f1xx_hal.o
    0x20000014   0x0801a7e4   0x00000004   Data   RW         1920    .data               system_stm32f1xx.o
    0x20000018   0x0801a7e8   0x00000004   Data   RW         2756    .data               gui.o
    0x2000001c   0x0801a7ec   0x00000004   Data   RW         3212    .data               mc_w.l(stdout.o)
    0x20000020        -       0x00000044   Zero   RW          193    .bss                fsmc.o
    0x20000064        -       0x00000040   Zero   RW          241    .bss                usart.o
    0x200000a4        -       0x0000000e   Zero   RW         1981    .bss                lcd.o
    0x200000b2   0x0801a7f0   0x00000002   PAD
    0x200000b4        -       0x00000010   Zero   RW         2138    .bss                list4_malloc.o
    0x200000c4        -       0x0000c800   Zero   RW         2139    .bss                list4_malloc.o
    0x2000c8c4   0x0801a7f0   0x00000004   PAD
    0x2000c8c8        -       0x00000400   Zero   RW            1    STACK               startup_stm32f103xe.o


==============================================================================

Image component sizes


      Code (inc. data)   RO Data    RW Data    ZI Data      Debug   Object Name

        68          6      87172          0          0       1237   cc936.o
       804         10          0          0          0       4164   cuigui_button.o
        16          0          0          0          0       2567   cuigui_color.o
       174          8          0          0          0       4211   cuigui_lcddriver.o
       272         50          0          8         68       2099   fsmc.o
       132         10          0          0          0        919   gpio.o
       388         20          0          4          0      10670   gui.o
     13068        128          0          0         14      47475   lcd.o
       392        134          0          0      51216       3504   list4_malloc.o
       304         92          0          0          0     473982   main.o
         0          0          0          0          0        852   microsoftyaheiascii24.o
         0          0        108          0          0       5988   songti24.o
        36          8        304          0       1024        784   startup_stm32f103xe.o
       164         28          0         12          0       3721   stm32f1xx_hal.o
       206         14          0          0          0      26612   stm32f1xx_hal_cortex.o
       498         42          0          0          0       2832   stm32f1xx_hal_gpio.o
       144         10          0          0          0        874   stm32f1xx_hal_msp.o
      1296        104          0          0          0       5516   stm32f1xx_hal_rcc.o
        86          0          0          0          0       1156   stm32f1xx_hal_sram.o
       752          4          0          0          0       3824   stm32f1xx_hal_uart.o
        30          0          0          0          0       3666   stm32f1xx_it.o
       280         12          0          0          0       2495   stm32f1xx_ll_fsmc.o
        72         16         24          4          0       1103   system_stm32f1xx.o
       188         40          0          0         64       1990   usart.o

    ----------------------------------------------------------------------
     19384        736      87640         28      52392     612241   Object Totals
         0          0         32          0          0          0   (incl. Generated)
        14          0          0          0          6          0   (incl. Padding)

    ----------------------------------------------------------------------

      Code (inc. data)   RO Data    RW Data    ZI Data      Debug   Library Member Name

         0          0          0          0          0          0   entry.o
         0          0          0          0          0          0   entry10a.o
         0          0          0          0          0          0   entry11a.o
         8          4          0          0          0          0   entry2.o
         4          0          0          0          0          0   entry5.o
         0          0          0          0          0          0   entry7b.o
         0          0          0          0          0          0   entry8b.o
         8          4          0          0          0          0   entry9a.o
        30          0          0          0          0          0   handlers.o
        36          8          0          0          0         68   init.o
         0          0          0          0          0          0   iusefp.o
        30          0          0          0          0         68   llshl.o
        32          0          0          0          0         68   llushr.o
       736         56          0          0          0        184   printf5.o
         0          0          0          4          0          0   stdout.o
        98          0          0          0          0         92   uldiv.o
       186          0          0          0          0        176   depilogue.o
        50          0          0          0          0         76   dfixui.o
        26          0          0          0          0         76   dfltui.o
       228          0          0          0          0         96   dmul.o

    ----------------------------------------------------------------------
      1472         72          0          4          0        904   Library Totals
         0          0          0          0          0          0   (incl. Padding)

    ----------------------------------------------------------------------

      Code (inc. data)   RO Data    RW Data    ZI Data      Debug   Library Name

       982         72          0          4          0        480   mc_w.l
       490          0          0          0          0        424   mf_w.l

    ----------------------------------------------------------------------
      1472         72          0          4          0        904   Library Totals

    ----------------------------------------------------------------------

==============================================================================


      Code (inc. data)   RO Data    RW Data    ZI Data      Debug   

     20856        808      87640         32      52392     608773   Grand Totals
     20856        808      87640         32      52392     608773   ELF Image Totals
     20856        808      87640         32          0          0   ROM Totals

==============================================================================

    Total RO  Size (Code + RO Data)               108496 ( 105.95kB)
    Total RW  Size (RW Data + ZI Data)             52424 (  51.20kB)
    Total ROM Size (Code + RO Data + RW Data)     108528 ( 105.98kB)

==============================================================================

