Component: ARM Compiler 5.06 update 6 (build 750) Tool: armlink [4d35ed]

==============================================================================

Section Cross References

    startup_stm32f103xe.o(RESET) refers to startup_stm32f103xe.o(STACK) for __initial_sp
    startup_stm32f103xe.o(RESET) refers to startup_stm32f103xe.o(.text) for Reset_Handler
    startup_stm32f103xe.o(RESET) refers to stm32f1xx_it.o(i.NMI_Handler) for NMI_Handler
    startup_stm32f103xe.o(RESET) refers to stm32f1xx_it.o(i.HardFault_Handler) for HardFault_Handler
    startup_stm32f103xe.o(RESET) refers to stm32f1xx_it.o(i.MemManage_Handler) for MemManage_Handler
    startup_stm32f103xe.o(RESET) refers to stm32f1xx_it.o(i.BusFault_Handler) for BusFault_Handler
    startup_stm32f103xe.o(RESET) refers to stm32f1xx_it.o(i.UsageFault_Handler) for UsageFault_Handler
    startup_stm32f103xe.o(RESET) refers to stm32f1xx_it.o(i.SVC_Handler) for SVC_Handler
    startup_stm32f103xe.o(RESET) refers to stm32f1xx_it.o(i.DebugMon_Handler) for DebugMon_Handler
    startup_stm32f103xe.o(RESET) refers to stm32f1xx_it.o(i.PendSV_Handler) for PendSV_Handler
    startup_stm32f103xe.o(RESET) refers to stm32f1xx_it.o(i.SysTick_Handler) for SysTick_Handler
    startup_stm32f103xe.o(.text) refers to system_stm32f1xx.o(i.SystemInit) for SystemInit
    startup_stm32f103xe.o(.text) refers to entry.o(.ARM.Collect$$$$00000000) for __main
    main.o(i.SystemClock_Config) refers to stm32f1xx_hal_rcc.o(i.HAL_RCC_OscConfig) for HAL_RCC_OscConfig
    main.o(i.SystemClock_Config) refers to stm32f1xx_hal_rcc.o(i.HAL_RCC_ClockConfig) for HAL_RCC_ClockConfig
    main.o(i.SystemClock_Config) refers to main.o(i._Error_Handler) for _Error_Handler
    main.o(i.SystemClock_Config) refers to stm32f1xx_hal_rcc.o(i.HAL_RCC_GetHCLKFreq) for HAL_RCC_GetHCLKFreq
    main.o(i.SystemClock_Config) refers to stm32f1xx_hal_cortex.o(i.HAL_SYSTICK_Config) for HAL_SYSTICK_Config
    main.o(i.SystemClock_Config) refers to stm32f1xx_hal_cortex.o(i.HAL_SYSTICK_CLKSourceConfig) for HAL_SYSTICK_CLKSourceConfig
    main.o(i.SystemClock_Config) refers to stm32f1xx_hal_cortex.o(i.HAL_NVIC_SetPriority) for HAL_NVIC_SetPriority
    main.o(i._Error_Handler) refers to printf5.o(i.__0printf$5) for __2printf
    main.o(i.main) refers to stm32f1xx_hal.o(i.HAL_Init) for HAL_Init
    main.o(i.main) refers to main.o(i.SystemClock_Config) for SystemClock_Config
    main.o(i.main) refers to gpio.o(i.MX_GPIO_Init) for MX_GPIO_Init
    main.o(i.main) refers to usart.o(i.MX_USART1_UART_Init) for MX_USART1_UART_Init
    main.o(i.main) refers to fsmc.o(i.MX_FSMC_Init) for MX_FSMC_Init
    main.o(i.main) refers to sdio.o(i.MX_SDIO_SD_Init) for MX_SDIO_SD_Init
    main.o(i.main) refers to printf5.o(i.__0printf$5) for __2printf
    main.o(i.main) refers to list4_malloc.o(i.List4_Malloc_Init) for List4_Malloc_Init
    main.o(i.main) refers to disk.o(i.SDDisk_Init) for SDDisk_Init
    main.o(i.main) refers to cuifat.o(i.CuiFat_BindingDisk) for CuiFat_BindingDisk
    main.o(i.main) refers to cuifat.o(i.CuiFat_OpenDisk) for CuiFat_OpenDisk
    main.o(i.main) refers to list4_malloc.o(.bss) for list4mallocArray
    main.o(i.main) refers to list4_malloc.o(.bss) for list4mess
    gpio.o(i.MX_GPIO_Init) refers to stm32f1xx_hal_gpio.o(i.HAL_GPIO_WritePin) for HAL_GPIO_WritePin
    gpio.o(i.MX_GPIO_Init) refers to stm32f1xx_hal_gpio.o(i.HAL_GPIO_Init) for HAL_GPIO_Init
    fsmc.o(i.HAL_FSMC_MspInit) refers to stm32f1xx_hal_gpio.o(i.HAL_GPIO_Init) for HAL_GPIO_Init
    fsmc.o(i.HAL_FSMC_MspInit) refers to fsmc.o(.data) for .data
    fsmc.o(i.HAL_SRAM_MspDeInit) refers to stm32f1xx_hal_gpio.o(i.HAL_GPIO_DeInit) for HAL_GPIO_DeInit
    fsmc.o(i.HAL_SRAM_MspDeInit) refers to fsmc.o(.data) for .data
    fsmc.o(i.HAL_SRAM_MspInit) refers to fsmc.o(i.HAL_FSMC_MspInit) for HAL_FSMC_MspInit
    fsmc.o(i.MX_FSMC_Init) refers to stm32f1xx_hal_sram.o(i.HAL_SRAM_Init) for HAL_SRAM_Init
    fsmc.o(i.MX_FSMC_Init) refers to main.o(i._Error_Handler) for _Error_Handler
    fsmc.o(i.MX_FSMC_Init) refers to fsmc.o(.bss) for .bss
    sdio.o(i.HAL_SD_MspDeInit) refers to stm32f1xx_hal_gpio.o(i.HAL_GPIO_DeInit) for HAL_GPIO_DeInit
    sdio.o(i.HAL_SD_MspInit) refers to stm32f1xx_hal_gpio.o(i.HAL_GPIO_Init) for HAL_GPIO_Init
    sdio.o(i.MX_SDIO_SD_Init) refers to stm32f1xx_hal_sd.o(i.HAL_SD_Init) for HAL_SD_Init
    sdio.o(i.MX_SDIO_SD_Init) refers to main.o(i._Error_Handler) for _Error_Handler
    sdio.o(i.MX_SDIO_SD_Init) refers to stm32f1xx_hal_sd.o(i.HAL_SD_ConfigWideBusOperation) for HAL_SD_ConfigWideBusOperation
    sdio.o(i.MX_SDIO_SD_Init) refers to sdio.o(.bss) for .bss
    usart.o(i.HAL_UART_MspDeInit) refers to stm32f1xx_hal_gpio.o(i.HAL_GPIO_DeInit) for HAL_GPIO_DeInit
    usart.o(i.HAL_UART_MspInit) refers to stm32f1xx_hal_gpio.o(i.HAL_GPIO_Init) for HAL_GPIO_Init
    usart.o(i.MX_USART1_UART_Init) refers to stm32f1xx_hal_uart.o(i.HAL_UART_Init) for HAL_UART_Init
[...]
    Removing microsoftyaheiascii24.o(.constdata), (24 bytes).
    Removing microsoftyaheiascii24.o(.constdata), (24 bytes).
    Removing microsoftyaheiascii24.o(.constdata), (48 bytes).
    Removing microsoftyaheiascii24.o(.constdata), (48 bytes).
    Removing microsoftyaheiascii24.o(.constdata), (48 bytes).
    Removing microsoftyaheiascii24.o(.constdata), (48 bytes).
    Removing microsoftyaheiascii24.o(.constdata), (48 bytes).
    Removing microsoftyaheiascii24.o(.constdata), (24 bytes).
    Removing microsoftyaheiascii24.o(.constdata), (48 bytes).
    Removing microsoftyaheiascii24.o(.constdata), (48 bytes).
    Removing microsoftyaheiascii24.o(.constdata), (24 bytes).
    Removing microsoftyaheiascii24.o(.constdata), (24 bytes).
    Removing microsoftyaheiascii24.o(.constdata), (48 bytes).
    Removing microsoftyaheiascii24.o(.constdata), (24 bytes).
    Removing microsoftyaheiascii24.o(.constdata), (72 bytes).
    Removing microsoftyaheiascii24.o(.constdata), (48 bytes).
    Removing microsoftyaheiascii24.o(.constdata), (48 bytes).
    Removing microsoftyaheiascii24.o(.constdata), (48 bytes).
    Removing microsoftyaheiascii24.o(.constdata), (48 bytes).
    Removing microsoftyaheiascii24.o(.constdata), (24 bytes).
    Removing microsoftyaheiascii24.o(.constdata), (24 bytes).
    Removing microsoftyaheiascii24.o(.constdata), (24 bytes).
    Removing microsoftyaheiascii24.o(.constdata), (48 bytes).
    Removing microsoftyaheiascii24.o(.constdata), (48 bytes).
    Removing microsoftyaheiascii24.o(.constdata), (48 bytes).
    Removing microsoftyaheiascii24.o(.constdata), (48 bytes).
    Removing microsoftyaheiascii24.o(.constdata), (48 bytes).
    Removing microsoftyaheiascii24.o(.constdata), (48 bytes).
    Removing microsoftyaheiascii24.o(.constdata), (24 bytes).
    Removing microsoftyaheiascii24.o(.constdata), (24 bytes).
    Removing microsoftyaheiascii24.o(.constdata), (24 bytes).
    Removing microsoftyaheiascii24.o(.constdata), (48 bytes).
    Removing microsoftyaheiascii24.o(.constdata), (24 bytes).
    Removing microsoftyaheiascii24.o(.constdata), (24 bytes).
    Removing microsoftyaheiascii24.o(.constdata), (24 bytes).
    Removing microsoftyaheiascii24.o(.constdata), (48 bytes).
    Removing microsoftyaheiascii24.o(.constdata), (48 bytes).
    Removing microsoftyaheiascii24.o(.constdata), (48 bytes).
    Removing microsoftyaheiascii24.o(.constdata), (48 bytes).
    Removing microsoftyaheiascii24.o(.constdata), (24 bytes).
    Removing microsoftyaheiascii24.o(.constdata), (48 bytes).
    Removing microsoftyaheiascii24.o(.constdata), (24 bytes).
    Removing microsoftyaheiascii24.o(.constdata), (72 bytes).
    Removing microsoftyaheiascii24.o(.constdata), (24 bytes).
    Removing microsoftyaheiascii24.o(.constdata), (48 bytes).
    Removing microsoftyaheiascii24.o(.constdata), (48 bytes).
    Removing microsoftyaheiascii24.o(.constdata), (24 bytes).
    Removing microsoftyaheiascii24.o(.constdata), (72 bytes).
    Removing microsoftyaheiascii24.o(.constdata), (24 bytes).
    Removing microsoftyaheiascii24.o(.constdata), (24 bytes).
    Removing microsoftyaheiascii24.o(.constdata), (48 bytes).
    Removing microsoftyaheiascii24.o(.constdata), (24 bytes).
    Removing microsoftyaheiascii24.o(.constdata), (24 bytes).
    Removing microsoftyaheiascii24.o(.constdata), (24 bytes).
    Removing microsoftyaheiascii24.o(.constdata), (48 bytes).
    Removing microsoftyaheiascii24.o(.constdata), (48 bytes).
    Removing microsoftyaheiascii24.o(.constdata), (24 bytes).
    Removing microsoftyaheiascii24.o(.constdata), (24 bytes).
    Removing microsoftyaheiascii24.o(.constdata), (24 bytes).
    Removing microsoftyaheiascii24.o(.constdata), (24 bytes).
    Removing microsoftyaheiascii24.o(.constdata), (48 bytes).
    Removing microsoftyaheiascii24.o(.constdata), (72 bytes).
    Removing microsoftyaheiascii24.o(.constdata), (72 bytes).
    Removing microsoftyaheiascii24.o(.constdata), (72 bytes).
    Removing microsoftyaheiascii24.o(.constdata), (48 bytes).
    Removing microsoftyaheiascii24.o(.constdata), (48 bytes).
    Removing microsoftyaheiascii24.o(.constdata), (48 bytes).
    Removing microsoftyaheiascii24.o(.constdata), (48 bytes).
    Removing microsoftyaheiascii24.o(.constdata), (48 bytes).
    Removing microsoftyaheiascii24.o(.constdata), (48 bytes).
    Removing microsoftyaheiascii24.o(.constdata), (48 bytes).
    Removing microsoftyaheiascii24.o(.constdata), (72 bytes).
    Removing microsoftyaheiascii24.o(.constdata), (48 bytes).
    Removing microsoftyaheiascii24.o(.constdata), (48 bytes).
    Removing microsoftyaheiascii24.o(.constdata), (48 bytes).
    Removing microsoftyaheiascii24.o(.constdata), (48 bytes).
    Removing microsoftyaheiascii24.o(.constdata), (48 bytes).
    Removing microsoftyaheiascii24.o(.constdata), (24 bytes).
    Removing microsoftyaheiascii24.o(.constdata), (24 bytes).
    Removing microsoftyaheiascii24.o(.constdata), (24 bytes).
    Removing microsoftyaheiascii24.o(.constdata), (24 bytes).
    Removing microsoftyaheiascii24.o(.constdata), (48 bytes).
    Removing microsoftyaheiascii24.o(.constdata), (48 bytes).
    Removing microsoftyaheiascii24.o(.constdata), (48 bytes).
    Removing microsoftyaheiascii24.o(.constdata), (48 bytes).
    Removing microsoftyaheiascii24.o(.constdata), (48 bytes).
    Removing microsoftyaheiascii24.o(.constdata), (48 bytes).
    Removing microsoftyaheiascii24.o(.constdata), (48 bytes).
    Removing microsoftyaheiascii24.o(.constdata), (48 bytes).
    Removing microsoftyaheiascii24.o(.constdata), (48 bytes).
    Removing microsoftyaheiascii24.o(.constdata), (48 bytes).
    Removing microsoftyaheiascii24.o(.constdata), (48 bytes).
    Removing microsoftyaheiascii24.o(.constdata), (48 bytes).
    Removing microsoftyaheiascii24.o(.constdata), (48 bytes).
    Removing microsoftyaheiascii24.o(.constdata), (48 bytes).
    Removing microsoftyaheiascii24.o(.constdata), (48 bytes).
    Removing microsoftyaheiascii24.o(.constdata), (48 bytes).
    Removing microsoftyaheiascii24.o(.constdata), (48 bytes).
    Removing microsoftyaheiascii24.o(.constdata), (48 bytes).
    Removing microsoftyaheiascii24.o(.constdata), (48 bytes).
    Removing microsoftyaheiascii24.o(.constdata), (48 bytes).
    Removing microsoftyaheiascii24.o(.constdata), (48 bytes).
    Removing microsoftyaheiascii24.o(.constdata), (48 bytes).
    Removing microsoftyaheiascii24.o(.constdata), (48 bytes).
    Removing microsoftyaheiascii24.o(.constdata), (48 bytes).
    Removing microsoftyaheiascii24.o(.constdata), (48 bytes).
    Removing microsoftyaheiascii24.o(.constdata), (48 bytes).
    Removing microsoftyaheiascii24.o(.constdata), (48 bytes).
    Removing microsoftyaheiascii24.o(.constdata), (48 bytes).
    Removing microsoftyaheiascii24.o(.constdata), (24 bytes).
    Removing microsoftyaheiascii24.o(.constdata), (24 bytes).
    Removing microsoftyaheiascii24.o(.constdata), (24 bytes).
    Removing microsoftyaheiascii24.o(.constdata), (24 bytes).
    Removing microsoftyaheiascii24.o(.constdata), (48 bytes).
    Removing microsoftyaheiascii24.o(.constdata), (48 bytes).
    Removing microsoftyaheiascii24.o(.constdata), (48 bytes).
    Removing microsoftyaheiascii24.o(.constdata), (48 bytes).
    Removing microsoftyaheiascii24.o(.constdata), (48 bytes).
    Removing microsoftyaheiascii24.o(.constdata), (48 bytes).
    Removing microsoftyaheiascii24.o(.constdata), (48 bytes).
    Removing microsoftyaheiascii24.o(.constdata), (48 bytes).
    Removing microsoftyaheiascii24.o(.constdata), (48 bytes).
    Removing microsoftyaheiascii24.o(.constdata), (48 bytes).
    Removing microsoftyaheiascii24.o(.constdata), (48 bytes).
    Removing microsoftyaheiascii24.o(.constdata), (48 bytes).
    Removing microsoftyaheiascii24.o(.constdata), (48 bytes).
    Removing microsoftyaheiascii24.o(.constdata), (48 bytes).
    Removing microsoftyaheiascii24.o(.constdata), (48 bytes).
    Removing microsoftyaheiascii24.o(.constdata), (48 bytes).
    Removing microsoftyaheiascii24.o(.constdata), (48 bytes).
    Removing microsoftyaheiascii24.o(.constdata), (48 bytes).
    Removing microsoftyaheiascii24.o(.constdata), (48 bytes).
    Removing microsoftyaheiascii24.o(.constdata), (48 bytes).
    Removing microsoftyaheiascii24.o(.constdata), (48 bytes).
    Removing microsoftyaheiascii24.o(.constdata), (48 bytes).
    Removing microsoftyaheiascii24.o(.constdata), (48 bytes).
    Removing microsoftyaheiascii24.o(.constdata), (48 bytes).
    Removing microsoftyaheiascii24.o(.constdata), (48 bytes).
    Removing microsoftyaheiascii24.o(.constdata), (48 bytes).
    Removing microsoftyaheiascii24.o(.constdata), (48 bytes).
    Removing microsoftyaheiascii24.o(.constdata), (48 bytes).
    Removing microsoftyaheiascii24.o(.constdata), (48 bytes).
    Removing microsoftyaheiascii24.o(.constdata), (48 bytes).
    Removing microsoftyaheiascii24.o(.constdata), (48 bytes).
    Removing microsoftyaheiascii24.o(.constdata), (48 bytes).
    Removing microsoftyaheiascii24.o(.constdata), (48 bytes).
    Removing microsoftyaheiascii24.o(.constdata), (48 bytes).
    Removing microsoftyaheiascii24.o(.constdata), (48 bytes).
    Removing microsoftyaheiascii24.o(.constdata), (48 bytes).
    Removing microsoftyaheiascii24.o(.constdata), (48 bytes).
    Removing microsoftyaheiascii24.o(.constdata), (48 bytes).
    Removing microsoftyaheiascii24.o(.constdata), (48 bytes).
    Removing microsoftyaheiascii24.o(.constdata), (48 bytes).
    Removing microsoftyaheiascii24.o(.constdata), (48 bytes).
    Removing microsoftyaheiascii24.o(.constdata), (48 bytes).
    Removing microsoftyaheiascii24.o(.constdata), (48 bytes).
    Removing microsoftyaheiascii24.o(.constdata), (48 bytes).
    Removing microsoftyaheiascii24.o(.constdata), (48 bytes).
    Removing microsoftyaheiascii24.o(.constdata), (48 bytes).
    Removing microsoftyaheiascii24.o(.constdata), (48 bytes).
    Removing microsoftyaheiascii24.o(.constdata), (48 bytes).
    Removing microsoftyaheiascii24.o(.constdata), (48 bytes).
    Removing microsoftyaheiascii24.o(.constdata), (48 bytes).
    Removing microsoftyaheiascii24.o(.constdata), (48 bytes).
    Removing microsoftyaheiascii24.o(.constdata), (48 bytes).
    Removing microsoftyaheiascii24.o(.constdata), (48 bytes).
    Removing microsoftyaheiascii24.o(.constdata), (48 bytes).
    Removing microsoftyaheiascii24.o(.constdata), (48 bytes).
    Removing microsoftyaheiascii24.o(.constdata), (48 bytes).
    Removing microsoftyaheiascii24.o(.constdata), (1856 bytes).
    Removing microsoftyaheiascii24.o(.constdata), (12 bytes).
    Removing microsoftyaheiascii24.o(.constdata), (12 bytes).
    Removing microsoftyaheiascii24.o(.constdata), (16 bytes).
    Removing songti24.o(.rev16_text), (4 bytes).
    Removing songti24.o(.revsh_text), (4 bytes).
    Removing songti24.o(.rrx_text), (6 bytes).
    Removing songti24.o(.constdata), (72 bytes).
    Removing songti24.o(.constdata), (8 bytes).
    Removing songti24.o(.constdata), (12 bytes).
    Removing songti24.o(.constdata), (16 bytes).
    Removing cuigui_lcddriver.o(.rev16_text), (4 bytes).
    Removing cuigui_lcddriver.o(.revsh_text), (4 bytes).
    Removing cuigui_lcddriver.o(.rrx_text), (6 bytes).
    Removing cuigui_lcddriver.o(i.CUIGUI_DrawHLine), (36 bytes).
    Removing cuigui_lcddriver.o(i.CUIGUI_DrawLine), (156 bytes).
    Removing cuigui_lcddriver.o(i.CUIGUI_DrawPoint), (4 bytes).
    Removing cuigui_lcddriver.o(i.CUIGUI_DrawVLine), (36 bytes).
    Removing cuigui_lcddriver.o(i.CUIGUI_Draw_Circle), (196 bytes).
    Removing cuigui_lcddriver.o(i.CUIGUI_FastDrawPoint), (12 bytes).
    Removing cuigui_lcddriver.o(i.CUIGUI_FastStart), (4 bytes).
    Removing cuigui_lcddriver.o(i.CUIGUI_FastXOR), (16 bytes).
    Removing cuigui_lcddriver.o(i.CUIGUI_FillRect), (72 bytes).
    Removing cuigui_lcddriver.o(i.CUIGUI_Init), (18 bytes).
    Removing cuigui_lcddriver.o(i.CUIGUI_ReadPoint), (4 bytes).
    Removing cuigui_lcddriver.o(i.CUIGUI_SetPosition), (4 bytes).
    Removing cuigui_lcddriver.o(i.CUIGUI_XORPoint), (28 bytes).
    Removing cuigui_lcddriver.o(i.DrawFullCircle), (146 bytes).
    Removing cuigui_lcddriver.o(i.GetXORColor), (8 bytes).
    Removing cuigui_color.o(.rev16_text), (4 bytes).
    Removing cuigui_color.o(.revsh_text), (4 bytes).
    Removing cuigui_color.o(.rrx_text), (6 bytes).
    Removing cuigui_color.o(i.CUIGUI_Color), (16 bytes).
    Removing cuigui_color.o(i.CUIGUI_GETRGB), (20 bytes).
    Removing cuigui_color.o(i.CUIGUI_GetColor), (16 bytes).
    Removing gui.o(.rev16_text), (4 bytes).
    Removing gui.o(.revsh_text), (4 bytes).
    Removing gui.o(.rrx_text), (6 bytes).
    Removing gui.o(i.CUIGUI_DrawDoubleColorNum), (44 bytes).
    Removing gui.o(i.CUIGUI_DrawDoubleNum), (40 bytes).
    Removing gui.o(i.CUIGUI_DrawNum), (40 bytes).
    Removing gui.o(i.CUIGUI_DrawStr), (52 bytes).
    Removing gui.o(i.CUIGUI_DrawWord), (96 bytes).
    Removing gui.o(i.CUIGUI_GetFont), (12 bytes).
    Removing gui.o(i.CUIGUI_NumSelect), (196 bytes).
    Removing gui.o(i.CUIGUI_NumSelect2), (136 bytes).
    Removing gui.o(i.CUIGUI_SetFont), (12 bytes).
    Removing gui.o(i.DoubletoString), (86 bytes).
    Removing gui.o(i.DoubletoStringSaveZheng), (260 bytes).
    Removing gui.o(i.GBK2UNICODE), (44 bytes).
    Removing gui.o(i.GetHeightFont), (4 bytes).
    Removing gui.o(i.GetLengthStr), (40 bytes).
    Removing gui.o(i.GetNumOfStr), (28 bytes).
    Removing gui.o(i.GetStrLengthAndSaveSide), (54 bytes).
    Removing gui.o(i.GetUnicode), (4 bytes).
    Removing gui.o(i.GetWordWidth), (64 bytes).
    Removing gui.o(i.StrtoDouble), (248 bytes).
    Removing gui.o(i._draw_model), (112 bytes).
    Removing gui.o(i.u32_tostr), (94 bytes).
    Removing gui.o(.constdata), (4 bytes).
    Removing gui.o(.data), (4 bytes).
    Removing relative_layout.o(.rev16_text), (4 bytes).
    Removing relative_layout.o(.revsh_text), (4 bytes).
    Removing relative_layout.o(.rrx_text), (6 bytes).
    Removing relative_layout.o(i.RelativeLayout), (88 bytes).
    Removing cuigui_button.o(.rev16_text), (4 bytes).
    Removing cuigui_button.o(.revsh_text), (4 bytes).
    Removing cuigui_button.o(.rrx_text), (6 bytes).
    Removing cuigui_button.o(i.BtDefaultSkin), (4 bytes).
    Removing cuigui_button.o(i.BtDefaultText), (4 bytes).
    Removing cuigui_button.o(i.BtSkin), (14 bytes).
    Removing cuigui_button.o(i.BtText), (84 bytes).
    Removing cuigui_button.o(i.ButtonSetColor), (6 bytes).
    Removing cuigui_button.o(i.ButtonSetFont), (6 bytes).
    Removing cuigui_button.o(i.DefaultDrawButton), (18 bytes).
    Removing cuigui_button.o(i.NewButton), (68 bytes).
    Removing cuigui_button.o(i.Obj_SkinPressed), (310 bytes).
    Removing cuigui_button.o(i.Obj_SkinUnPressed), (310 bytes).
    Removing cuifat.o(.rev16_text), (4 bytes).
    Removing cuifat.o(.revsh_text), (4 bytes).
    Removing cuifat.o(.rrx_text), (6 bytes).
    Removing disk.o(.rev16_text), (4 bytes).
    Removing disk.o(.revsh_text), (4 bytes).
    Removing disk.o(.rrx_text), (6 bytes).
    Removing fadd.o(.text), (176 bytes).
    Removing fmul.o(.text), (100 bytes).
    Removing dmul.o(.text), (228 bytes).
    Removing fflti.o(.text), (18 bytes).
    Removing ffltui.o(.text), (10 bytes).
    Removing dfltui.o(.text), (26 bytes).
    Removing ffixui.o(.text), (40 bytes).
    Removing dfixui.o(.text), (50 bytes).
    Removing f2d.o(.text), (38 bytes).
    Removing cdcmple.o(.text), (48 bytes).
    Removing cdrcmple.o(.text), (48 bytes).
    Removing d2f.o(.text), (56 bytes).
    Removing fepilogue.o(.text), (110 bytes).
    Removing depilogue.o(.text), (186 bytes).
    Removing dadd.o(.text), (334 bytes).
    Removing ddiv.o(.text), (222 bytes).
    Removing dfixul.o(.text), (48 bytes).

689 unused section(s) (total 48018 bytes) removed from the image.

==============================================================================

Image Symbol Table

    Local Symbols

    Symbol Name                              Value     Ov Type        Size  Object(Section)

    ..//Src/system_stm32f1xx.c               0x00000000   Number         0  system_stm32f1xx.o ABSOLUTE
    ../Drivers/STM32F1xx_HAL_Driver/Src/stm32f1xx_hal.c 0x00000000   Number         0  stm32f1xx_hal.o ABSOLUTE
    ../Drivers/STM32F1xx_HAL_Driver/Src/stm32f1xx_hal_cortex.c 0x00000000   Number         0  stm32f1xx_hal_cortex.o ABSOLUTE
    ../Drivers/STM32F1xx_HAL_Driver/Src/stm32f1xx_hal_dma.c 0x00000000   Number         0  stm32f1xx_hal_dma.o ABSOLUTE
    ../Drivers/STM32F1xx_HAL_Driver/Src/stm32f1xx_hal_flash.c 0x00000000   Number         0  stm32f1xx_hal_flash.o ABSOLUTE
    ../Drivers/STM32F1xx_HAL_Driver/Src/stm32f1xx_hal_flash_ex.c 0x00000000   Number         0  stm32f1xx_hal_flash_ex.o ABSOLUTE
    ../Drivers/STM32F1xx_HAL_Driver/Src/stm32f1xx_hal_gpio.c 0x00000000   Number         0  stm32f1xx_hal_gpio.o ABSOLUTE
    ../Drivers/STM32F1xx_HAL_Driver/Src/stm32f1xx_hal_gpio_ex.c 0x00000000   Number         0  stm32f1xx_hal_gpio_ex.o ABSOLUTE
    ../Drivers/STM32F1xx_HAL_Driver/Src/stm32f1xx_hal_pwr.c 0x00000000   Number         0  stm32f1xx_hal_pwr.o ABSOLUTE
    ../Drivers/STM32F1xx_HAL_Driver/Src/stm32f1xx_hal_rcc.c 0x00000000   Number         0  stm32f1xx_hal_rcc.o ABSOLUTE
    ../Drivers/STM32F1xx_HAL_Driver/Src/stm32f1xx_hal_rcc_ex.c 0x00000000   Number         0  stm32f1xx_hal_rcc_ex.o ABSOLUTE
    ../Drivers/STM32F1xx_HAL_Driver/Src/stm32f1xx_hal_sd.c 0x00000000   Number         0  stm32f1xx_hal_sd.o ABSOLUTE
    ../Drivers/STM32F1xx_HAL_Driver/Src/stm32f1xx_hal_sram.c 0x00000000   Number         0  stm32f1xx_hal_sram.o ABSOLUTE
    ../Drivers/STM32F1xx_HAL_Driver/Src/stm32f1xx_hal_tim.c 0x00000000   Number         0  stm32f1xx_hal_tim.o ABSOLUTE
    ../Drivers/STM32F1xx_HAL_Driver/Src/stm32f1xx_hal_tim_ex.c 0x00000000   Number         0  stm32f1xx_hal_tim_ex.o ABSOLUTE
    ../Drivers/STM32F1xx_HAL_Driver/Src/stm32f1xx_hal_uart.c 0x00000000   Number         0  stm32f1xx_hal_uart.o ABSOLUTE
    ../Drivers/STM32F1xx_HAL_Driver/Src/stm32f1xx_ll_fsmc.c 0x00000000   Number         0  stm32f1xx_ll_fsmc.o ABSOLUTE
    ../Drivers/STM32F1xx_HAL_Driver/Src/stm32f1xx_ll_sdmmc.c 0x00000000   Number         0  stm32f1xx_ll_sdmmc.o ABSOLUTE
    ../Src/fsmc.c                            0x00000000   Number         0  fsmc.o ABSOLUTE
    ../Src/gpio.c                            0x00000000   Number         0  gpio.o ABSOLUTE
    ../Src/main.c                            0x00000000   Number         0  main.o ABSOLUTE
    ../Src/sdio.c                            0x00000000   Number         0  sdio.o ABSOLUTE
    ../Src/stm32f1xx_hal_msp.c               0x00000000   Number         0  stm32f1xx_hal_msp.o ABSOLUTE
    ../Src/stm32f1xx_it.c                    0x00000000   Number         0  stm32f1xx_it.o ABSOLUTE
    ../Src/usart.c                           0x00000000   Number         0  usart.o ABSOLUTE
    ../clib/microlib/division.c              0x00000000   Number         0  uldiv.o ABSOLUTE
    ../clib/microlib/division.c              0x00000000   Number         0  uidiv.o ABSOLUTE
    ../clib/microlib/init/entry.s            0x00000000   Number         0  entry7a.o ABSOLUTE
    ../clib/microlib/init/entry.s            0x00000000   Number         0  entry5.o ABSOLUTE
    ../clib/microlib/init/entry.s            0x00000000   Number         0  entry2.o ABSOLUTE
    ../clib/microlib/init/entry.s            0x00000000   Number         0  entry11b.o ABSOLUTE
    ../clib/microlib/init/entry.s            0x00000000   Number         0  entry11a.o ABSOLUTE
    ../clib/microlib/init/entry.s            0x00000000   Number         0  entry10b.o ABSOLUTE
    ../clib/microlib/init/entry.s            0x00000000   Number         0  entry.o ABSOLUTE
    ../clib/microlib/init/entry.s            0x00000000   Number         0  entry8b.o ABSOLUTE
    ../clib/microlib/init/entry.s            0x00000000   Number         0  entry10a.o ABSOLUTE
    ../clib/microlib/init/entry.s            0x00000000   Number         0  entry9b.o ABSOLUTE
    ../clib/microlib/init/entry.s            0x00000000   Number         0  entry9a.o ABSOLUTE
    ../clib/microlib/init/entry.s            0x00000000   Number         0  entry8a.o ABSOLUTE
    ../clib/microlib/init/entry.s            0x00000000   Number         0  entry7b.o ABSOLUTE
    ../clib/microlib/longlong.c              0x00000000   Number         0  llsshr.o ABSOLUTE
    ../clib/microlib/longlong.c              0x00000000   Number         0  llshl.o ABSOLUTE
    ../clib/microlib/longlong.c              0x00000000   Number         0  llushr.o ABSOLUTE
    ../clib/microlib/printf/printf.c         0x00000000   Number         0  printf1.o ABSOLUTE
    ../clib/microlib/printf/printf.c         0x00000000   Number         0  printf2.o ABSOLUTE
    ../clib/microlib/printf/printf.c         0x00000000   Number         0  printf3.o ABSOLUTE
    ../clib/microlib/printf/printf.c         0x00000000   Number         0  printf4.o ABSOLUTE
    ../clib/microlib/printf/printf.c         0x00000000   Number         0  printfb.o ABSOLUTE
    ../clib/microlib/printf/printf.c         0x00000000   Number         0  printf0.o ABSOLUTE
    ../clib/microlib/printf/printf.c         0x00000000   Number         0  printf5.o ABSOLUTE
    ../clib/microlib/printf/printf.c         0x00000000   Number         0  printf6.o ABSOLUTE
    ../clib/microlib/printf/printf.c         0x00000000   Number         0  printf7.o ABSOLUTE
    ../clib/microlib/printf/printf.c         0x00000000   Number         0  printf8.o ABSOLUTE
    ../clib/microlib/printf/printf.c         0x00000000   Number         0  printfa.o ABSOLUTE
    ../clib/microlib/printf/stubs.s          0x00000000   Number         0  stubs.o ABSOLUTE
    ../clib/microlib/stdio/streams.c         0x00000000   Number         0  stdout.o ABSOLUTE
    ../clib/microlib/string/memset.c         0x00000000   Number         0  memseta.o ABSOLUTE
    ../clib/microlib/stubs.s                 0x00000000   Number         0  iusefp.o ABSOLUTE
    ../fplib/microlib/d2f.c                  0x00000000   Number         0  d2f.o ABSOLUTE
    ../fplib/microlib/f2d.c                  0x00000000   Number         0  f2d.o ABSOLUTE
    ../fplib/microlib/fpadd.c                0x00000000   Number         0  dadd.o ABSOLUTE
    ../fplib/microlib/fpadd.c                0x00000000   Number         0  fadd.o ABSOLUTE
    ../fplib/microlib/fpdiv.c                0x00000000   Number         0  ddiv.o ABSOLUTE
    ../fplib/microlib/fpepilogue.c           0x00000000   Number         0  fepilogue.o ABSOLUTE
    ../fplib/microlib/fpepilogue.c           0x00000000   Number         0  depilogue.o ABSOLUTE
    ../fplib/microlib/fpfix.c                0x00000000   Number         0  dfixul.o ABSOLUTE
    ../fplib/microlib/fpfix.c                0x00000000   Number         0  dfixui.o ABSOLUTE
    ../fplib/microlib/fpfix.c                0x00000000   Number         0  ffixui.o ABSOLUTE
    ../fplib/microlib/fpflt.c                0x00000000   Number         0  dfltui.o ABSOLUTE
    ../fplib/microlib/fpflt.c                0x00000000   Number         0  ffltui.o ABSOLUTE
    ../fplib/microlib/fpflt.c                0x00000000   Number         0  fflti.o ABSOLUTE
    ../fplib/microlib/fpmul.c                0x00000000   Number         0  dmul.o ABSOLUTE
    ../fplib/microlib/fpmul.c                0x00000000   Number         0  fmul.o ABSOLUTE
    ..\..\..\basic\CUIGUI_COLOR.C            0x00000000   Number         0  cuigui_color.o ABSOLUTE
    ..\..\..\basic\CUIGUI_LCDDRIVER.C        0x00000000   Number         0  cuigui_lcddriver.o ABSOLUTE
    ..\..\..\basic\GUI.C                     0x00000000   Number         0  gui.o ABSOLUTE
    ..\..\..\config\lcd\lcd.c                0x00000000   Number         0  lcd.o ABSOLUTE
    ..\..\..\datastruct\SingleList.c         0x00000000   Number         0  singlelist.o ABSOLUTE
    ..\..\..\fat32\cuiFAT.c                  0x00000000   Number         0  cuifat.o ABSOLUTE
    ..\..\..\fat32\disk.c                    0x00000000   Number         0  disk.o ABSOLUTE
    ..\..\..\font\MicrosoftYaHeiASCII24.c    0x00000000   Number         0  microsoftyaheiascii24.o ABSOLUTE
    ..\..\..\font\songti24.c                 0x00000000   Number         0  songti24.o ABSOLUTE
    ..\..\..\layout\RELATIVE_LAYOUT.C        0x00000000   Number         0  relative_layout.o ABSOLUTE
    ..\..\..\malloc\List4_Malloc.C           0x00000000   Number         0  list4_malloc.o ABSOLUTE
    ..\..\..\module\CUIGUI_BUTTON.C          0x00000000   Number         0  cuigui_button.o ABSOLUTE
    ..\Drivers\STM32F1xx_HAL_Driver\Src\stm32f1xx_hal.c 0x00000000   Number         0  stm32f1xx_hal.o ABSOLUTE
    ..\Drivers\STM32F1xx_HAL_Driver\Src\stm32f1xx_hal_cortex.c 0x00000000   Number         0  stm32f1xx_hal_cortex.o ABSOLUTE
    ..\Drivers\STM32F1xx_HAL_Driver\Src\stm32f1xx_hal_dma.c 0x00000000   Number         0  stm32f1xx_hal_dma.o ABSOLUTE
    ..\Drivers\STM32F1xx_HAL_Driver\Src\stm32f1xx_hal_flash.c 0x00000000   Number         0  stm32f1xx_hal_flash.o ABSOLUTE
    ..\Drivers\STM32F1xx_HAL_Driver\Src\stm32f1xx_hal_flash_ex.c 0x00000000   Number         0  stm32f1xx_hal_flash_ex.o ABSOLUTE
    ..\Drivers\STM32F1xx_HAL_Driver\Src\stm32f1xx_hal_gpio.c 0x00000000   Number         0  stm32f1xx_hal_gpio.o ABSOLUTE
    ..\Drivers\STM32F1xx_HAL_Driver\Src\stm32f1xx_hal_gpio_ex.c 0x00000000   Number         0  stm32f1xx_hal_gpio_ex.o ABSOLUTE
    ..\Drivers\STM32F1xx_HAL_Driver\Src\stm32f1xx_hal_pwr.c 0x00000000   Number         0  stm32f1xx_hal_pwr.o ABSOLUTE
    ..\Drivers\STM32F1xx_HAL_Driver\Src\stm32f1xx_hal_rcc.c 0x00000000   Number         0  stm32f1xx_hal_rcc.o ABSOLUTE
    ..\Drivers\STM32F1xx_HAL_Driver\Src\stm32f1xx_hal_rcc_ex.c 0x00000000   Number         0  stm32f1xx_hal_rcc_ex.o ABSOLUTE
    ..\Drivers\STM32F1xx_HAL_Driver\Src\stm32f1xx_hal_sd.c 0x00000000   Number         0  stm32f1xx_hal_sd.o ABSOLUTE
    ..\Drivers\STM32F1xx_HAL_Driver\Src\stm32f1xx_hal_sram.c 0x00000000   Number         0  stm32f1xx_hal_sram.o ABSOLUTE
    ..\Drivers\STM32F1xx_HAL_Driver\Src\stm32f1xx_hal_tim.c 0x00000000   Number         0  stm32f1xx_hal_tim.o ABSOLUTE
    ..\Drivers\STM32F1xx_HAL_Driver\Src\stm32f1xx_hal_tim_ex.c 0x00000000   Number         0  stm32f1xx_hal_tim_ex.o ABSOLUTE
    ..\Drivers\STM32F1xx_HAL_Driver\Src\stm32f1xx_hal_uart.c 0x00000000   Number         0  stm32f1xx_hal_uart.o ABSOLUTE
    ..\Drivers\STM32F1xx_HAL_Driver\Src\stm32f1xx_ll_fsmc.c 0x00000000   Number         0  stm32f1xx_ll_fsmc.o ABSOLUTE
    ..\Drivers\STM32F1xx_HAL_Driver\Src\stm32f1xx_ll_sdmmc.c 0x00000000   Number         0  stm32f1xx_ll_sdmmc.o ABSOLUTE
    ..\Src\fsmc.c                            0x00000000   Number         0  fsmc.o ABSOLUTE
    ..\Src\gpio.c                            0x00000000   Number         0  gpio.o ABSOLUTE
    ..\Src\main.c                            0x00000000   Number         0  main.o ABSOLUTE
    ..\Src\sdio.c                            0x00000000   Number         0  sdio.o ABSOLUTE
    ..\Src\stm32f1xx_hal_msp.c               0x00000000   Number         0  stm32f1xx_hal_msp.o ABSOLUTE
    ..\Src\stm32f1xx_it.c                    0x00000000   Number         0  stm32f1xx_it.o ABSOLUTE
    ..\Src\usart.c                           0x00000000   Number         0  usart.o ABSOLUTE
    ..\\..\\..\\basic\\CUIGUI_COLOR.C        0x00000000   Number         0  cuigui_color.o ABSOLUTE
    ..\\..\\..\\basic\\CUIGUI_LCDDRIVER.C    0x00000000   Number         0  cuigui_lcddriver.o ABSOLUTE
    ..\\..\\..\\basic\\GUI.C                 0x00000000   Number         0  gui.o ABSOLUTE
    ..\\..\\..\\config\\lcd\\lcd.c           0x00000000   Number         0  lcd.o ABSOLUTE
    ..\\..\\..\\datastruct\\SingleList.c     0x00000000   Number         0  singlelist.o ABSOLUTE
    ..\\..\\..\\fat32\\cuiFAT.c              0x00000000   Number         0  cuifat.o ABSOLUTE
    ..\\..\\..\\fat32\\disk.c                0x00000000   Number         0  disk.o ABSOLUTE
    ..\\..\\..\\font\\MicrosoftYaHeiASCII24.c 0x00000000   Number         0  microsoftyaheiascii24.o ABSOLUTE
    ..\\..\\..\\font\\songti24.c             0x00000000   Number         0  songti24.o ABSOLUTE
    ..\\..\\..\\layout\\RELATIVE_LAYOUT.C    0x00000000   Number         0  relative_layout.o ABSOLUTE
    ..\\..\\..\\malloc\\List4_Malloc.C       0x00000000   Number         0  list4_malloc.o ABSOLUTE
    ..\\..\\..\\module\\CUIGUI_BUTTON.C      0x00000000   Number         0  cuigui_button.o ABSOLUTE
    ..\\Src\system_stm32f1xx.c               0x00000000   Number         0  system_stm32f1xx.o ABSOLUTE
    cdcmple.s                                0x00000000   Number         0  cdcmple.o ABSOLUTE
    cdrcmple.s                               0x00000000   Number         0  cdrcmple.o ABSOLUTE
    dc.s                                     0x00000000   Number         0  dc.o ABSOLUTE
    handlers.s                               0x00000000   Number         0  handlers.o ABSOLUTE
    init.s                                   0x00000000   Number         0  init.o ABSOLUTE
    startup_stm32f103xe.s                    0x00000000   Number         0  startup_stm32f103xe.o ABSOLUTE
    RESET                                    0x08000000   Section      304  startup_stm32f103xe.o(RESET)
    .ARM.Collect$$$$00000000                 0x08000130   Section        0  entry.o(.ARM.Collect$$$$00000000)
    .ARM.Collect$$$$00000001                 0x08000130   Section        4  entry2.o(.ARM.Collect$$$$00000001)
    .ARM.Collect$$$$00000004                 0x08000134   Section        4  entry5.o(.ARM.Collect$$$$00000004)
    .ARM.Collect$$$$00000008                 0x08000138   Section        0  entry7b.o(.ARM.Collect$$$$00000008)
    .ARM.Collect$$$$0000000A                 0x08000138   Section        0  entry8b.o(.ARM.Collect$$$$0000000A)
    .ARM.Collect$$$$0000000B                 0x08000138   Section        8  entry9a.o(.ARM.Collect$$$$0000000B)
    .ARM.Collect$$$$0000000D                 0x08000140   Section        0  entry10a.o(.ARM.Collect$$$$0000000D)
    .ARM.Collect$$$$0000000F                 0x08000140   Section        0  entry11a.o(.ARM.Collect$$$$0000000F)
    .ARM.Collect$$$$00002712                 0x08000140   Section        4  entry2.o(.ARM.Collect$$$$00002712)
    __lit__00000000                          0x08000140   Data           4  entry2.o(.ARM.Collect$$$$00002712)
    .text                                    0x08000144   Section       36  startup_stm32f103xe.o(.text)
    .text                                    0x08000168   Section        0  llushr.o(.text)
    .text                                    0x08000188   Section        0  memseta.o(.text)
    .text                                    0x080001ac   Section        0  uldiv.o(.text)
    .text                                    0x08000210   Section       36  init.o(.text)
    .text                                    0x08000234   Section        0  llshl.o(.text)
    i.BusFault_Handler                       0x08000252   Section        0  stm32f1xx_it.o(i.BusFault_Handler)
    i.CampareStringIn                        0x08000254   Section        0  cuifat.o(i.CampareStringIn)
    i.ChangeClus2Sector                      0x08000272   Section        0  cuifat.o(i.ChangeClus2Sector)
    i.CuiFat_BindingDisk                     0x08000284   Section        0  cuifat.o(i.CuiFat_BindingDisk)
    i.CuiFat_OpenDisk                        0x080002c0   Section        0  cuifat.o(i.CuiFat_OpenDisk)
    i.DebugMon_Handler                       0x0800030c   Section        0  stm32f1xx_it.o(i.DebugMon_Handler)
    i.FSMC_NORSRAM_Extended_Timing_Init      0x08000310   Section        0  stm32f1xx_ll_fsmc.o(i.FSMC_NORSRAM_Extended_Timing_Init)
    i.FSMC_NORSRAM_Init                      0x0800034c   Section        0  stm32f1xx_ll_fsmc.o(i.FSMC_NORSRAM_Init)
    i.FSMC_NORSRAM_Timing_Init               0x080003e4   Section        0  stm32f1xx_ll_fsmc.o(i.FSMC_NORSRAM_Timing_Init)
    i.Fat_GetTimeDate                        0x08000428   Section        0  cuifat.o(i.Fat_GetTimeDate)
    i.GetClusDate                            0x080004c8   Section        0  cuifat.o(i.GetClusDate)
    i.GetFileName                            0x08000508   Section        0  cuifat.o(i.GetFileName)
    i.HAL_Delay                              0x0800052c   Section        0  stm32f1xx_hal.o(i.HAL_Delay)
    i.HAL_FSMC_MspInit                       0x08000550   Section        0  fsmc.o(i.HAL_FSMC_MspInit)
    HAL_FSMC_MspInit                         0x08000551   Thumb Code    96  fsmc.o(i.HAL_FSMC_MspInit)
    i.HAL_GPIO_Init                          0x080005c4   Section        0  stm32f1xx_hal_gpio.o(i.HAL_GPIO_Init)
    i.HAL_GPIO_WritePin                      0x080007ac   Section        0  stm32f1xx_hal_gpio.o(i.HAL_GPIO_WritePin)
    i.HAL_GetTick                            0x080007b8   Section        0  stm32f1xx_hal.o(i.HAL_GetTick)
    i.HAL_IncTick                            0x080007c4   Section        0  stm32f1xx_hal.o(i.HAL_IncTick)
    i.HAL_Init                               0x080007d4   Section        0  stm32f1xx_hal.o(i.HAL_Init)
    i.HAL_InitTick                           0x080007f8   Section        0  stm32f1xx_hal.o(i.HAL_InitTick)
    i.HAL_MspInit                            0x08000838   Section        0  stm32f1xx_hal_msp.o(i.HAL_MspInit)
    i.HAL_NVIC_SetPriority                   0x080008c8   Section        0  stm32f1xx_hal_cortex.o(i.HAL_NVIC_SetPriority)
    i.HAL_NVIC_SetPriorityGrouping           0x08000908   Section        0  stm32f1xx_hal_cortex.o(i.HAL_NVIC_SetPriorityGrouping)
    i.HAL_RCC_ClockConfig                    0x0800092c   Section        0  stm32f1xx_hal_rcc.o(i.HAL_RCC_ClockConfig)
    i.HAL_RCC_GetHCLKFreq                    0x08000a80   Section        0  stm32f1xx_hal_rcc.o(i.HAL_RCC_GetHCLKFreq)
    i.HAL_RCC_GetPCLK1Freq                   0x08000a8c   Section        0  stm32f1xx_hal_rcc.o(i.HAL_RCC_GetPCLK1Freq)
    i.HAL_RCC_GetPCLK2Freq                   0x08000aac   Section        0  stm32f1xx_hal_rcc.o(i.HAL_RCC_GetPCLK2Freq)
    i.HAL_RCC_GetSysClockFreq                0x08000acc   Section        0  stm32f1xx_hal_rcc.o(i.HAL_RCC_GetSysClockFreq)
    i.HAL_RCC_OscConfig                      0x08000b38   Section        0  stm32f1xx_hal_rcc.o(i.HAL_RCC_OscConfig)
    i.HAL_SD_ConfigWideBusOperation          0x08000e3c   Section        0  stm32f1xx_hal_sd.o(i.HAL_SD_ConfigWideBusOperation)
    i.HAL_SD_GetCardCSD                      0x08000eb4   Section        0  stm32f1xx_hal_sd.o(i.HAL_SD_GetCardCSD)
    i.HAL_SD_Init                            0x0800108e   Section        0  stm32f1xx_hal_sd.o(i.HAL_SD_Init)
    i.HAL_SD_InitCard                        0x080010c4   Section        0  stm32f1xx_hal_sd.o(i.HAL_SD_InitCard)
    i.HAL_SD_MspInit                         0x08001118   Section        0  sdio.o(i.HAL_SD_MspInit)
    i.HAL_SD_ReadBlocks                      0x08001170   Section        0  stm32f1xx_hal_sd.o(i.HAL_SD_ReadBlocks)
    i.HAL_SD_WriteBlocks                     0x08001324   Section        0  stm32f1xx_hal_sd.o(i.HAL_SD_WriteBlocks)
    i.HAL_SRAM_Init                          0x080014be   Section        0  stm32f1xx_hal_sram.o(i.HAL_SRAM_Init)
    i.HAL_SRAM_MspInit                       0x08001514   Section        0  fsmc.o(i.HAL_SRAM_MspInit)
    i.HAL_SYSTICK_CLKSourceConfig            0x08001518   Section        0  stm32f1xx_hal_cortex.o(i.HAL_SYSTICK_CLKSourceConfig)
    i.HAL_SYSTICK_Callback                   0x08001530   Section        0  stm32f1xx_hal_cortex.o(i.HAL_SYSTICK_Callback)
    i.HAL_SYSTICK_Config                     0x08001532   Section        0  stm32f1xx_hal_cortex.o(i.HAL_SYSTICK_Config)
    i.HAL_SYSTICK_IRQHandler                 0x0800155a   Section        0  stm32f1xx_hal_cortex.o(i.HAL_SYSTICK_IRQHandler)
    i.HAL_UART_Init                          0x08001562   Section        0  stm32f1xx_hal_uart.o(i.HAL_UART_Init)
    i.HAL_UART_MspInit                       0x080015c4   Section        0  usart.o(i.HAL_UART_MspInit)
    i.HAL_UART_Transmit                      0x0800161c   Section        0  stm32f1xx_hal_uart.o(i.HAL_UART_Transmit)
    i.HardFault_Handler                      0x080016d6   Section        0  stm32f1xx_it.o(i.HardFault_Handler)
    i.Iterator_Dir                           0x080016d8   Section        0  cuifat.o(i.Iterator_Dir)
    i.List4_Free                             0x08001748   Section        0  list4_malloc.o(i.List4_Free)
    i.List4_InsertBlock                      0x08001864   Section        0  list4_malloc.o(i.List4_InsertBlock)
    i.List4_Malloc                           0x080018b8   Section        0  list4_malloc.o(i.List4_Malloc)
    i.List4_Malloc_Init                      0x08001960   Section        0  list4_malloc.o(i.List4_Malloc_Init)
    i.MX_FSMC_Init                           0x08001974   Section        0  fsmc.o(i.MX_FSMC_Init)
    i.MX_GPIO_Init                           0x08001a0c   Section        0  gpio.o(i.MX_GPIO_Init)
    i.MX_SDIO_SD_Init                        0x08001aa0   Section        0  sdio.o(i.MX_SDIO_SD_Init)
    i.MX_USART1_UART_Init                    0x08001afc   Section        0  usart.o(i.MX_USART1_UART_Init)
    i.MemManage_Handler                      0x08001b48   Section        0  stm32f1xx_it.o(i.MemManage_Handler)
    i.NMI_Handler                            0x08001b4a   Section        0  stm32f1xx_it.o(i.NMI_Handler)
    i.NVIC_SetPriority                       0x08001b4c   Section        0  stm32f1xx_hal_cortex.o(i.NVIC_SetPriority)
    NVIC_SetPriority                         0x08001b4d   Thumb Code    32  stm32f1xx_hal_cortex.o(i.NVIC_SetPriority)
    i.PendSV_Handler                         0x08001b6c   Section        0  stm32f1xx_it.o(i.PendSV_Handler)
    i.ReadDBRSector                          0x08001b70   Section        0  cuifat.o(i.ReadDBRSector)
    i.ReadDirMessage                         0x08001ce0   Section        0  cuifat.o(i.ReadDirMessage)
    i.SDDiskReadBlocks                       0x08001d0c   Section        0  disk.o(i.SDDiskReadBlocks)
    i.SDDiskWriteBlocks                      0x08001d24   Section        0  disk.o(i.SDDiskWriteBlocks)
    i.SDDisk_Init                            0x08001d3c   Section        0  disk.o(i.SDDisk_Init)
    i.SDIO_ConfigData                        0x08001d70   Section        0  stm32f1xx_ll_sdmmc.o(i.SDIO_ConfigData)
    i.SDIO_GetPowerState                     0x08001d94   Section        0  stm32f1xx_ll_sdmmc.o(i.SDIO_GetPowerState)
    i.SDIO_GetResponse                       0x08001d9c   Section        0  stm32f1xx_ll_sdmmc.o(i.SDIO_GetResponse)
    i.SDIO_Init                              0x08001da8   Section        0  stm32f1xx_ll_sdmmc.o(i.SDIO_Init)
    i.SDIO_PowerState_ON                     0x08001dcc   Section        0  stm32f1xx_ll_sdmmc.o(i.SDIO_PowerState_ON)
    i.SDIO_ReadFIFO                          0x08001dd4   Section        0  stm32f1xx_ll_sdmmc.o(i.SDIO_ReadFIFO)
    i.SDIO_SendCommand                       0x08001dda   Section        0  stm32f1xx_ll_sdmmc.o(i.SDIO_SendCommand)
    i.SDIO_WriteFIFO                         0x08001dfa   Section        0  stm32f1xx_ll_sdmmc.o(i.SDIO_WriteFIFO)
    i.SDMMC_CmdAppCommand                    0x08001e04   Section        0  stm32f1xx_ll_sdmmc.o(i.SDMMC_CmdAppCommand)
    i.SDMMC_CmdAppOperCommand                0x08001e38   Section        0  stm32f1xx_ll_sdmmc.o(i.SDMMC_CmdAppOperCommand)
    i.SDMMC_CmdBlockLength                   0x08001e6c   Section        0  stm32f1xx_ll_sdmmc.o(i.SDMMC_CmdBlockLength)
    i.SDMMC_CmdBusWidth                      0x08001e9e   Section        0  stm32f1xx_ll_sdmmc.o(i.SDMMC_CmdBusWidth)
    i.SDMMC_CmdGoIdleState                   0x08001ed0   Section        0  stm32f1xx_ll_sdmmc.o(i.SDMMC_CmdGoIdleState)
    i.SDMMC_CmdOperCond                      0x08001f20   Section        0  stm32f1xx_ll_sdmmc.o(i.SDMMC_CmdOperCond)
    i.SDMMC_CmdReadMultiBlock                0x08001f88   Section        0  stm32f1xx_ll_sdmmc.o(i.SDMMC_CmdReadMultiBlock)
    i.SDMMC_CmdReadSingleBlock               0x08001fba   Section        0  stm32f1xx_ll_sdmmc.o(i.SDMMC_CmdReadSingleBlock)
    i.SDMMC_CmdSelDesel                      0x08001fec   Section        0  stm32f1xx_ll_sdmmc.o(i.SDMMC_CmdSelDesel)
    i.SDMMC_CmdSendCID                       0x0800201e   Section        0  stm32f1xx_ll_sdmmc.o(i.SDMMC_CmdSendCID)
    i.SDMMC_CmdSendCSD                       0x0800204a   Section        0  stm32f1xx_ll_sdmmc.o(i.SDMMC_CmdSendCSD)
    i.SDMMC_CmdSendSCR                       0x08002076   Section        0  stm32f1xx_ll_sdmmc.o(i.SDMMC_CmdSendSCR)
    i.SDMMC_CmdSetRelAdd                     0x080020a6   Section        0  stm32f1xx_ll_sdmmc.o(i.SDMMC_CmdSetRelAdd)
    i.SDMMC_CmdStopTransfer                  0x080020d8   Section        0  stm32f1xx_ll_sdmmc.o(i.SDMMC_CmdStopTransfer)
    i.SDMMC_CmdWriteMultiBlock               0x0800210c   Section        0  stm32f1xx_ll_sdmmc.o(i.SDMMC_CmdWriteMultiBlock)
    i.SDMMC_CmdWriteSingleBlock              0x0800213e   Section        0  stm32f1xx_ll_sdmmc.o(i.SDMMC_CmdWriteSingleBlock)
    i.SDMMC_GetCmdResp1                      0x08002170   Section        0  stm32f1xx_ll_sdmmc.o(i.SDMMC_GetCmdResp1)
    SDMMC_GetCmdResp1                        0x08002171   Thumb Code   276  stm32f1xx_ll_sdmmc.o(i.SDMMC_GetCmdResp1)
    i.SDMMC_GetCmdResp2                      0x0800228c   Section        0  stm32f1xx_ll_sdmmc.o(i.SDMMC_GetCmdResp2)
    SDMMC_GetCmdResp2                        0x0800228d   Thumb Code    74  stm32f1xx_ll_sdmmc.o(i.SDMMC_GetCmdResp2)
    i.SDMMC_GetCmdResp3                      0x080022dc   Section        0  stm32f1xx_ll_sdmmc.o(i.SDMMC_GetCmdResp3)
    SDMMC_GetCmdResp3                        0x080022dd   Thumb Code    60  stm32f1xx_ll_sdmmc.o(i.SDMMC_GetCmdResp3)
    i.SDMMC_GetCmdResp6                      0x0800231c   Section        0  stm32f1xx_ll_sdmmc.o(i.SDMMC_GetCmdResp6)
    SDMMC_GetCmdResp6                        0x0800231d   Thumb Code   128  stm32f1xx_ll_sdmmc.o(i.SDMMC_GetCmdResp6)
    i.SD_FindSCR                             0x080023a0   Section        0  stm32f1xx_hal_sd.o(i.SD_FindSCR)
    SD_FindSCR                               0x080023a1   Thumb Code   212  stm32f1xx_hal_sd.o(i.SD_FindSCR)
    i.SD_InitCard                            0x08002474   Section        0  stm32f1xx_hal_sd.o(i.SD_InitCard)
    SD_InitCard                              0x08002475   Thumb Code   230  stm32f1xx_hal_sd.o(i.SD_InitCard)
    i.SD_PowerON                             0x0800255a   Section        0  stm32f1xx_hal_sd.o(i.SD_PowerON)
    SD_PowerON                               0x0800255b   Thumb Code   162  stm32f1xx_hal_sd.o(i.SD_PowerON)
    i.SD_WideBus_Disable                     0x080025fc   Section        0  stm32f1xx_hal_sd.o(i.SD_WideBus_Disable)
    SD_WideBus_Disable                       0x080025fd   Thumb Code    78  stm32f1xx_hal_sd.o(i.SD_WideBus_Disable)
    i.SD_WideBus_Enable                      0x0800264a   Section        0  stm32f1xx_hal_sd.o(i.SD_WideBus_Enable)
    SD_WideBus_Enable                        0x0800264b   Thumb Code    78  stm32f1xx_hal_sd.o(i.SD_WideBus_Enable)
    i.SVC_Handler                            0x08002698   Section        0  stm32f1xx_it.o(i.SVC_Handler)
    i.StartReadFatMessage                    0x0800269c   Section        0  cuifat.o(i.StartReadFatMessage)
    i.SysTick_Handler                        0x08002714   Section        0  stm32f1xx_it.o(i.SysTick_Handler)
    i.SystemClock_Config                     0x08002724   Section        0  main.o(i.SystemClock_Config)
    i.SystemInit                             0x080027a4   Section        0  system_stm32f1xx.o(i.SystemInit)
    i.UART_SetConfig                         0x080027ec   Section        0  stm32f1xx_hal_uart.o(i.UART_SetConfig)
    UART_SetConfig                           0x080027ed   Thumb Code   364  stm32f1xx_hal_uart.o(i.UART_SetConfig)
    i.UART_WaitOnFlagUntilTimeout            0x0800295c   Section        0  stm32f1xx_hal_uart.o(i.UART_WaitOnFlagUntilTimeout)
    UART_WaitOnFlagUntilTimeout              0x0800295d   Thumb Code   100  stm32f1xx_hal_uart.o(i.UART_WaitOnFlagUntilTimeout)
    i.UsageFault_Handler                     0x080029c0   Section        0  stm32f1xx_it.o(i.UsageFault_Handler)
    i._Error_Handler                         0x080029c4   Section        0  main.o(i._Error_Handler)
    i.__0printf$5                            0x080029ec   Section        0  printf5.o(i.__0printf$5)
    i.__scatterload_copy                     0x08002a0c   Section       14  handlers.o(i.__scatterload_copy)
    i.__scatterload_null                     0x08002a1a   Section        2  handlers.o(i.__scatterload_null)
    i.__scatterload_zeroinit                 0x08002a1c   Section       14  handlers.o(i.__scatterload_zeroinit)
    i._printf_core                           0x08002a2c   Section        0  printf5.o(i._printf_core)
    _printf_core                             0x08002a2d   Thumb Code   658  printf5.o(i._printf_core)
    i.fputc                                  0x08002cec   Section        0  usart.o(i.fputc)
    i.main                                   0x08002d04   Section        0  main.o(i.main)
    .constdata                               0x08002d78   Section       16  system_stm32f1xx.o(.constdata)
    .constdata                               0x08002d88   Section        8  system_stm32f1xx.o(.constdata)
    .data                                    0x20000000   Section        8  fsmc.o(.data)
    FSMC_Initialized                         0x20000000   Data           4  fsmc.o(.data)
    FSMC_DeInitialized                       0x20000004   Data           4  fsmc.o(.data)
    .data                                    0x20000008   Section       12  stm32f1xx_hal.o(.data)
    .data                                    0x20000014   Section        4  system_stm32f1xx.o(.data)
    .data                                    0x20000018   Section        4  stdout.o(.data)
    .bss                                     0x2000001c   Section       68  fsmc.o(.bss)
    .bss                                     0x20000060   Section      132  sdio.o(.bss)
    .bss                                     0x200000e4   Section       64  usart.o(.bss)
    .bss                                     0x20000124   Section       16  list4_malloc.o(.bss)
    .bss                                     0x20000134   Section    40960  list4_malloc.o(.bss)
    STACK                                    0x2000a138   Section     1024  startup_stm32f103xe.o(STACK)

    Global Symbols

    Symbol Name                              Value     Ov Type        Size  Object(Section)

    BuildAttributes$$THM_ISAv4$P$D$K$B$S$PE$A:L22UL41UL21$X:L11$S22US41US21$IEEE1$IW$USESV6$~STKCKD$USESV7$~SHL$OTIME$ROPI$EBA8$MICROLIB$REQ8$PRES8$EABIv2 0x00000000   Number         0  anon$$obj.o ABSOLUTE
    __ARM_use_no_argv                        0x00000000   Number         0  main.o ABSOLUTE
    _printf_a                                0x00000000   Number         0  stubs.o ABSOLUTE
    _printf_c                                0x00000000   Number         0  stubs.o ABSOLUTE
    _printf_charcount                        0x00000000   Number         0  stubs.o ABSOLUTE
    _printf_d                                0x00000000   Number         0  stubs.o ABSOLUTE
    _printf_e                                0x00000000   Number         0  stubs.o ABSOLUTE
    _printf_f                                0x00000000   Number         0  stubs.o ABSOLUTE
    _printf_flags                            0x00000000   Number         0  stubs.o ABSOLUTE
    _printf_fp_dec                           0x00000000   Number         0  stubs.o ABSOLUTE
    _printf_fp_hex                           0x00000000   Number         0  stubs.o ABSOLUTE
    _printf_g                                0x00000000   Number         0  stubs.o ABSOLUTE
    _printf_i                                0x00000000   Number         0  stubs.o ABSOLUTE
    _printf_int_dec                          0x00000000   Number         0  stubs.o ABSOLUTE
    _printf_l                                0x00000000   Number         0  stubs.o ABSOLUTE
    _printf_lc                               0x00000000   Number         0  stubs.o ABSOLUTE
    _printf_ll                               0x00000000   Number         0  stubs.o ABSOLUTE
    _printf_lld                              0x00000000   Number         0  stubs.o ABSOLUTE
    _printf_lli                              0x00000000   Number         0  stubs.o ABSOLUTE
    _printf_llo                              0x00000000   Number         0  stubs.o ABSOLUTE
    _printf_llu                              0x00000000   Number         0  stubs.o ABSOLUTE
    _printf_llx                              0x00000000   Number         0  stubs.o ABSOLUTE
    _printf_longlong_dec                     0x00000000   Number         0  stubs.o ABSOLUTE
    _printf_longlong_hex                     0x00000000   Number         0  stubs.o ABSOLUTE
    _printf_longlong_oct                     0x00000000   Number         0  stubs.o ABSOLUTE
    _printf_ls                               0x00000000   Number         0  stubs.o ABSOLUTE
    _printf_mbtowc                           0x00000000   Number         0  stubs.o ABSOLUTE
    _printf_n                                0x00000000   Number         0  stubs.o ABSOLUTE
    _printf_o                                0x00000000   Number         0  stubs.o ABSOLUTE
    _printf_p                                0x00000000   Number         0  stubs.o ABSOLUTE
    _printf_percent                          0x00000000   Number         0  stubs.o ABSOLUTE
    _printf_pre_padding                      0x00000000   Number         0  stubs.o ABSOLUTE
    _printf_return_value                     0x00000000   Number         0  stubs.o ABSOLUTE
    _printf_s                                0x00000000   Number         0  stubs.o ABSOLUTE
    _printf_sizespec                         0x00000000   Number         0  stubs.o ABSOLUTE
    _printf_str                              0x00000000   Number         0  stubs.o ABSOLUTE
    _printf_truncate_signed                  0x00000000   Number         0  stubs.o ABSOLUTE
    _printf_truncate_unsigned                0x00000000   Number         0  stubs.o ABSOLUTE
    _printf_u                                0x00000000   Number         0  stubs.o ABSOLUTE
    _printf_wc                               0x00000000   Number         0  stubs.o ABSOLUTE
    _printf_wctomb                           0x00000000   Number         0  stubs.o ABSOLUTE
    _printf_widthprec                        0x00000000   Number         0  stubs.o ABSOLUTE
    _printf_x                                0x00000000   Number         0  stubs.o ABSOLUTE
    __cpp_initialize__aeabi_                  - Undefined Weak Reference
    __cxa_finalize                            - Undefined Weak Reference
    __decompress                              - Undefined Weak Reference
    _clock_init                               - Undefined Weak Reference
    _microlib_exit                            - Undefined Weak Reference
    __Vectors_Size                           0x00000130   Number         0  startup_stm32f103xe.o ABSOLUTE
    __Vectors                                0x08000000   Data           4  startup_stm32f103xe.o(RESET)
    __Vectors_End                            0x08000130   Data           0  startup_stm32f103xe.o(RESET)
    __main                                   0x08000131   Thumb Code     0  entry.o(.ARM.Collect$$$$00000000)
    _main_stk                                0x08000131   Thumb Code     0  entry2.o(.ARM.Collect$$$$00000001)
    _main_scatterload                        0x08000135   Thumb Code     0  entry5.o(.ARM.Collect$$$$00000004)
    __main_after_scatterload                 0x08000139   Thumb Code     0  entry5.o(.ARM.Collect$$$$00000004)
    _main_clock                              0x08000139   Thumb Code     0  entry7b.o(.ARM.Collect$$$$00000008)
    _main_cpp_init                           0x08000139   Thumb Code     0  entry8b.o(.ARM.Collect$$$$0000000A)
    _main_init                               0x08000139   Thumb Code     0  entry9a.o(.ARM.Collect$$$$0000000B)
    __rt_final_cpp                           0x08000141   Thumb Code     0  entry10a.o(.ARM.Collect$$$$0000000D)
    __rt_final_exit                          0x08000141   Thumb Code     0  entry11a.o(.ARM.Collect$$$$0000000F)
    Reset_Handler                            0x08000145   Thumb Code     8  startup_stm32f103xe.o(.text)
    ADC1_2_IRQHandler                        0x0800015f   Thumb Code     0  startup_stm32f103xe.o(.text)
    ADC3_IRQHandler                          0x0800015f   Thumb Code     0  startup_stm32f103xe.o(.text)
    CAN1_RX1_IRQHandler                      0x0800015f   Thumb Code     0  startup_stm32f103xe.o(.text)
    CAN1_SCE_IRQHandler                      0x0800015f   Thumb Code     0  startup_stm32f103xe.o(.text)
    DMA1_Channel1_IRQHandler                 0x0800015f   Thumb Code     0  startup_stm32f103xe.o(.text)
    DMA1_Channel2_IRQHandler                 0x0800015f   Thumb Code     0  startup_stm32f103xe.o(.text)
    DMA1_Channel3_IRQHandler                 0x0800015f   Thumb Code     0  startup_stm32f103xe.o(.text)
    DMA1_Channel4_IRQHandler                 0x0800015f   Thumb Code     0  startup_stm32f103xe.o(.text)
    DMA1_Channel5_IRQHandler                 0x0800015f   Thumb Code     0  startup_stm32f103xe.o(.text)
    DMA1_Channel6_IRQHandler                 0x0800015f   Thumb Code     0  startup_stm32f103xe.o(.text)
    DMA1_Channel7_IRQHandler                 0x0800015f   Thumb Code     0  startup_stm32f103xe.o(.text)
    DMA2_Channel1_IRQHandler                 0x0800015f   Thumb Code     0  startup_stm32f103xe.o(.text)
    DMA2_Channel2_IRQHandler                 0x0800015f   Thumb Code     0  startup_stm32f103xe.o(.text)
    DMA2_Channel3_IRQHandler                 0x0800015f   Thumb Code     0  startup_stm32f103xe.o(.text)
    DMA2_Channel4_5_IRQHandler               0x0800015f   Thumb Code     0  startup_stm32f103xe.o(.text)
    EXTI0_IRQHandler                         0x0800015f   Thumb Code     0  startup_stm32f103xe.o(.text)
    EXTI15_10_IRQHandler                     0x0800015f   Thumb Code     0  startup_stm32f103xe.o(.text)
    EXTI1_IRQHandler                         0x0800015f   Thumb Code     0  startup_stm32f103xe.o(.text)
    EXTI2_IRQHandler                         0x0800015f   Thumb Code     0  startup_stm32f103xe.o(.text)
    EXTI3_IRQHandler                         0x0800015f   Thumb Code     0  startup_stm32f103xe.o(.text)
    EXTI4_IRQHandler                         0x0800015f   Thumb Code     0  startup_stm32f103xe.o(.text)
    EXTI9_5_IRQHandler                       0x0800015f   Thumb Code     0  startup_stm32f103xe.o(.text)
    FLASH_IRQHandler                         0x0800015f   Thumb Code     0  startup_stm32f103xe.o(.text)
    FSMC_IRQHandler                          0x0800015f   Thumb Code     0  startup_stm32f103xe.o(.text)
    I2C1_ER_IRQHandler                       0x0800015f   Thumb Code     0  startup_stm32f103xe.o(.text)
    I2C1_EV_IRQHandler                       0x0800015f   Thumb Code     0  startup_stm32f103xe.o(.text)
    I2C2_ER_IRQHandler                       0x0800015f   Thumb Code     0  startup_stm32f103xe.o(.text)
    I2C2_EV_IRQHandler                       0x0800015f   Thumb Code     0  startup_stm32f103xe.o(.text)
    PVD_IRQHandler                           0x0800015f   Thumb Code     0  startup_stm32f103xe.o(.text)
    RCC_IRQHandler                           0x0800015f   Thumb Code     0  startup_stm32f103xe.o(.text)
    RTC_Alarm_IRQHandler                     0x0800015f   Thumb Code     0  startup_stm32f103xe.o(.text)
    RTC_IRQHandler                           0x0800015f   Thumb Code     0  startup_stm32f103xe.o(.text)
    SDIO_IRQHandler                          0x0800015f   Thumb Code     0  startup_stm32f103xe.o(.text)
    SPI1_IRQHandler                          0x0800015f   Thumb Code     0  startup_stm32f103xe.o(.text)
    SPI2_IRQHandler                          0x0800015f   Thumb Code     0  startup_stm32f103xe.o(.text)
    SPI3_IRQHandler                          0x0800015f   Thumb Code     0  startup_stm32f103xe.o(.text)
    TAMPER_IRQHandler                        0x0800015f   Thumb Code     0  startup_stm32f103xe.o(.text)
    TIM1_BRK_IRQHandler                      0x0800015f   Thumb Code     0  startup_stm32f103xe.o(.text)
    TIM1_CC_IRQHandler                       0x0800015f   Thumb Code     0  startup_stm32f103xe.o(.text)
    TIM1_TRG_COM_IRQHandler                  0x0800015f   Thumb Code     0  startup_stm32f103xe.o(.text)
    TIM1_UP_IRQHandler                       0x0800015f   Thumb Code     0  startup_stm32f103xe.o(.text)
    TIM2_IRQHandler                          0x0800015f   Thumb Code     0  startup_stm32f103xe.o(.text)
    TIM3_IRQHandler                          0x0800015f   Thumb Code     0  startup_stm32f103xe.o(.text)
    TIM4_IRQHandler                          0x0800015f   Thumb Code     0  startup_stm32f103xe.o(.text)
    TIM5_IRQHandler                          0x0800015f   Thumb Code     0  startup_stm32f103xe.o(.text)
    TIM6_IRQHandler                          0x0800015f   Thumb Code     0  startup_stm32f103xe.o(.text)
    TIM7_IRQHandler                          0x0800015f   Thumb Code     0  startup_stm32f103xe.o(.text)
    TIM8_BRK_IRQHandler                      0x0800015f   Thumb Code     0  startup_stm32f103xe.o(.text)
    TIM8_CC_IRQHandler                       0x0800015f   Thumb Code     0  startup_stm32f103xe.o(.text)
    TIM8_TRG_COM_IRQHandler                  0x0800015f   Thumb Code     0  startup_stm32f103xe.o(.text)
    TIM8_UP_IRQHandler                       0x0800015f   Thumb Code     0  startup_stm32f103xe.o(.text)
    UART4_IRQHandler                         0x0800015f   Thumb Code     0  startup_stm32f103xe.o(.text)
    UART5_IRQHandler                         0x0800015f   Thumb Code     0  startup_stm32f103xe.o(.text)
    USART1_IRQHandler                        0x0800015f   Thumb Code     0  startup_stm32f103xe.o(.text)
    USART2_IRQHandler                        0x0800015f   Thumb Code     0  startup_stm32f103xe.o(.text)
    USART3_IRQHandler                        0x0800015f   Thumb Code     0  startup_stm32f103xe.o(.text)
    USBWakeUp_IRQHandler                     0x0800015f   Thumb Code     0  startup_stm32f103xe.o(.text)
    USB_HP_CAN1_TX_IRQHandler                0x0800015f   Thumb Code     0  startup_stm32f103xe.o(.text)
    USB_LP_CAN1_RX0_IRQHandler               0x0800015f   Thumb Code     0  startup_stm32f103xe.o(.text)
    WWDG_IRQHandler                          0x0800015f   Thumb Code     0  startup_stm32f103xe.o(.text)
    __aeabi_llsr                             0x08000169   Thumb Code    32  llushr.o(.text)
    _ll_ushift_r                             0x08000169   Thumb Code     0  llushr.o(.text)
    __aeabi_memset                           0x08000189   Thumb Code    14  memseta.o(.text)
    __aeabi_memset4                          0x08000189   Thumb Code     0  memseta.o(.text)
    __aeabi_memset8                          0x08000189   Thumb Code     0  memseta.o(.text)
    __aeabi_memclr                           0x08000197   Thumb Code     4  memseta.o(.text)
    __aeabi_memclr4                          0x08000197   Thumb Code     0  memseta.o(.text)
    __aeabi_memclr8                          0x08000197   Thumb Code     0  memseta.o(.text)
    _memset$wrapper                          0x0800019b   Thumb Code    18  memseta.o(.text)
    __aeabi_uldivmod                         0x080001ad   Thumb Code    98  uldiv.o(.text)
    __scatterload                            0x08000211   Thumb Code    28  init.o(.text)
    __scatterload_rt2                        0x08000211   Thumb Code     0  init.o(.text)
    __aeabi_llsl                             0x08000235   Thumb Code    30  llshl.o(.text)
    _ll_shift_l                              0x08000235   Thumb Code     0  llshl.o(.text)
    BusFault_Handler                         0x08000253   Thumb Code     2  stm32f1xx_it.o(i.BusFault_Handler)
    CampareStringIn                          0x08000255   Thumb Code    30  cuifat.o(i.CampareStringIn)
    ChangeClus2Sector                        0x08000273   Thumb Code    16  cuifat.o(i.ChangeClus2Sector)
    CuiFat_BindingDisk                       0x08000285   Thumb Code    54  cuifat.o(i.CuiFat_BindingDisk)
    CuiFat_OpenDisk                          0x080002c1   Thumb Code    58  cuifat.o(i.CuiFat_OpenDisk)
    DebugMon_Handler                         0x0800030d   Thumb Code     2  stm32f1xx_it.o(i.DebugMon_Handler)
    FSMC_NORSRAM_Extended_Timing_Init        0x08000311   Thumb Code    56  stm32f1xx_ll_fsmc.o(i.FSMC_NORSRAM_Extended_Timing_Init)
    FSMC_NORSRAM_Init                        0x0800034d   Thumb Code   148  stm32f1xx_ll_fsmc.o(i.FSMC_NORSRAM_Init)
    FSMC_NORSRAM_Timing_Init                 0x080003e5   Thumb Code    64  stm32f1xx_ll_fsmc.o(i.FSMC_NORSRAM_Timing_Init)
    Fat_GetTimeDate                          0x08000429   Thumb Code   160  cuifat.o(i.Fat_GetTimeDate)
    GetClusDate                              0x080004c9   Thumb Code    58  cuifat.o(i.GetClusDate)
    GetFileName                              0x08000509   Thumb Code    34  cuifat.o(i.GetFileName)
    HAL_Delay                                0x0800052d   Thumb Code    32  stm32f1xx_hal.o(i.HAL_Delay)
    HAL_GPIO_Init                            0x080005c5   Thumb Code   446  stm32f1xx_hal_gpio.o(i.HAL_GPIO_Init)
    HAL_GPIO_WritePin                        0x080007ad   Thumb Code    10  stm32f1xx_hal_gpio.o(i.HAL_GPIO_WritePin)
    HAL_GetTick                              0x080007b9   Thumb Code     6  stm32f1xx_hal.o(i.HAL_GetTick)
    HAL_IncTick                              0x080007c5   Thumb Code    12  stm32f1xx_hal.o(i.HAL_IncTick)
    HAL_Init                                 0x080007d5   Thumb Code    32  stm32f1xx_hal.o(i.HAL_Init)
    HAL_InitTick                             0x080007f9   Thumb Code    54  stm32f1xx_hal.o(i.HAL_InitTick)
    HAL_MspInit                              0x08000839   Thumb Code   134  stm32f1xx_hal_msp.o(i.HAL_MspInit)
    HAL_NVIC_SetPriority                     0x080008c9   Thumb Code    60  stm32f1xx_hal_cortex.o(i.HAL_NVIC_SetPriority)
    HAL_NVIC_SetPriorityGrouping             0x08000909   Thumb Code    26  stm32f1xx_hal_cortex.o(i.HAL_NVIC_SetPriorityGrouping)
    HAL_RCC_ClockConfig                      0x0800092d   Thumb Code   322  stm32f1xx_hal_rcc.o(i.HAL_RCC_ClockConfig)
    HAL_RCC_GetHCLKFreq                      0x08000a81   Thumb Code     6  stm32f1xx_hal_rcc.o(i.HAL_RCC_GetHCLKFreq)
    HAL_RCC_GetPCLK1Freq                     0x08000a8d   Thumb Code    20  stm32f1xx_hal_rcc.o(i.HAL_RCC_GetPCLK1Freq)
    HAL_RCC_GetPCLK2Freq                     0x08000aad   Thumb Code    20  stm32f1xx_hal_rcc.o(i.HAL_RCC_GetPCLK2Freq)
    HAL_RCC_GetSysClockFreq                  0x08000acd   Thumb Code    74  stm32f1xx_hal_rcc.o(i.HAL_RCC_GetSysClockFreq)
    HAL_RCC_OscConfig                        0x08000b39   Thumb Code   750  stm32f1xx_hal_rcc.o(i.HAL_RCC_OscConfig)
    HAL_SD_ConfigWideBusOperation            0x08000e3d   Thumb Code   120  stm32f1xx_hal_sd.o(i.HAL_SD_ConfigWideBusOperation)
    HAL_SD_GetCardCSD                        0x08000eb5   Thumb Code   474  stm32f1xx_hal_sd.o(i.HAL_SD_GetCardCSD)
    HAL_SD_Init                              0x0800108f   Thumb Code    54  stm32f1xx_hal_sd.o(i.HAL_SD_Init)
    HAL_SD_InitCard                          0x080010c5   Thumb Code    80  stm32f1xx_hal_sd.o(i.HAL_SD_InitCard)
    HAL_SD_MspInit                           0x08001119   Thumb Code    72  sdio.o(i.HAL_SD_MspInit)
    HAL_SD_ReadBlocks                        0x08001171   Thumb Code   434  stm32f1xx_hal_sd.o(i.HAL_SD_ReadBlocks)
    HAL_SD_WriteBlocks                       0x08001325   Thumb Code   410  stm32f1xx_hal_sd.o(i.HAL_SD_WriteBlocks)
    HAL_SRAM_Init                            0x080014bf   Thumb Code    86  stm32f1xx_hal_sram.o(i.HAL_SRAM_Init)
    HAL_SRAM_MspInit                         0x08001515   Thumb Code     4  fsmc.o(i.HAL_SRAM_MspInit)
    HAL_SYSTICK_CLKSourceConfig              0x08001519   Thumb Code    24  stm32f1xx_hal_cortex.o(i.HAL_SYSTICK_CLKSourceConfig)
    HAL_SYSTICK_Callback                     0x08001531   Thumb Code     2  stm32f1xx_hal_cortex.o(i.HAL_SYSTICK_Callback)
    HAL_SYSTICK_Config                       0x08001533   Thumb Code    40  stm32f1xx_hal_cortex.o(i.HAL_SYSTICK_Config)
    HAL_SYSTICK_IRQHandler                   0x0800155b   Thumb Code     8  stm32f1xx_hal_cortex.o(i.HAL_SYSTICK_IRQHandler)
    HAL_UART_Init                            0x08001563   Thumb Code    98  stm32f1xx_hal_uart.o(i.HAL_UART_Init)
    HAL_UART_MspInit                         0x080015c5   Thumb Code    76  usart.o(i.HAL_UART_MspInit)
    HAL_UART_Transmit                        0x0800161d   Thumb Code   186  stm32f1xx_hal_uart.o(i.HAL_UART_Transmit)
    HardFault_Handler                        0x080016d7   Thumb Code     2  stm32f1xx_it.o(i.HardFault_Handler)
    Iterator_Dir                             0x080016d9   Thumb Code   112  cuifat.o(i.Iterator_Dir)
    List4_Free                               0x08001749   Thumb Code   218  list4_malloc.o(i.List4_Free)
    List4_InsertBlock                        0x08001865   Thumb Code    82  list4_malloc.o(i.List4_InsertBlock)
    List4_Malloc                             0x080018b9   Thumb Code   122  list4_malloc.o(i.List4_Malloc)
    List4_Malloc_Init                        0x08001961   Thumb Code    18  list4_malloc.o(i.List4_Malloc_Init)
    MX_FSMC_Init                             0x08001975   Thumb Code   122  fsmc.o(i.MX_FSMC_Init)
    MX_GPIO_Init                             0x08001a0d   Thumb Code   138  gpio.o(i.MX_GPIO_Init)
    MX_SDIO_SD_Init                          0x08001aa1   Thumb Code    66  sdio.o(i.MX_SDIO_SD_Init)
    MX_USART1_UART_Init                      0x08001afd   Thumb Code    52  usart.o(i.MX_USART1_UART_Init)
    MemManage_Handler                        0x08001b49   Thumb Code     2  stm32f1xx_it.o(i.MemManage_Handler)
    NMI_Handler                              0x08001b4b   Thumb Code     2  stm32f1xx_it.o(i.NMI_Handler)
    PendSV_Handler                           0x08001b6d   Thumb Code     2  stm32f1xx_it.o(i.PendSV_Handler)
    ReadDBRSector                            0x08001b71   Thumb Code   182  cuifat.o(i.ReadDBRSector)
    ReadDirMessage                           0x08001ce1   Thumb Code    44  cuifat.o(i.ReadDirMessage)
    SDDiskReadBlocks                         0x08001d0d   Thumb Code    20  disk.o(i.SDDiskReadBlocks)
    SDDiskWriteBlocks                        0x08001d25   Thumb Code    20  disk.o(i.SDDiskWriteBlocks)
    SDDisk_Init                              0x08001d3d   Thumb Code    36  disk.o(i.SDDisk_Init)
    SDIO_ConfigData                          0x08001d71   Thumb Code    36  stm32f1xx_ll_sdmmc.o(i.SDIO_ConfigData)
    SDIO_GetPowerState                       0x08001d95   Thumb Code     8  stm32f1xx_ll_sdmmc.o(i.SDIO_GetPowerState)
    SDIO_GetResponse                         0x08001d9d   Thumb Code    12  stm32f1xx_ll_sdmmc.o(i.SDIO_GetResponse)
    SDIO_Init                                0x08001da9   Thumb Code    36  stm32f1xx_ll_sdmmc.o(i.SDIO_Init)
    SDIO_PowerState_ON                       0x08001dcd   Thumb Code     8  stm32f1xx_ll_sdmmc.o(i.SDIO_PowerState_ON)
    SDIO_ReadFIFO                            0x08001dd5   Thumb Code     6  stm32f1xx_ll_sdmmc.o(i.SDIO_ReadFIFO)
    SDIO_SendCommand                         0x08001ddb   Thumb Code    32  stm32f1xx_ll_sdmmc.o(i.SDIO_SendCommand)
    SDIO_WriteFIFO                           0x08001dfb   Thumb Code    10  stm32f1xx_ll_sdmmc.o(i.SDIO_WriteFIFO)
    SDMMC_CmdAppCommand                      0x08001e05   Thumb Code    50  stm32f1xx_ll_sdmmc.o(i.SDMMC_CmdAppCommand)
    SDMMC_CmdAppOperCommand                  0x08001e39   Thumb Code    48  stm32f1xx_ll_sdmmc.o(i.SDMMC_CmdAppOperCommand)
    SDMMC_CmdBlockLength                     0x08001e6d   Thumb Code    50  stm32f1xx_ll_sdmmc.o(i.SDMMC_CmdBlockLength)
    SDMMC_CmdBusWidth                        0x08001e9f   Thumb Code    50  stm32f1xx_ll_sdmmc.o(i.SDMMC_CmdBusWidth)
    SDMMC_CmdGoIdleState                     0x08001ed1   Thumb Code    76  stm32f1xx_ll_sdmmc.o(i.SDMMC_CmdGoIdleState)
    SDMMC_CmdOperCond                        0x08001f21   Thumb Code    98  stm32f1xx_ll_sdmmc.o(i.SDMMC_CmdOperCond)
    SDMMC_CmdReadMultiBlock                  0x08001f89   Thumb Code    50  stm32f1xx_ll_sdmmc.o(i.SDMMC_CmdReadMultiBlock)
    SDMMC_CmdReadSingleBlock                 0x08001fbb   Thumb Code    50  stm32f1xx_ll_sdmmc.o(i.SDMMC_CmdReadSingleBlock)
    SDMMC_CmdSelDesel                        0x08001fed   Thumb Code    50  stm32f1xx_ll_sdmmc.o(i.SDMMC_CmdSelDesel)
    SDMMC_CmdSendCID                         0x0800201f   Thumb Code    44  stm32f1xx_ll_sdmmc.o(i.SDMMC_CmdSendCID)
    SDMMC_CmdSendCSD                         0x0800204b   Thumb Code    44  stm32f1xx_ll_sdmmc.o(i.SDMMC_CmdSendCSD)
    SDMMC_CmdSendSCR                         0x08002077   Thumb Code    48  stm32f1xx_ll_sdmmc.o(i.SDMMC_CmdSendSCR)
    SDMMC_CmdSetRelAdd                       0x080020a7   Thumb Code    48  stm32f1xx_ll_sdmmc.o(i.SDMMC_CmdSetRelAdd)
    SDMMC_CmdStopTransfer                    0x080020d9   Thumb Code    46  stm32f1xx_ll_sdmmc.o(i.SDMMC_CmdStopTransfer)
    SDMMC_CmdWriteMultiBlock                 0x0800210d   Thumb Code    50  stm32f1xx_ll_sdmmc.o(i.SDMMC_CmdWriteMultiBlock)
    SDMMC_CmdWriteSingleBlock                0x0800213f   Thumb Code    50  stm32f1xx_ll_sdmmc.o(i.SDMMC_CmdWriteSingleBlock)
    SVC_Handler                              0x08002699   Thumb Code     2  stm32f1xx_it.o(i.SVC_Handler)
    StartReadFatMessage                      0x0800269d   Thumb Code    88  cuifat.o(i.StartReadFatMessage)
    SysTick_Handler                          0x08002715   Thumb Code    14  stm32f1xx_it.o(i.SysTick_Handler)
    SystemClock_Config                       0x08002725   Thumb Code   112  main.o(i.SystemClock_Config)
    SystemInit                               0x080027a5   Thumb Code    56  system_stm32f1xx.o(i.SystemInit)
    UsageFault_Handler                       0x080029c1   Thumb Code     2  stm32f1xx_it.o(i.UsageFault_Handler)
    _Error_Handler                           0x080029c5   Thumb Code    10  main.o(i._Error_Handler)
    __0printf$5                              0x080029ed   Thumb Code    22  printf5.o(i.__0printf$5)
    __1printf$5                              0x080029ed   Thumb Code     0  printf5.o(i.__0printf$5)
    __2printf                                0x080029ed   Thumb Code     0  printf5.o(i.__0printf$5)
    __scatterload_copy                       0x08002a0d   Thumb Code    14  handlers.o(i.__scatterload_copy)
    __scatterload_null                       0x08002a1b   Thumb Code     2  handlers.o(i.__scatterload_null)
    __scatterload_zeroinit                   0x08002a1d   Thumb Code    14  handlers.o(i.__scatterload_zeroinit)
    fputc                                    0x08002ced   Thumb Code    20  usart.o(i.fputc)
    main                                     0x08002d05   Thumb Code    68  main.o(i.main)
    AHBPrescTable                            0x08002d78   Data          16  system_stm32f1xx.o(.constdata)
    APBPrescTable                            0x08002d88   Data           8  system_stm32f1xx.o(.constdata)
    Region$$Table$$Base                      0x08002d90   Number         0  anon$$obj.o(Region$$Table)
    Region$$Table$$Limit                     0x08002db0   Number         0  anon$$obj.o(Region$$Table)
    uwTickFreq                               0x20000008   Data           1  stm32f1xx_hal.o(.data)
    uwTickPrio                               0x2000000c   Data           4  stm32f1xx_hal.o(.data)
    uwTick                                   0x20000010   Data           4  stm32f1xx_hal.o(.data)
    SystemCoreClock                          0x20000014   Data           4  system_stm32f1xx.o(.data)
    __stdout                                 0x20000018   Data           4  stdout.o(.data)
    hsram1                                   0x2000001c   Data          68  fsmc.o(.bss)
    hsd                                      0x20000060   Data         132  sdio.o(.bss)
    huart1                                   0x200000e4   Data          64  usart.o(.bss)
    list4mess                                0x20000124   Data          16  list4_malloc.o(.bss)
    list4mallocArray                         0x20000134   Data       40960  list4_malloc.o(.bss)
    __initial_sp                             0x2000a538   Data           0  startup_stm32f103xe.o(STACK)



==============================================================================

Memory Map of the image

  Image Entry point : 0x08000131

  Load Region LR_IROM1 (Base: 0x08000000, Size: 0x00002dcc, Max: 0x00080000, ABSOLUTE)

    Execution Region ER_IROM1 (Exec base: 0x08000000, Load base: 0x08000000, Size: 0x00002db0, Max: 0x00080000, ABSOLUTE)

    Exec Addr    Load Addr    Size         Type   Attr      Idx    E Section Name        Object

    0x08000000   0x08000000   0x00000130   Data   RO            3    RESET               startup_stm32f103xe.o
    0x08000130   0x08000130   0x00000000   Code   RO         3622  * .ARM.Collect$$$$00000000  mc_w.l(entry.o)
    0x08000130   0x08000130   0x00000004   Code   RO         3914    .ARM.Collect$$$$00000001  mc_w.l(entry2.o)
    0x08000134   0x08000134   0x00000004   Code   RO         3917    .ARM.Collect$$$$00000004  mc_w.l(entry5.o)
    0x08000138   0x08000138   0x00000000   Code   RO         3919    .ARM.Collect$$$$00000008  mc_w.l(entry7b.o)
    0x08000138   0x08000138   0x00000000   Code   RO         3921    .ARM.Collect$$$$0000000A  mc_w.l(entry8b.o)
    0x08000138   0x08000138   0x00000008   Code   RO         3922    .ARM.Collect$$$$0000000B  mc_w.l(entry9a.o)
    0x08000140   0x08000140   0x00000000   Code   RO         3924    .ARM.Collect$$$$0000000D  mc_w.l(entry10a.o)
    0x08000140   0x08000140   0x00000000   Code   RO         3926    .ARM.Collect$$$$0000000F  mc_w.l(entry11a.o)
    0x08000140   0x08000140   0x00000004   Code   RO         3915    .ARM.Collect$$$$00002712  mc_w.l(entry2.o)
    0x08000144   0x08000144   0x00000024   Code   RO            4    .text               startup_stm32f103xe.o
    0x08000168   0x08000168   0x00000020   Code   RO         3625    .text               mc_w.l(llushr.o)
    0x08000188   0x08000188   0x00000024   Code   RO         3627    .text               mc_w.l(memseta.o)
    0x080001ac   0x080001ac   0x00000062   Code   RO         3931    .text               mc_w.l(uldiv.o)
    0x0800020e   0x0800020e   0x00000002   PAD
    0x08000210   0x08000210   0x00000024   Code   RO         3944    .text               mc_w.l(init.o)
    0x08000234   0x08000234   0x0000001e   Code   RO         3946    .text               mc_w.l(llshl.o)
    0x08000252   0x08000252   0x00000002   Code   RO          346    i.BusFault_Handler  stm32f1xx_it.o
    0x08000254   0x08000254   0x0000001e   Code   RO         3508    i.CampareStringIn   cuifat.o
    0x08000272   0x08000272   0x00000010   Code   RO         3509    i.ChangeClus2Sector  cuifat.o
    0x08000282   0x08000282   0x00000002   PAD
    0x08000284   0x08000284   0x0000003c   Code   RO         3510    i.CuiFat_BindingDisk  cuifat.o
    0x080002c0   0x080002c0   0x0000004c   Code   RO         3511    i.CuiFat_OpenDisk   cuifat.o
    0x0800030c   0x0800030c   0x00000002   Code   RO          347    i.DebugMon_Handler  stm32f1xx_it.o
    0x0800030e   0x0800030e   0x00000002   PAD
    0x08000310   0x08000310   0x0000003c   Code   RO          489    i.FSMC_NORSRAM_Extended_Timing_Init  stm32f1xx_ll_fsmc.o
    0x0800034c   0x0800034c   0x00000098   Code   RO          490    i.FSMC_NORSRAM_Init  stm32f1xx_ll_fsmc.o
    0x080003e4   0x080003e4   0x00000044   Code   RO          491    i.FSMC_NORSRAM_Timing_Init  stm32f1xx_ll_fsmc.o
    0x08000428   0x08000428   0x000000a0   Code   RO         3512    i.Fat_GetTimeDate   cuifat.o
    0x080004c8   0x080004c8   0x00000040   Code   RO         3513    i.GetClusDate       cuifat.o
    0x08000508   0x08000508   0x00000022   Code   RO         3514    i.GetFileName       cuifat.o
    0x0800052a   0x0800052a   0x00000002   PAD
    0x0800052c   0x0800052c   0x00000024   Code   RO         1595    i.HAL_Delay         stm32f1xx_hal.o
    0x08000550   0x08000550   0x00000074   Code   RO          208    i.HAL_FSMC_MspInit  fsmc.o
    0x080005c4   0x080005c4   0x000001e8   Code   RO         1888    i.HAL_GPIO_Init     stm32f1xx_hal_gpio.o
    0x080007ac   0x080007ac   0x0000000a   Code   RO         1892    i.HAL_GPIO_WritePin  stm32f1xx_hal_gpio.o
    0x080007b6   0x080007b6   0x00000002   PAD
    0x080007b8   0x080007b8   0x0000000c   Code   RO         1599    i.HAL_GetTick       stm32f1xx_hal.o
    0x080007c4   0x080007c4   0x00000010   Code   RO         1603    i.HAL_IncTick       stm32f1xx_hal.o
    0x080007d4   0x080007d4   0x00000024   Code   RO         1604    i.HAL_Init          stm32f1xx_hal.o
    0x080007f8   0x080007f8   0x00000040   Code   RO         1605    i.HAL_InitTick      stm32f1xx_hal.o
    0x08000838   0x08000838   0x00000090   Code   RO          421    i.HAL_MspInit       stm32f1xx_hal_msp.o
    0x080008c8   0x080008c8   0x00000040   Code   RO         2054    i.HAL_NVIC_SetPriority  stm32f1xx_hal_cortex.o
    0x08000908   0x08000908   0x00000024   Code   RO         2055    i.HAL_NVIC_SetPriorityGrouping  stm32f1xx_hal_cortex.o
    0x0800092c   0x0800092c   0x00000154   Code   RO         1748    i.HAL_RCC_ClockConfig  stm32f1xx_hal_rcc.o
    0x08000a80   0x08000a80   0x0000000c   Code   RO         1753    i.HAL_RCC_GetHCLKFreq  stm32f1xx_hal_rcc.o
    0x08000a8c   0x08000a8c   0x00000020   Code   RO         1755    i.HAL_RCC_GetPCLK1Freq  stm32f1xx_hal_rcc.o
    0x08000aac   0x08000aac   0x00000020   Code   RO         1756    i.HAL_RCC_GetPCLK2Freq  stm32f1xx_hal_rcc.o
    0x08000acc   0x08000acc   0x0000006c   Code   RO         1757    i.HAL_RCC_GetSysClockFreq  stm32f1xx_hal_rcc.o
    0x08000b38   0x08000b38   0x00000304   Code   RO         1760    i.HAL_RCC_OscConfig  stm32f1xx_hal_rcc.o
    0x08000e3c   0x08000e3c   0x00000078   Code   RO          994    i.HAL_SD_ConfigWideBusOperation  stm32f1xx_hal_sd.o
    0x08000eb4   0x08000eb4   0x000001da   Code   RO          999    i.HAL_SD_GetCardCSD  stm32f1xx_hal_sd.o
    0x0800108e   0x0800108e   0x00000036   Code   RO         1006    i.HAL_SD_Init       stm32f1xx_hal_sd.o
    0x080010c4   0x080010c4   0x00000054   Code   RO         1007    i.HAL_SD_InitCard   stm32f1xx_hal_sd.o
    0x08001118   0x08001118   0x00000058   Code   RO          257    i.HAL_SD_MspInit    sdio.o
    0x08001170   0x08001170   0x000001b2   Code   RO         1010    i.HAL_SD_ReadBlocks  stm32f1xx_hal_sd.o
    0x08001322   0x08001322   0x00000002   PAD
    0x08001324   0x08001324   0x0000019a   Code   RO         1015    i.HAL_SD_WriteBlocks  stm32f1xx_hal_sd.o
    0x080014be   0x080014be   0x00000056   Code   RO          611    i.HAL_SRAM_Init     stm32f1xx_hal_sram.o
    0x08001514   0x08001514   0x00000004   Code   RO          210    i.HAL_SRAM_MspInit  fsmc.o
    0x08001518   0x08001518   0x00000018   Code   RO         2057    i.HAL_SYSTICK_CLKSourceConfig  stm32f1xx_hal_cortex.o
    0x08001530   0x08001530   0x00000002   Code   RO         2058    i.HAL_SYSTICK_Callback  stm32f1xx_hal_cortex.o
    0x08001532   0x08001532   0x00000028   Code   RO         2059    i.HAL_SYSTICK_Config  stm32f1xx_hal_cortex.o
    0x0800155a   0x0800155a   0x00000008   Code   RO         2060    i.HAL_SYSTICK_IRQHandler  stm32f1xx_hal_cortex.o
    0x08001562   0x08001562   0x00000062   Code   RO         1287    i.HAL_UART_Init     stm32f1xx_hal_uart.o
    0x080015c4   0x080015c4   0x00000058   Code   RO          299    i.HAL_UART_MspInit  usart.o
    0x0800161c   0x0800161c   0x000000ba   Code   RO         1295    i.HAL_UART_Transmit  stm32f1xx_hal_uart.o
    0x080016d6   0x080016d6   0x00000002   Code   RO          348    i.HardFault_Handler  stm32f1xx_it.o
    0x080016d8   0x080016d8   0x00000070   Code   RO         3515    i.Iterator_Dir      cuifat.o
    0x08001748   0x08001748   0x0000011c   Code   RO         2694    i.List4_Free        list4_malloc.o
    0x08001864   0x08001864   0x00000052   Code   RO         2695    i.List4_InsertBlock  list4_malloc.o
    0x080018b6   0x080018b6   0x00000002   PAD
    0x080018b8   0x080018b8   0x000000a8   Code   RO         2696    i.List4_Malloc      list4_malloc.o
    0x08001960   0x08001960   0x00000012   Code   RO         2697    i.List4_Malloc_Init  list4_malloc.o
    0x08001972   0x08001972   0x00000002   PAD
    0x08001974   0x08001974   0x00000098   Code   RO          211    i.MX_FSMC_Init      fsmc.o
    0x08001a0c   0x08001a0c   0x00000094   Code   RO          184    i.MX_GPIO_Init      gpio.o
    0x08001aa0   0x08001aa0   0x0000005c   Code   RO          258    i.MX_SDIO_SD_Init   sdio.o
    0x08001afc   0x08001afc   0x0000004c   Code   RO          300    i.MX_USART1_UART_Init  usart.o
    0x08001b48   0x08001b48   0x00000002   Code   RO          349    i.MemManage_Handler  stm32f1xx_it.o
    0x08001b4a   0x08001b4a   0x00000002   Code   RO          350    i.NMI_Handler       stm32f1xx_it.o
    0x08001b4c   0x08001b4c   0x00000020   Code   RO         2061    i.NVIC_SetPriority  stm32f1xx_hal_cortex.o
    0x08001b6c   0x08001b6c   0x00000002   Code   RO          351    i.PendSV_Handler    stm32f1xx_it.o
    0x08001b6e   0x08001b6e   0x00000002   PAD
    0x08001b70   0x08001b70   0x00000170   Code   RO         3516    i.ReadDBRSector     cuifat.o
    0x08001ce0   0x08001ce0   0x0000002c   Code   RO         3517    i.ReadDirMessage    cuifat.o
    0x08001d0c   0x08001d0c   0x00000018   Code   RO         3589    i.SDDiskReadBlocks  disk.o
    0x08001d24   0x08001d24   0x00000018   Code   RO         3590    i.SDDiskWriteBlocks  disk.o
    0x08001d3c   0x08001d3c   0x00000034   Code   RO         3591    i.SDDisk_Init       disk.o
    0x08001d70   0x08001d70   0x00000024   Code   RO          727    i.SDIO_ConfigData   stm32f1xx_ll_sdmmc.o
    0x08001d94   0x08001d94   0x00000008   Code   RO          731    i.SDIO_GetPowerState  stm32f1xx_ll_sdmmc.o
    0x08001d9c   0x08001d9c   0x0000000c   Code   RO          732    i.SDIO_GetResponse  stm32f1xx_ll_sdmmc.o
    0x08001da8   0x08001da8   0x00000024   Code   RO          733    i.SDIO_Init         stm32f1xx_ll_sdmmc.o
    0x08001dcc   0x08001dcc   0x00000008   Code   RO          735    i.SDIO_PowerState_ON  stm32f1xx_ll_sdmmc.o
    0x08001dd4   0x08001dd4   0x00000006   Code   RO          736    i.SDIO_ReadFIFO     stm32f1xx_ll_sdmmc.o
    0x08001dda   0x08001dda   0x00000020   Code   RO          737    i.SDIO_SendCommand  stm32f1xx_ll_sdmmc.o
    0x08001dfa   0x08001dfa   0x0000000a   Code   RO          739    i.SDIO_WriteFIFO    stm32f1xx_ll_sdmmc.o
    0x08001e04   0x08001e04   0x00000032   Code   RO          740    i.SDMMC_CmdAppCommand  stm32f1xx_ll_sdmmc.o
    0x08001e36   0x08001e36   0x00000002   PAD
    0x08001e38   0x08001e38   0x00000034   Code   RO          741    i.SDMMC_CmdAppOperCommand  stm32f1xx_ll_sdmmc.o
    0x08001e6c   0x08001e6c   0x00000032   Code   RO          742    i.SDMMC_CmdBlockLength  stm32f1xx_ll_sdmmc.o
    0x08001e9e   0x08001e9e   0x00000032   Code   RO          743    i.SDMMC_CmdBusWidth  stm32f1xx_ll_sdmmc.o
    0x08001ed0   0x08001ed0   0x00000050   Code   RO          747    i.SDMMC_CmdGoIdleState  stm32f1xx_ll_sdmmc.o
    0x08001f20   0x08001f20   0x00000068   Code   RO          749    i.SDMMC_CmdOperCond  stm32f1xx_ll_sdmmc.o
    0x08001f88   0x08001f88   0x00000032   Code   RO          750    i.SDMMC_CmdReadMultiBlock  stm32f1xx_ll_sdmmc.o
    0x08001fba   0x08001fba   0x00000032   Code   RO          751    i.SDMMC_CmdReadSingleBlock  stm32f1xx_ll_sdmmc.o
    0x08001fec   0x08001fec   0x00000032   Code   RO          754    i.SDMMC_CmdSelDesel  stm32f1xx_ll_sdmmc.o
    0x0800201e   0x0800201e   0x0000002c   Code   RO          755    i.SDMMC_CmdSendCID  stm32f1xx_ll_sdmmc.o
    0x0800204a   0x0800204a   0x0000002c   Code   RO          756    i.SDMMC_CmdSendCSD  stm32f1xx_ll_sdmmc.o
    0x08002076   0x08002076   0x00000030   Code   RO          757    i.SDMMC_CmdSendSCR  stm32f1xx_ll_sdmmc.o
    0x080020a6   0x080020a6   0x00000030   Code   RO          759    i.SDMMC_CmdSetRelAdd  stm32f1xx_ll_sdmmc.o
    0x080020d6   0x080020d6   0x00000002   PAD
    0x080020d8   0x080020d8   0x00000034   Code   RO          761    i.SDMMC_CmdStopTransfer  stm32f1xx_ll_sdmmc.o
    0x0800210c   0x0800210c   0x00000032   Code   RO          763    i.SDMMC_CmdWriteMultiBlock  stm32f1xx_ll_sdmmc.o
    0x0800213e   0x0800213e   0x00000032   Code   RO          764    i.SDMMC_CmdWriteSingleBlock  stm32f1xx_ll_sdmmc.o
    0x08002170   0x08002170   0x0000011c   Code   RO          765    i.SDMMC_GetCmdResp1  stm32f1xx_ll_sdmmc.o
    0x0800228c   0x0800228c   0x00000050   Code   RO          766    i.SDMMC_GetCmdResp2  stm32f1xx_ll_sdmmc.o
    0x080022dc   0x080022dc   0x00000040   Code   RO          767    i.SDMMC_GetCmdResp3  stm32f1xx_ll_sdmmc.o
    0x0800231c   0x0800231c   0x00000084   Code   RO          768    i.SDMMC_GetCmdResp6  stm32f1xx_ll_sdmmc.o
    0x080023a0   0x080023a0   0x000000d4   Code   RO         1023    i.SD_FindSCR        stm32f1xx_hal_sd.o
    0x08002474   0x08002474   0x000000e6   Code   RO         1024    i.SD_InitCard       stm32f1xx_hal_sd.o
    0x0800255a   0x0800255a   0x000000a2   Code   RO         1025    i.SD_PowerON        stm32f1xx_hal_sd.o
    0x080025fc   0x080025fc   0x0000004e   Code   RO         1027    i.SD_WideBus_Disable  stm32f1xx_hal_sd.o
    0x0800264a   0x0800264a   0x0000004e   Code   RO         1028    i.SD_WideBus_Enable  stm32f1xx_hal_sd.o
    0x08002698   0x08002698   0x00000002   Code   RO          352    i.SVC_Handler       stm32f1xx_it.o
    0x0800269a   0x0800269a   0x00000002   PAD
    0x0800269c   0x0800269c   0x00000078   Code   RO         3518    i.StartReadFatMessage  cuifat.o
    0x08002714   0x08002714   0x0000000e   Code   RO          353    i.SysTick_Handler   stm32f1xx_it.o
    0x08002722   0x08002722   0x00000002   PAD
    0x08002724   0x08002724   0x00000080   Code   RO           13    i.SystemClock_Config  main.o
    0x080027a4   0x080027a4   0x00000048   Code   RO         2477    i.SystemInit        system_stm32f1xx.o
    0x080027ec   0x080027ec   0x00000170   Code   RO         1313    i.UART_SetConfig    stm32f1xx_hal_uart.o
    0x0800295c   0x0800295c   0x00000064   Code   RO         1315    i.UART_WaitOnFlagUntilTimeout  stm32f1xx_hal_uart.o
    0x080029c0   0x080029c0   0x00000002   Code   RO          354    i.UsageFault_Handler  stm32f1xx_it.o
    0x080029c2   0x080029c2   0x00000002   PAD
    0x080029c4   0x080029c4   0x00000028   Code   RO           14    i._Error_Handler    main.o
    0x080029ec   0x080029ec   0x00000020   Code   RO         3762    i.__0printf$5       mc_w.l(printf5.o)
    0x08002a0c   0x08002a0c   0x0000000e   Code   RO         3952    i.__scatterload_copy  mc_w.l(handlers.o)
    0x08002a1a   0x08002a1a   0x00000002   Code   RO         3953    i.__scatterload_null  mc_w.l(handlers.o)
    0x08002a1c   0x08002a1c   0x0000000e   Code   RO         3954    i.__scatterload_zeroinit  mc_w.l(handlers.o)
    0x08002a2a   0x08002a2a   0x00000002   PAD
    0x08002a2c   0x08002a2c   0x000002c0   Code   RO         3769    i._printf_core      mc_w.l(printf5.o)
    0x08002cec   0x08002cec   0x00000018   Code   RO          301    i.fputc             usart.o
    0x08002d04   0x08002d04   0x00000074   Code   RO           15    i.main              main.o
    0x08002d78   0x08002d78   0x00000010   Data   RO         2478    .constdata          system_stm32f1xx.o
    0x08002d88   0x08002d88   0x00000008   Data   RO         2479    .constdata          system_stm32f1xx.o
    0x08002d90   0x08002d90   0x00000020   Data   RO         3950    Region$$Table       anon$$obj.o


    Execution Region RW_IRAM1 (Exec base: 0x20000000, Load base: 0x08002db0, Size: 0x0000a538, Max: 0x00010000, ABSOLUTE)

    Exec Addr    Load Addr    Size         Type   Attr      Idx    E Section Name        Object

    0x20000000   0x08002db0   0x00000008   Data   RW          213    .data               fsmc.o
    0x20000008   0x08002db8   0x0000000c   Data   RW         1611    .data               stm32f1xx_hal.o
    0x20000014   0x08002dc4   0x00000004   Data   RW         2480    .data               system_stm32f1xx.o
    0x20000018   0x08002dc8   0x00000004   Data   RW         3928    .data               mc_w.l(stdout.o)
    0x2000001c        -       0x00000044   Zero   RW          212    .bss                fsmc.o
    0x20000060        -       0x00000084   Zero   RW          259    .bss                sdio.o
    0x200000e4        -       0x00000040   Zero   RW          302    .bss                usart.o
    0x20000124        -       0x00000010   Zero   RW         2698    .bss                list4_malloc.o
    0x20000134        -       0x0000a000   Zero   RW         2699    .bss                list4_malloc.o
    0x2000a134   0x08002dcc   0x00000004   PAD
    0x2000a138        -       0x00000400   Zero   RW            1    STACK               startup_stm32f103xe.o


==============================================================================

Image component sizes


      Code (inc. data)   RO Data    RW Data    ZI Data      Debug   Object Name

      1084        248          0          0          0       8887   cuifat.o
       100         24          0          0          0       1917   disk.o
       272         50          0          8         68       2099   fsmc.o
       148         10          0          0          0        955   gpio.o
       552        112          0          0      40976       4533   list4_malloc.o
       284         94          0          0          0     493449   main.o
       180         42          0          0        132       1521   sdio.o
        36          8        304          0       1024        784   startup_stm32f103xe.o
       164         28          0         12          0       3721   stm32f1xx_hal.o
       206         14          0          0          0      26612   stm32f1xx_hal_cortex.o
       498         42          0          0          0       2832   stm32f1xx_hal_gpio.o
       144         10          0          0          0        874   stm32f1xx_hal_msp.o
      1296        104          0          0          0       5516   stm32f1xx_hal_rcc.o
      2336          4          0          0          0      11061   stm32f1xx_hal_sd.o
        86          0          0          0          0       1156   stm32f1xx_hal_sram.o
       752          4          0          0          0       3824   stm32f1xx_hal_uart.o
        30          0          0          0          0       3666   stm32f1xx_it.o
       280         12          0          0          0       2495   stm32f1xx_ll_fsmc.o
      1580         42          0          0          0      20549   stm32f1xx_ll_sdmmc.o
        72         16         24          4          0       1103   system_stm32f1xx.o
       188         40          0          0         64       1990   usart.o

    ----------------------------------------------------------------------
     10314        904        360         24      42268     599544   Object Totals
         0          0         32          0          0          0   (incl. Generated)
        26          0          0          0          4          0   (incl. Padding)

    ----------------------------------------------------------------------

      Code (inc. data)   RO Data    RW Data    ZI Data      Debug   Library Member Name

         0          0          0          0          0          0   entry.o
         0          0          0          0          0          0   entry10a.o
         0          0          0          0          0          0   entry11a.o
         8          4          0          0          0          0   entry2.o
         4          0          0          0          0          0   entry5.o
         0          0          0          0          0          0   entry7b.o
         0          0          0          0          0          0   entry8b.o
         8          4          0          0          0          0   entry9a.o
        30          0          0          0          0          0   handlers.o
        36          8          0          0          0         68   init.o
        30          0          0          0          0         68   llshl.o
        32          0          0          0          0         68   llushr.o
        36          0          0          0          0        108   memseta.o
       736         56          0          0          0        184   printf5.o
         0          0          0          4          0          0   stdout.o
        98          0          0          0          0         92   uldiv.o

    ----------------------------------------------------------------------
      1022         72          0          4          0        588   Library Totals
         4          0          0          0          0          0   (incl. Padding)

    ----------------------------------------------------------------------

      Code (inc. data)   RO Data    RW Data    ZI Data      Debug   Library Name

      1018         72          0          4          0        588   mc_w.l

    ----------------------------------------------------------------------
      1022         72          0          4          0        588   Library Totals

    ----------------------------------------------------------------------

==============================================================================


      Code (inc. data)   RO Data    RW Data    ZI Data      Debug   

     11336        976        360         28      42268     594720   Grand Totals
     11336        976        360         28      42268     594720   ELF Image Totals
     11336        976        360         28          0          0   ROM Totals

==============================================================================

    Total RO  Size (Code + RO Data)                11696 (  11.42kB)
    Total RW  Size (RW Data + ZI Data)             42296 (  41.30kB)
    Total ROM Size (Code + RO Data + RW Data)      11724 (  11.45kB)

==============================================================================

